Archive member included to satisfy reference by file (symbol)

app/libapp.a(main.c.obj)      (--whole-archive)
zephyr/libzephyr.a(heap.c.obj)
                              (--whole-archive)
zephyr/libzephyr.a(cbprintf_packaged.c.obj)
                              (--whole-archive)
zephyr/libzephyr.a(printk.c.obj)
                              (--whole-archive)
zephyr/libzephyr.a(sem.c.obj)
                              (--whole-archive)
zephyr/libzephyr.a(thread_entry.c.obj)
                              (--whole-archive)
zephyr/libzephyr.a(cbprintf_complete.c.obj)
                              (--whole-archive)
zephyr/libzephyr.a(assert.c.obj)
                              (--whole-archive)
zephyr/libzephyr.a(mpsc_pbuf.c.obj)
                              (--whole-archive)
zephyr/libzephyr.a(dec.c.obj)
                              (--whole-archive)
zephyr/libzephyr.a(hex.c.obj)
                              (--whole-archive)
zephyr/libzephyr.a(rb.c.obj)  (--whole-archive)
zephyr/libzephyr.a(timeutil.c.obj)
                              (--whole-archive)
zephyr/libzephyr.a(bitarray.c.obj)
                              (--whole-archive)
zephyr/libzephyr.a(onoff.c.obj)
                              (--whole-archive)
zephyr/libzephyr.a(notify.c.obj)
                              (--whole-archive)
zephyr/libzephyr.a(ring_buffer.c.obj)
                              (--whole-archive)
zephyr/libzephyr.a(configs.c.obj)
                              (--whole-archive)
zephyr/libzephyr.a(log_core.c.obj)
                              (--whole-archive)
zephyr/libzephyr.a(log_mgmt.c.obj)
                              (--whole-archive)
zephyr/libzephyr.a(log_cache.c.obj)
                              (--whole-archive)
zephyr/libzephyr.a(log_msg.c.obj)
                              (--whole-archive)
zephyr/libzephyr.a(log_output.c.obj)
                              (--whole-archive)
zephyr/libzephyr.a(log_backend_uart.c.obj)
                              (--whole-archive)
zephyr/libzephyr.a(mem_attr.c.obj)
                              (--whole-archive)
zephyr/libzephyr.a(tracing_none.c.obj)
                              (--whole-archive)
zephyr/libzephyr.a(usb_device.c.obj)
                              (--whole-archive)
zephyr/libzephyr.a(usb_descriptor.c.obj)
                              (--whole-archive)
zephyr/libzephyr.a(usb_transfer.c.obj)
                              (--whole-archive)
zephyr/libzephyr.a(cdc_acm.c.obj)
                              (--whole-archive)
zephyr/libzephyr.a(usb_work_q.c.obj)
                              (--whole-archive)
zephyr/libzephyr.a(banner.c.obj)
                              (--whole-archive)
zephyr/libzephyr.a(nrf_cc3xx_platform_abort_zephyr.c.obj)
                              (--whole-archive)
zephyr/libzephyr.a(nrf_cc3xx_platform_mutex_zephyr.c.obj)
                              (--whole-archive)
zephyr/arch/common/libarch__common.a(sw_isr_common.c.obj)
                              (--whole-archive)
zephyr/arch/arch/arm/core/libarch__arm__core.a(fatal.c.obj)
                              (--whole-archive)
zephyr/arch/arch/arm/core/libarch__arm__core.a(nmi.c.obj)
                              (--whole-archive)
zephyr/arch/arch/arm/core/libarch__arm__core.a(nmi_on_reset.S.obj)
                              (--whole-archive)
zephyr/arch/arch/arm/core/libarch__arm__core.a(tls.c.obj)
                              (--whole-archive)
zephyr/arch/arch/arm/core/cortex_m/libarch__arm__core__cortex_m.a(exc_exit.c.obj)
                              (--whole-archive)
zephyr/arch/arch/arm/core/cortex_m/libarch__arm__core__cortex_m.a(fault.c.obj)
                              (--whole-archive)
zephyr/arch/arch/arm/core/cortex_m/libarch__arm__core__cortex_m.a(fault_s.S.obj)
                              (--whole-archive)
zephyr/arch/arch/arm/core/cortex_m/libarch__arm__core__cortex_m.a(fpu.c.obj)
                              (--whole-archive)
zephyr/arch/arch/arm/core/cortex_m/libarch__arm__core__cortex_m.a(reset.S.obj)
                              (--whole-archive)
zephyr/arch/arch/arm/core/cortex_m/libarch__arm__core__cortex_m.a(scb.c.obj)
                              (--whole-archive)
zephyr/arch/arch/arm/core/cortex_m/libarch__arm__core__cortex_m.a(thread_abort.c.obj)
                              (--whole-archive)
zephyr/arch/arch/arm/core/cortex_m/libarch__arm__core__cortex_m.a(vector_table.S.obj)
                              (--whole-archive)
zephyr/arch/arch/arm/core/cortex_m/libarch__arm__core__cortex_m.a(swap.c.obj)
                              (--whole-archive)
zephyr/arch/arch/arm/core/cortex_m/libarch__arm__core__cortex_m.a(swap_helper.S.obj)
                              (--whole-archive)
zephyr/arch/arch/arm/core/cortex_m/libarch__arm__core__cortex_m.a(irq_manage.c.obj)
                              (--whole-archive)
zephyr/arch/arch/arm/core/cortex_m/libarch__arm__core__cortex_m.a(prep_c.c.obj)
                              (--whole-archive)
[...]
Memory Configuration

Name             Origin             Length             Attributes
FLASH            0x0000000000027000 0x00000000000c5000 xr
RAM              0x0000000020000000 0x0000000000040000 xw
IDT_LIST         0x00000000ffff7fff 0x0000000000008000 xw
*default*        0x0000000000000000 0xffffffffffffffff

Linker script and memory map

                0x0000000000031af8                vfprintf = __l_vfprintf
                0x0000000000000000                vfscanf = __l_vfscanf
LOAD zephyr/CMakeFiles/zephyr_pre0.dir/misc/empty_file.c.obj
LOAD zephyr/CMakeFiles/offsets.dir/./arch/arm/core/offsets/offsets.c.obj
LOAD app/libapp.a
LOAD zephyr/libzephyr.a
LOAD zephyr/arch/common/libarch__common.a
LOAD zephyr/arch/arch/arm/core/libarch__arm__core.a
LOAD zephyr/arch/arch/arm/core/cortex_m/libarch__arm__core__cortex_m.a
LOAD zephyr/arch/arch/arm/core/mpu/libarch__arm__core__mpu.a
LOAD zephyr/lib/libc/picolibc/liblib__libc__picolibc.a
LOAD zephyr/lib/libc/common/liblib__libc__common.a
LOAD zephyr/soc/soc/nrf52840/libsoc__nordic.a
LOAD zephyr/subsys/modem/libsubsys__modem.a
LOAD zephyr/subsys/modem/backends/libsubsys__modem__backends.a
LOAD zephyr/drivers/usb/device/libdrivers__usb__device.a
LOAD zephyr/drivers/usb/common/nrf_usbd_common/libdrivers__usb__common__nrf_usbd_common.a
LOAD zephyr/drivers/clock_control/libdrivers__clock_control.a
LOAD zephyr/drivers/console/libdrivers__console.a
LOAD zephyr/drivers/gnss/libdrivers__gnss.a
LOAD zephyr/drivers/gpio/libdrivers__gpio.a
LOAD zephyr/drivers/hwinfo/libdrivers__hwinfo.a
LOAD zephyr/drivers/pinctrl/libdrivers__pinctrl.a
LOAD zephyr/drivers/regulator/libdrivers__regulator.a
LOAD zephyr/drivers/serial/libdrivers__serial.a
LOAD zephyr/drivers/timer/libdrivers__timer.a
LOAD modules/nrf/drivers/hw_cc3xx/lib..__nrf__drivers__hw_cc3xx.a
LOAD modules/hal_nordic/nrfx/libmodules__hal_nordic__nrfx.a
LOAD zephyr/kernel/libkernel.a
LOAD c:/ncs/toolchains/ce3b5ff664/opt/zephyr-sdk/arm-zephyr-eabi/bin/../lib/gcc/arm-zephyr-eabi/12.2.0/thumb/v7e-m/nofp\libgcc.a
LOAD zephyr/arch/common/libisr_tables.a
LOAD C:/ncs/v2.7.0/nrfxlib/crypto/nrf_cc310_platform/lib/cortex-m4/soft-float/no-interrupts/libnrf_cc310_platform_0.9.19.a
LOAD c:\ncs\toolchains\ce3b5ff664\opt\zephyr-sdk\arm-zephyr-eabi\bin\../lib/gcc/../../picolibc/arm-zephyr-eabi/lib/thumb/v7e-m/nofp\libc.a
LOAD c:/ncs/toolchains/ce3b5ff664/opt/zephyr-sdk/arm-zephyr-eabi/bin/../lib/gcc/arm-zephyr-eabi/12.2.0/thumb/v7e-m/nofp\libgcc.a
                0x0000000000000020                _region_min_align = 0x20

.rel.plt        0x0000000000027000        0x0
 *(SORT_BY_ALIGNMENT(.rel.plt))
                [!provide]                        PROVIDE (__rel_iplt_start = .)
 *(SORT_BY_ALIGNMENT(.rel.iplt))
 .rel.iplt      0x0000000000027000        0x0 app/libapp.a(main.c.obj)
                [!provide]                        PROVIDE (__rel_iplt_end = .)

.rela.plt       0x0000000000000000        0x0
 *(SORT_BY_ALIGNMENT(.rela.plt))
                [!provide]                        PROVIDE (__rela_iplt_start = .)
 *(SORT_BY_ALIGNMENT(.rela.iplt))
                [!provide]                        PROVIDE (__rela_iplt_end = .)

.rel.dyn
 *(SORT_BY_ALIGNMENT(.rel.*))

.rela.dyn
 *(SORT_BY_ALIGNMENT(.rela.*))

/DISCARD/
 *(SORT_BY_ALIGNMENT(.plt))

/DISCARD/
 *(SORT_BY_ALIGNMENT(.iplt))
                0x0000000000027000                __rom_region_start = 0x27000

rom_start       0x0000000000027000      0x100
                0x0000000000027000                __rom_start_address = .
 FILL mask 0x00
                0x0000000000027000                . = (. + (0x0 - (. - __rom_start_address)))
                0x0000000000027000                . = ALIGN (0x4)
                0x0000000000027000                . = ALIGN (0x80)
                0x0000000000027000                . = ALIGN (0x100)
                0x0000000000027000                _vector_start = .
 *(SORT_BY_ALIGNMENT(.exc_vector_table))
 *(SORT_BY_ALIGNMENT(.exc_vector_table.*))
 .exc_vector_table._vector_table_section
                0x0000000000027000       0x40 zephyr/arch/arch/arm/core/cortex_m/libarch__arm__core__cortex_m.a(vector_table.S.obj)
                0x0000000000027000                _vector_table
 *(SORT_BY_ALIGNMENT(.vectors))
                0x0000000000027100                _vector_end = .
                0x0000000000027040                . = ALIGN (0x4)
 *(SORT_BY_ALIGNMENT(.gnu.linkonce.irq_vector_table*))
 .gnu.linkonce.irq_vector_table
                0x0000000000027040       0xc0 zephyr/arch/common/libisr_tables.a(isr_tables.c.obj)
                0x0000000000027040                _irq_vector_table
                0x0000000000027100                _vector_end = .

text            0x0000000000027100     0xe45c
                0x0000000000027100                __text_region_start = .
 *(SORT_BY_ALIGNMENT(.text))
 .text          0x0000000000027100       0xa0 c:/ncs/toolchains/ce3b5ff664/opt/zephyr-sdk/arm-zephyr-eabi/bin/../lib/gcc/arm-zephyr-eabi/12.2.0/thumb/v7e-m/nofp\libgcc.a(_aeabi_ldivmod.o)
                0x0000000000027100                __aeabi_ldivmod
 .text          0x00000000000271a0       0x30 c:/ncs/toolchains/ce3b5ff664/opt/zephyr-sdk/arm-zephyr-eabi/bin/../lib/gcc/arm-zephyr-eabi/12.2.0/thumb/v7e-m/nofp\libgcc.a(_aeabi_uldivmod.o)
                0x00000000000271a0                __aeabi_uldivmod
 .text          0x00000000000271d0        0x4 c:/ncs/toolchains/ce3b5ff664/opt/zephyr-sdk/arm-zephyr-eabi/bin/../lib/gcc/arm-zephyr-eabi/12.2.0/thumb/v7e-m/nofp\libgcc.a(_dvmd_tls.o)
                0x00000000000271d0                __aeabi_idiv0
                0x00000000000271d0                __aeabi_ldiv0
 .text          0x00000000000271d4      0x2a0 c:/ncs/toolchains/ce3b5ff664/opt/zephyr-sdk/arm-zephyr-eabi/bin/../lib/gcc/arm-zephyr-eabi/12.2.0/thumb/v7e-m/nofp\libgcc.a(_udivmoddi4.o)
                0x00000000000271d4                __udivmoddi4
 .text          0x0000000000027474       0x10 c:\ncs\toolchains\ce3b5ff664\opt\zephyr-sdk\arm-zephyr-eabi\bin\../lib/gcc/../../picolibc/arm-zephyr-eabi/lib/thumb/v7e-m/nofp\libc.a(strlen.S.o)
                0x0000000000027474                strlen
 *(SORT_BY_ALIGNMENT(.text.*))
 *fill*         0x0000000000027484        0x4 
 .text.gnss_dump_nav_data
                0x0000000000027488       0xfc zephyr/drivers/gnss/libdrivers__gnss.a(gnss_dump.c.obj)
                0x0000000000027488                gnss_dump_nav_data
 .text.gnss_data_cb.part.0
                0x0000000000027584       0x14 app/libapp.a(main.c.obj)
 .text.gnss_data_cb
                0x0000000000027598       0x1c app/libapp.a(main.c.obj)
 .text.main     0x00000000000275b4       0x24 app/libapp.a(main.c.obj)
                0x00000000000275b4                main
 .text.cbvprintf_package
                0x00000000000275d8      0x3a4 zephyr/libzephyr.a(cbprintf_packaged.c.obj)
                0x00000000000275d8                cbvprintf_package
 .text.cbprintf_package_convert
                0x000000000002797c      0x3c0 zephyr/libzephyr.a(cbprintf_packaged.c.obj)
                0x000000000002797c                cbprintf_package_convert
 .text.__printk_hook_install
                0x0000000000027d3c        0xc zephyr/libzephyr.a(printk.c.obj)
                0x0000000000027d3c                __printk_hook_install
 .text.z_thread_entry
                0x0000000000027d48       0x34 zephyr/libzephyr.a(thread_entry.c.obj)
                0x0000000000027d48                z_thread_entry
 .text.process_event
                0x0000000000027d7c      0x21c zephyr/libzephyr.a(onoff.c.obj)
 .text.activate_foreach_backend
                0x0000000000027f98       0x64 zephyr/libzephyr.a(log_core.c.obj)
 .text.enable_logger
                0x0000000000027ffc       0x5c zephyr/libzephyr.a(log_core.c.obj)
 .text.log_process_thread_timer_expiry_fn
                0x0000000000028058        0xc zephyr/libzephyr.a(log_core.c.obj)
 .text.z_log_init
                0x0000000000028064       0x90 zephyr/libzephyr.a(log_core.c.obj)
 .text.log_format_func_t_get
                0x00000000000280f4        0xc zephyr/libzephyr.a(log_core.c.obj)
                0x00000000000280f4                log_format_func_t_get
 .text.log_set_timestamp_func
                0x0000000000028100       0x20 zephyr/libzephyr.a(log_core.c.obj)
                0x0000000000028100                log_set_timestamp_func
 .text.z_log_notify_backend_enabled
                0x0000000000028120       0x1c zephyr/libzephyr.a(log_core.c.obj)
                0x0000000000028120                z_log_notify_backend_enabled
 .text.z_log_dropped
                0x000000000002813c       0x30 zephyr/libzephyr.a(log_core.c.obj)
                0x000000000002813c                z_log_dropped
 .text.z_log_dropped_read_and_clear
                0x000000000002816c       0x20 zephyr/libzephyr.a(log_core.c.obj)
                0x000000000002816c                z_log_dropped_read_and_clear
 .text.dropped_notify
                0x000000000002818c       0x30 zephyr/libzephyr.a(log_core.c.obj)
                0x000000000002818c                dropped_notify
 .text.z_log_msg_init
                0x00000000000281bc       0x20 zephyr/libzephyr.a(log_core.c.obj)
                0x00000000000281bc                z_log_msg_init
 .text.log_core_init
                0x00000000000281dc       0x34 zephyr/libzephyr.a(log_core.c.obj)
                0x00000000000281dc                log_core_init
 .text.z_log_msg_alloc
                0x0000000000028210       0x10 zephyr/libzephyr.a(log_core.c.obj)
                0x0000000000028210                z_log_msg_alloc
 .text.z_log_msg_local_claim
                0x0000000000028220        0xc zephyr/libzephyr.a(log_core.c.obj)
                0x0000000000028220                z_log_msg_local_claim
 .text.z_log_msg_free
                0x000000000002822c       0x10 zephyr/libzephyr.a(log_core.c.obj)
                0x000000000002822c                z_log_msg_free
 .text.z_log_msg_pending
                0x000000000002823c        0xc zephyr/libzephyr.a(log_core.c.obj)
                0x000000000002823c                z_log_msg_pending
 .text.z_impl_log_process
                0x0000000000028248       0xbc zephyr/libzephyr.a(log_core.c.obj)
                0x0000000000028248                z_impl_log_process
 .text.z_impl_log_panic
                0x0000000000028304       0x44 zephyr/libzephyr.a(log_core.c.obj)
                0x0000000000028304                z_impl_log_panic
 .text.log_process_thread_func
                0x0000000000028348       0xa4 zephyr/libzephyr.a(log_core.c.obj)
 .text.z_log_msg_post_finalize
                0x00000000000283ec       0x78 zephyr/libzephyr.a(log_core.c.obj)
 .text.z_log_msg_commit
                0x0000000000028464       0x24 zephyr/libzephyr.a(log_core.c.obj)
                0x0000000000028464                z_log_msg_commit
 .text.log_source_name_get
                0x0000000000028488       0x1c zephyr/libzephyr.a(log_mgmt.c.obj)
                0x0000000000028488                log_source_name_get
 .text.log_backend_enable
                0x00000000000284a4       0x28 zephyr/libzephyr.a(log_mgmt.c.obj)
                0x00000000000284a4                log_backend_enable
 .text.z_impl_z_log_msg_static_create
                0x00000000000284cc      0x108 zephyr/libzephyr.a(log_msg.c.obj)
                0x00000000000284cc                z_impl_z_log_msg_static_create
 .text.z_log_msg_runtime_vcreate
                0x00000000000285d4       0x8c zephyr/libzephyr.a(log_msg.c.obj)
                0x00000000000285d4                z_log_msg_runtime_vcreate
 .text.log_msg_get_source_id
                0x0000000000028660       0x18 zephyr/libzephyr.a(log_msg.c.obj)
                0x0000000000028660                log_msg_get_source_id
 .text.print_formatted
                0x0000000000028678       0x24 zephyr/libzephyr.a(log_output.c.obj)
 .text.newline_print
                0x000000000002869c       0x1c zephyr/libzephyr.a(log_output.c.obj)
 .text.log_output_process
                0x00000000000286b8      0x2d4 zephyr/libzephyr.a(log_output.c.obj)
                0x00000000000286b8                log_output_process
 .text.log_output_dropped_process
                0x000000000002898c       0x58 zephyr/libzephyr.a(log_output.c.obj)
                0x000000000002898c                log_output_dropped_process
 .text.log_output_timestamp_freq_set
                0x00000000000289e4       0x2c zephyr/libzephyr.a(log_output.c.obj)
                0x00000000000289e4                log_output_timestamp_freq_set
 .text.char_out
                0x0000000000028a10       0x24 zephyr/libzephyr.a(log_backend_uart.c.obj)
 .text.mem_attr_get_regions
                0x0000000000028a34        0xc zephyr/libzephyr.a(mem_attr.c.obj)
                0x0000000000028a34                mem_attr_get_regions
 .text.class_handler
                0x0000000000028a40       0x40 zephyr/libzephyr.a(usb_device.c.obj)
 .text.custom_handler
                0x0000000000028a80       0x60 zephyr/libzephyr.a(usb_device.c.obj)
 .text.vendor_handler
                0x0000000000028ae0       0x3c zephyr/libzephyr.a(usb_device.c.obj)
 .text.usb_reset_alt_setting
                0x0000000000028b1c       0x10 zephyr/libzephyr.a(usb_device.c.obj)
 .text.is_ep_valid.part.0
                0x0000000000028b2c       0x38 zephyr/libzephyr.a(usb_device.c.obj)
 .text.get_ep_bm_from_addr.part.0
                0x0000000000028b64       0x1c zephyr/libzephyr.a(usb_device.c.obj)
 .text.disable_endpoint
                0x0000000000028b80       0x58 zephyr/libzephyr.a(usb_device.c.obj)
 .text.usb_handle_request.constprop.0
                0x0000000000028bd8       0x2c zephyr/libzephyr.a(usb_device.c.obj)
 .text.forward_status_cb
                0x0000000000028c04       0xb0 zephyr/libzephyr.a(usb_device.c.obj)
 .text.usb_halt_endpoint_req.isra.0
                0x0000000000028cb4       0x78 zephyr/libzephyr.a(usb_device.c.obj)
 .text.set_endpoint
                0x0000000000028d2c       0xcc zephyr/libzephyr.a(usb_device.c.obj)
 .text.usb_handle_standard_request
                0x0000000000028df8      0x2ec zephyr/libzephyr.a(usb_device.c.obj)
 .text.usb_write
                0x00000000000290e4       0x4c zephyr/libzephyr.a(usb_device.c.obj)
                0x00000000000290e4                usb_write
 .text.usb_data_to_host
                0x0000000000029130       0x60 zephyr/libzephyr.a(usb_device.c.obj)
 .text.usb_handle_control_transfer
                0x0000000000029190       0xf4 zephyr/libzephyr.a(usb_device.c.obj)
 .text.usb_set_config
                0x0000000000029284       0x2c zephyr/libzephyr.a(usb_device.c.obj)
                0x0000000000029284                usb_set_config
 .text.usb_enable
                0x00000000000292b0      0x160 zephyr/libzephyr.a(usb_device.c.obj)
                0x00000000000292b0                usb_enable
 .text.usb_update_sn_string_descriptor
                0x0000000000029410       0x88 zephyr/libzephyr.a(usb_descriptor.c.obj)
                0x0000000000029410                usb_update_sn_string_descriptor
 .text.usb_get_device_descriptor
                0x0000000000029498      0x258 zephyr/libzephyr.a(usb_descriptor.c.obj)
                0x0000000000029498                usb_get_device_descriptor
 .text.usb_ep_get_transfer
                0x00000000000296f0       0x2c zephyr/libzephyr.a(usb_transfer.c.obj)
 .text.usb_transfer_work
                0x000000000002971c      0x118 zephyr/libzephyr.a(usb_transfer.c.obj)
 .text.usb_transfer_ep_callback
                0x0000000000029834       0x6c zephyr/libzephyr.a(usb_transfer.c.obj)
                0x0000000000029834                usb_transfer_ep_callback
 .text.usb_transfer
                0x00000000000298a0      0x118 zephyr/libzephyr.a(usb_transfer.c.obj)
                0x00000000000298a0                usb_transfer
 .text.usb_cancel_transfer
                0x00000000000299b8       0x3c zephyr/libzephyr.a(usb_transfer.c.obj)
                0x00000000000299b8                usb_cancel_transfer
 .text.usb_cancel_transfers
                0x00000000000299f4       0x44 zephyr/libzephyr.a(usb_transfer.c.obj)
                0x00000000000299f4                usb_cancel_transfers
 .text.usb_transfer_init
                0x0000000000029a38       0x34 zephyr/libzephyr.a(usb_transfer.c.obj)
                0x0000000000029a38                usb_transfer_init
 .text.cdc_acm_class_handle_req
                0x0000000000029a6c       0x64 zephyr/libzephyr.a(cdc_acm.c.obj)
                0x0000000000029a6c                cdc_acm_class_handle_req
 .text.cdc_acm_int_in
                0x0000000000029ad0       0x18 zephyr/libzephyr.a(cdc_acm.c.obj)
 .text.cdc_acm_irq_rx_enable
                0x0000000000029ae8       0x20 zephyr/libzephyr.a(cdc_acm.c.obj)
 .text.cdc_acm_irq_tx_enable
                0x0000000000029b08       0x20 zephyr/libzephyr.a(cdc_acm.c.obj)
 .text.cdc_acm_write_cb
                0x0000000000029b28       0x54 zephyr/libzephyr.a(cdc_acm.c.obj)
 .text.cdc_acm_fifo_fill
                0x0000000000029b7c       0x38 zephyr/libzephyr.a(cdc_acm.c.obj)
 .text.cdc_acm_reset_port
                0x0000000000029bb4       0x3c zephyr/libzephyr.a(cdc_acm.c.obj)
 .text.tx_work_handler
                0x0000000000029bf0       0x64 zephyr/libzephyr.a(cdc_acm.c.obj)
 .text.cdc_acm_init
                0x0000000000029c54       0x48 zephyr/libzephyr.a(cdc_acm.c.obj)
 .text.cdc_acm_poll_out
                0x0000000000029c9c       0x4c zephyr/libzephyr.a(cdc_acm.c.obj)
 .text.cdc_acm_read_cb
                0x0000000000029ce8       0x74 zephyr/libzephyr.a(cdc_acm.c.obj)
 .text.cdc_acm_dev_status_cb
                0x0000000000029d5c       0x84 zephyr/libzephyr.a(cdc_acm.c.obj)
 .text.z_usb_work_q_init
                0x0000000000029de0       0x34 zephyr/libzephyr.a(usb_work_q.c.obj)
 .text.boot_banner
                0x0000000000029e14       0x1c zephyr/libzephyr.a(banner.c.obj)
                0x0000000000029e14                boot_banner
 .text.nrf_cc3xx_platform_abort_init
                0x0000000000029e30        0xc zephyr/libzephyr.a(nrf_cc3xx_platform_abort_zephyr.c.obj)
                0x0000000000029e30                nrf_cc3xx_platform_abort_init
 .text.mutex_free_platform
                0x0000000000029e3c       0x54 zephyr/libzephyr.a(nrf_cc3xx_platform_mutex_zephyr.c.obj)
 .text.mutex_lock_platform
                0x0000000000029e90       0x60 zephyr/libzephyr.a(nrf_cc3xx_platform_mutex_zephyr.c.obj)
 .text.mutex_unlock_platform
                0x0000000000029ef0       0x58 zephyr/libzephyr.a(nrf_cc3xx_platform_mutex_zephyr.c.obj)
 .text.mutex_init_platform
                0x0000000000029f48       0x94 zephyr/libzephyr.a(nrf_cc3xx_platform_mutex_zephyr.c.obj)
 .text.nrf_cc3xx_platform_mutex_init
                0x0000000000029fdc       0x2c zephyr/libzephyr.a(nrf_cc3xx_platform_mutex_zephyr.c.obj)
                0x0000000000029fdc                nrf_cc3xx_platform_mutex_init
 .text.z_arm_fatal_error
                0x000000000002a008       0xb8 zephyr/arch/arch/arm/core/libarch__arm__core.a(fatal.c.obj)
                0x000000000002a008                z_arm_fatal_error
 .text.z_SysNmiOnReset
                0x000000000002a0c0        0x8 zephyr/arch/arch/arm/core/libarch__arm__core.a(nmi_on_reset.S.obj)
                0x000000000002a0c0                z_SysNmiOnReset
 .text.arch_tls_stack_setup
                0x000000000002a0c8       0x40 zephyr/arch/arch/arm/core/libarch__arm__core.a(tls.c.obj)
                0x000000000002a0c8                arch_tls_stack_setup
 .text._HandlerModeExit
                0x000000000002a108       0x28 zephyr/arch/arch/arm/core/cortex_m/libarch__arm__core__cortex_m.a(exc_exit.c.obj)
                0x000000000002a108                z_arm_int_exit
                0x000000000002a108                z_arm_exc_exit
 .text.bus_fault.constprop.0
                0x000000000002a130       0xd0 zephyr/arch/arch/arm/core/cortex_m/libarch__arm__core__cortex_m.a(fault.c.obj)
 .text.usage_fault.constprop.0
                0x000000000002a200       0xa8 zephyr/arch/arch/arm/core/cortex_m/libarch__arm__core__cortex_m.a(fault.c.obj)
 .text.mem_manage_fault
                0x000000000002a2a8      0x104 zephyr/arch/arch/arm/core/cortex_m/libarch__arm__core__cortex_m.a(fault.c.obj)
 .text.z_arm_fault
                0x000000000002a3ac      0x1d4 zephyr/arch/arch/arm/core/cortex_m/libarch__arm__core__cortex_m.a(fault.c.obj)
                0x000000000002a3ac                z_arm_fault
 .text.z_arm_fault_init
                0x000000000002a580       0x10 zephyr/arch/arch/arm/core/cortex_m/libarch__arm__core__cortex_m.a(fault.c.obj)
                0x000000000002a580                z_arm_fault_init
 .text.__fault  0x000000000002a590       0x14 zephyr/arch/arch/arm/core/cortex_m/libarch__arm__core__cortex_m.a(fault_s.S.obj)
                0x000000000002a590                z_arm_usage_fault
                0x000000000002a590                z_arm_mpu_fault
                0x000000000002a590                z_arm_exc_spurious
                0x000000000002a590                z_arm_debug_monitor
                0x000000000002a590                z_arm_hard_fault
                0x000000000002a590                z_arm_bus_fault
 .text._reset_section
                0x000000000002a5a4       0x54 zephyr/arch/arch/arm/core/cortex_m/libarch__arm__core__cortex_m.a(reset.S.obj)
                0x000000000002a5a4                __start
                0x000000000002a5a4                z_arm_reset
 .text.z_arm_clear_arm_mpu_config
                0x000000000002a5f8       0x24 zephyr/arch/arch/arm/core/cortex_m/libarch__arm__core__cortex_m.a(scb.c.obj)
                0x000000000002a5f8                z_arm_clear_arm_mpu_config
 .text.z_arm_init_arch_hw_at_boot
                0x000000000002a61c       0x64 zephyr/arch/arch/arm/core/cortex_m/libarch__arm__core__cortex_m.a(scb.c.obj)
                0x000000000002a61c                z_arm_init_arch_hw_at_boot
 .text.z_impl_k_thread_abort
                0x000000000002a680       0x2c zephyr/arch/arch/arm/core/cortex_m/libarch__arm__core__cortex_m.a(thread_abort.c.obj)
                0x000000000002a680                z_impl_k_thread_abort
 .text.arch_swap
                0x000000000002a6ac       0x30 zephyr/arch/arch/arm/core/cortex_m/libarch__arm__core__cortex_m.a(swap.c.obj)
                0x000000000002a6ac                arch_swap
 .text.z_arm_pendsv_c
                0x000000000002a6dc       0x48 zephyr/arch/arch/arm/core/cortex_m/libarch__arm__core__cortex_m.a(swap.c.obj)
                0x000000000002a6dc                z_arm_pendsv_c
 .text.z_arm_pendsv
                0x000000000002a724       0x34 zephyr/arch/arch/arm/core/cortex_m/libarch__arm__core__cortex_m.a(swap_helper.S.obj)
                0x000000000002a724                z_arm_pendsv
 .text.z_arm_svc
                0x000000000002a758       0x20 zephyr/arch/arch/arm/core/cortex_m/libarch__arm__core__cortex_m.a(swap_helper.S.obj)
                0x000000000002a758                z_arm_svc
 .text.arch_irq_enable
                0x000000000002a778       0x1c zephyr/arch/arch/arm/core/cortex_m/libarch__arm__core__cortex_m.a(irq_manage.c.obj)
                0x000000000002a778                arch_irq_enable
 .text.arch_irq_disable
                0x000000000002a794       0x28 zephyr/arch/arch/arm/core/cortex_m/libarch__arm__core__cortex_m.a(irq_manage.c.obj)
                0x000000000002a794                arch_irq_disable
 .text.arch_irq_is_enabled
                0x000000000002a7bc       0x1c zephyr/arch/arch/arm/core/cortex_m/libarch__arm__core__cortex_m.a(irq_manage.c.obj)
                0x000000000002a7bc                arch_irq_is_enabled
 .text.z_arm_irq_priority_set
                0x000000000002a7d8       0x30 zephyr/arch/arch/arm/core/cortex_m/libarch__arm__core__cortex_m.a(irq_manage.c.obj)
                0x000000000002a7d8                z_arm_irq_priority_set
 .text.z_prep_c
                0x000000000002a808       0x38 zephyr/arch/arch/arm/core/cortex_m/libarch__arm__core__cortex_m.a(prep_c.c.obj)
                0x000000000002a808                z_prep_c
 .text.arch_new_thread
                0x000000000002a840       0x38 zephyr/arch/arch/arm/core/cortex_m/libarch__arm__core__cortex_m.a(thread.c.obj)
                0x000000000002a840                arch_new_thread
 .text.z_check_thread_stack_fail
                0x000000000002a878       0x2c zephyr/arch/arch/arm/core/cortex_m/libarch__arm__core__cortex_m.a(thread.c.obj)
                0x000000000002a878                z_check_thread_stack_fail
 .text.arch_switch_to_main_thread
                0x000000000002a8a4       0x44 zephyr/arch/arch/arm/core/cortex_m/libarch__arm__core__cortex_m.a(thread.c.obj)
                0x000000000002a8a4                arch_switch_to_main_thread
 .text.z_arm_cpu_idle_init
                0x000000000002a8e8        0xc zephyr/arch/arch/arm/core/cortex_m/libarch__arm__core__cortex_m.a(cpu_idle.c.obj)
                0x000000000002a8e8                z_arm_cpu_idle_init
 .text.z_arm_interrupt_init
                0x000000000002a8f4       0x18 zephyr/arch/arch/arm/core/cortex_m/libarch__arm__core__cortex_m.a(irq_init.c.obj)
                0x000000000002a8f4                z_arm_interrupt_init
 .text._isr_wrapper
                0x000000000002a90c       0x24 zephyr/arch/arch/arm/core/cortex_m/libarch__arm__core__cortex_m.a(isr_wrapper.c.obj)
                0x000000000002a90c                _isr_wrapper
 .text.z_arm_configure_static_mpu_regions
                0x000000000002a930       0x18 zephyr/arch/arch/arm/core/mpu/libarch__arm__core__mpu.a(arm_core_mpu.c.obj)
                0x000000000002a930                z_arm_configure_static_mpu_regions
 .text.z_arm_configure_dynamic_mpu_regions
                0x000000000002a948       0x20 zephyr/arch/arch/arm/core/mpu/libarch__arm__core__mpu.a(arm_core_mpu.c.obj)
                0x000000000002a948                z_arm_configure_dynamic_mpu_regions
 .text.region_allocate_and_init
                0x000000000002a968       0x54 zephyr/arch/arch/arm/core/mpu/libarch__arm__core__mpu.a(arm_mpu.c.obj)
 .text.mpu_configure_regions
                0x000000000002a9bc       0x68 zephyr/arch/arch/arm/core/mpu/libarch__arm__core__mpu.a(arm_mpu.c.obj)
 .text.arm_core_mpu_enable
                0x000000000002aa24       0x18 zephyr/arch/arch/arm/core/mpu/libarch__arm__core__mpu.a(arm_mpu.c.obj)
                0x000000000002aa24                arm_core_mpu_enable
 .text.arm_core_mpu_disable
                0x000000000002aa3c       0x14 zephyr/arch/arch/arm/core/mpu/libarch__arm__core__mpu.a(arm_mpu.c.obj)
                0x000000000002aa3c                arm_core_mpu_disable
 .text.arm_core_mpu_configure_static_mpu_regions
                0x000000000002aa50       0x14 zephyr/arch/arch/arm/core/mpu/libarch__arm__core__mpu.a(arm_mpu.c.obj)
                0x000000000002aa50                arm_core_mpu_configure_static_mpu_regions
 .text.arm_core_mpu_configure_dynamic_mpu_regions
                0x000000000002aa64       0x38 zephyr/arch/arch/arm/core/mpu/libarch__arm__core__mpu.a(arm_mpu.c.obj)
                0x000000000002aa64                arm_core_mpu_configure_dynamic_mpu_regions
 .text.z_arm_mpu_init
                0x000000000002aa9c      0x17c zephyr/arch/arch/arm/core/mpu/libarch__arm__core__mpu.a(arm_mpu.c.obj)
                0x000000000002aa9c                z_arm_mpu_init
 .text.z_impl_zephyr_fputc
                0x000000000002ac18       0x10 zephyr/lib/libc/picolibc/liblib__libc__picolibc.a(libc-hooks.c.obj)
                0x000000000002ac18                z_impl_zephyr_fputc
 .text.__stdout_hook_install
                0x000000000002ac28       0x18 zephyr/lib/libc/picolibc/liblib__libc__picolibc.a(libc-hooks.c.obj)
                0x000000000002ac28                __stdout_hook_install
 .text.cbvprintf
                0x000000000002ac40       0x38 zephyr/lib/libc/picolibc/liblib__libc__picolibc.a(libc-hooks.c.obj)
                0x000000000002ac40                cbvprintf
 .text.malloc_prepare
                0x000000000002ac78       0x24 zephyr/lib/libc/common/liblib__libc__common.a(malloc.c.obj)
 .text.malloc_lock
                0x000000000002ac9c       0x14 zephyr/lib/libc/common/liblib__libc__common.a(malloc.c.obj)
 .text.malloc_unlock
                0x000000000002acb0        0xc zephyr/lib/libc/common/liblib__libc__common.a(malloc.c.obj)
 .text.malloc   0x000000000002acbc       0x34 zephyr/lib/libc/common/liblib__libc__common.a(malloc.c.obj)
                0x000000000002acbc                malloc
 .text.free     0x000000000002acf0       0x1c zephyr/lib/libc/common/liblib__libc__common.a(malloc.c.obj)
                0x000000000002acf0                free
 .text.nordicsemi_nrf52_init
                0x000000000002ad0c       0x44 zephyr/soc/soc/nrf52840/libsoc__nordic.a(soc.c.obj)
 .text.arch_busy_wait
                0x000000000002ad50       0x14 zephyr/soc/soc/nrf52840/libsoc__nordic.a(soc.c.obj)
                0x000000000002ad50                arch_busy_wait
 .text.modem_chat_send_script_request_part
                0x000000000002ad64       0xa8 zephyr/subsys/modem/libsubsys__modem.a(modem_chat.c.obj)
 .text.modem_chat_script_stop
                0x000000000002ae0c       0xc4 zephyr/subsys/modem/libsubsys__modem.a(modem_chat.c.obj)
 .text.modem_chat_process_handler
                0x000000000002aed0      0x2e8 zephyr/subsys/modem/libsubsys__modem.a(modem_chat.c.obj)
 .text.modem_chat_init
                0x000000000002b1b8       0xc0 zephyr/subsys/modem/libsubsys__modem.a(modem_chat.c.obj)
                0x000000000002b1b8                modem_chat_init
 .text.modem_chat_attach
                0x000000000002b278       0x24 zephyr/subsys/modem/libsubsys__modem.a(modem_chat.c.obj)
                0x000000000002b278                modem_chat_attach
 .text.modem_ubx_send_handler
                0x000000000002b29c       0x34 zephyr/subsys/modem/libsubsys__modem.a(modem_ubx.c.obj)
 .text.modem_ubx_process_handler
                0x000000000002b2d0       0xec zephyr/subsys/modem/libsubsys__modem.a(modem_ubx.c.obj)
 .text.modem_ubx_run_script
                0x000000000002b3bc       0xc8 zephyr/subsys/modem/libsubsys__modem.a(modem_ubx.c.obj)
                0x000000000002b3bc                modem_ubx_run_script
 .text.modem_ubx_attach
                0x000000000002b484       0x40 zephyr/subsys/modem/libsubsys__modem.a(modem_ubx.c.obj)
                0x000000000002b484                modem_ubx_attach
 .text.modem_ubx_init
                0x000000000002b4c4       0x5c zephyr/subsys/modem/libsubsys__modem.a(modem_ubx.c.obj)
                0x000000000002b4c4                modem_ubx_init
 .text.modem_backend_uart_init
                0x000000000002b520       0x4c zephyr/subsys/modem/backends/libsubsys__modem__backends.a(modem_backend_uart.c.obj)
                0x000000000002b520                modem_backend_uart_init
 .text.modem_backend_uart_isr_irq_handler
                0x000000000002b56c      0x158 zephyr/subsys/modem/backends/libsubsys__modem__backends.a(modem_backend_uart_isr.c.obj)
 .text.modem_backend_uart_isr_init
                0x000000000002b6c4       0xac zephyr/subsys/modem/backends/libsubsys__modem__backends.a(modem_backend_uart_isr.c.obj)
                0x000000000002b6c4                modem_backend_uart_isr_init
 .text.modem_backend_uart_async_transmit.part.0
                0x000000000002b770       0x7c zephyr/subsys/modem/backends/libsubsys__modem__backends.a(modem_backend_uart_async.c.obj)
 .text.modem_backend_uart_async_event_handler
                0x000000000002b7ec      0x1bc zephyr/subsys/modem/backends/libsubsys__modem__backends.a(modem_backend_uart_async.c.obj)
 .text.modem_backend_uart_async_is_supported
                0x000000000002b9a8       0x24 zephyr/subsys/modem/backends/libsubsys__modem__backends.a(modem_backend_uart_async.c.obj)
                0x000000000002b9a8                modem_backend_uart_async_is_supported
 .text.modem_backend_uart_async_init
                0x000000000002b9cc       0x64 zephyr/subsys/modem/backends/libsubsys__modem__backends.a(modem_backend_uart_async.c.obj)
                0x000000000002b9cc                modem_backend_uart_async_init
 .text.endpoint_ctx
                0x000000000002ba30       0x60 zephyr/drivers/usb/device/libdrivers__usb__device.a(usb_dc_nrfx.c.obj)
 .text.usbd_work_schedule
                0x000000000002ba90       0x10 zephyr/drivers/usb/device/libdrivers__usb__device.a(usb_dc_nrfx.c.obj)
 .text.usbd_evt_put
                0x000000000002baa0        0xc zephyr/drivers/usb/device/libdrivers__usb__device.a(usb_dc_nrfx.c.obj)
 .text.usbd_evt_get
                0x000000000002baac       0x10 zephyr/drivers/usb/device/libdrivers__usb__device.a(usb_dc_nrfx.c.obj)
 .text.usb_init
                0x000000000002babc       0x70 zephyr/drivers/usb/device/libdrivers__usb__device.a(usb_dc_nrfx.c.obj)
 .text.hfxo_stop.constprop.0.isra.0
                0x000000000002bb2c       0x40 zephyr/drivers/usb/device/libdrivers__usb__device.a(usb_dc_nrfx.c.obj)
 .text.eps_ctx_init
                0x000000000002bb6c       0x68 zephyr/drivers/usb/device/libdrivers__usb__device.a(usb_dc_nrfx.c.obj)
 .text.usbd_evt_flush
                0x000000000002bbd4       0x1c zephyr/drivers/usb/device/libdrivers__usb__device.a(usb_dc_nrfx.c.obj)
 .text.usbd_evt_alloc
                0x000000000002bbf0       0x68 zephyr/drivers/usb/device/libdrivers__usb__device.a(usb_dc_nrfx.c.obj)
 .text.usb_dc_power_event_handler.part.0
                0x000000000002bc58       0x14 zephyr/drivers/usb/device/libdrivers__usb__device.a(usb_dc_nrfx.c.obj)
 .text.usb_dc_power_event_handler
                0x000000000002bc6c       0x3c zephyr/drivers/usb/device/libdrivers__usb__device.a(usb_dc_nrfx.c.obj)
 .text.usbd_work_handler
                0x000000000002bca8      0x348 zephyr/drivers/usb/device/libdrivers__usb__device.a(usb_dc_nrfx.c.obj)
 .text.usbd_event_transfer_data
                0x000000000002bff0       0xc8 zephyr/drivers/usb/device/libdrivers__usb__device.a(usb_dc_nrfx.c.obj)
 .text.usbd_event_handler
                0x000000000002c0b8      0x14c zephyr/drivers/usb/device/libdrivers__usb__device.a(usb_dc_nrfx.c.obj)
 .text.usb_dc_attach
                0x000000000002c204       0x64 zephyr/drivers/usb/device/libdrivers__usb__device.a(usb_dc_nrfx.c.obj)
                0x000000000002c204                usb_dc_attach
 .text.usb_dc_set_address
                0x000000000002c268       0x24 zephyr/drivers/usb/device/libdrivers__usb__device.a(usb_dc_nrfx.c.obj)
                0x000000000002c268                usb_dc_set_address
 .text.usb_dc_ep_check_cap
                0x000000000002c28c       0x58 zephyr/drivers/usb/device/libdrivers__usb__device.a(usb_dc_nrfx.c.obj)
                0x000000000002c28c                usb_dc_ep_check_cap
 .text.usb_dc_ep_configure
                0x000000000002c2e4       0x5c zephyr/drivers/usb/device/libdrivers__usb__device.a(usb_dc_nrfx.c.obj)
                0x000000000002c2e4                usb_dc_ep_configure
 .text.usb_dc_ep_set_stall
                0x000000000002c340       0x64 zephyr/drivers/usb/device/libdrivers__usb__device.a(usb_dc_nrfx.c.obj)
                0x000000000002c340                usb_dc_ep_set_stall
 .text.usb_dc_ep_clear_stall
                0x000000000002c3a4       0x40 zephyr/drivers/usb/device/libdrivers__usb__device.a(usb_dc_nrfx.c.obj)
                0x000000000002c3a4                usb_dc_ep_clear_stall
 .text.usb_dc_ep_is_stalled
                0x000000000002c3e4       0x38 zephyr/drivers/usb/device/libdrivers__usb__device.a(usb_dc_nrfx.c.obj)
                0x000000000002c3e4                usb_dc_ep_is_stalled
 .text.usb_dc_ep_enable
                0x000000000002c41c       0x54 zephyr/drivers/usb/device/libdrivers__usb__device.a(usb_dc_nrfx.c.obj)
                0x000000000002c41c                usb_dc_ep_enable
 .text.usb_dc_ep_write
                0x000000000002c470      0x114 zephyr/drivers/usb/device/libdrivers__usb__device.a(usb_dc_nrfx.c.obj)
                0x000000000002c470                usb_dc_ep_write
 .text.usb_dc_ep_read_wait
                0x000000000002c584       0xac zephyr/drivers/usb/device/libdrivers__usb__device.a(usb_dc_nrfx.c.obj)
                0x000000000002c584                usb_dc_ep_read_wait
 .text.usb_dc_ep_read_continue
                0x000000000002c630       0x9c zephyr/drivers/usb/device/libdrivers__usb__device.a(usb_dc_nrfx.c.obj)
                0x000000000002c630                usb_dc_ep_read_continue
 .text.usb_dc_ep_set_callback
                0x000000000002c6cc       0x28 zephyr/drivers/usb/device/libdrivers__usb__device.a(usb_dc_nrfx.c.obj)
                0x000000000002c6cc                usb_dc_ep_set_callback
 .text.usb_dc_set_status_callback
                0x000000000002c6f4        0xc zephyr/drivers/usb/device/libdrivers__usb__device.a(usb_dc_nrfx.c.obj)
                0x000000000002c6f4                usb_dc_set_status_callback
 .text.usb_dc_ep_mps
                0x000000000002c700       0x24 zephyr/drivers/usb/device/libdrivers__usb__device.a(usb_dc_nrfx.c.obj)
                0x000000000002c700                usb_dc_ep_mps
 .text.nrf52_errata_187
                0x000000000002c724       0x28 zephyr/drivers/usb/common/nrf_usbd_common/libdrivers__usb__common__nrf_usbd_common.a(nrf_usbd_common.c.obj)
 .text.ep_state_access
                0x000000000002c74c       0x20 zephyr/drivers/usb/common/nrf_usbd_common/libdrivers__usb__common__nrf_usbd_common.a(nrf_usbd_common.c.obj)
 .text.usbd_errata_187_211_begin
                0x000000000002c76c       0x3c zephyr/drivers/usb/common/nrf_usbd_common/libdrivers__usb__common__nrf_usbd_common.a(nrf_usbd_common.c.obj)
 .text.usbd_errata_187_211_end
                0x000000000002c7a8       0x3c zephyr/drivers/usb/common/nrf_usbd_common/libdrivers__usb__common__nrf_usbd_common.a(nrf_usbd_common.c.obj)
 .text.usbd_dma_pending_clear
                0x000000000002c7e4       0x1c zephyr/drivers/usb/common/nrf_usbd_common/libdrivers__usb__common__nrf_usbd_common.a(nrf_usbd_common.c.obj)
 .text.nrf_usbd_common_uninit
                0x000000000002c800       0x14 zephyr/drivers/usb/common/nrf_usbd_common/libdrivers__usb__common__nrf_usbd_common.a(nrf_usbd_common.c.obj)
                0x000000000002c800                nrf_usbd_common_uninit
 .text.nrf_usbd_common_enable
                0x000000000002c814      0x148 zephyr/drivers/usb/common/nrf_usbd_common/libdrivers__usb__common__nrf_usbd_common.a(nrf_usbd_common.c.obj)
                0x000000000002c814                nrf_usbd_common_enable
 .text.nrf_usbd_common_start
                0x000000000002c95c       0x38 zephyr/drivers/usb/common/nrf_usbd_common/libdrivers__usb__common__nrf_usbd_common.a(nrf_usbd_common.c.obj)
                0x000000000002c95c                nrf_usbd_common_start
 .text.nrf_usbd_common_is_enabled
                0x000000000002c994       0x14 zephyr/drivers/usb/common/nrf_usbd_common/libdrivers__usb__common__nrf_usbd_common.a(nrf_usbd_common.c.obj)
                0x000000000002c994                nrf_usbd_common_is_enabled
 .text.nrf_usbd_common_suspend
                0x000000000002c9a8       0x50 zephyr/drivers/usb/common/nrf_usbd_common/libdrivers__usb__common__nrf_usbd_common.a(nrf_usbd_common.c.obj)
                0x000000000002c9a8                nrf_usbd_common_suspend
 .text.nrf_usbd_common_init
                0x000000000002c9f8       0x84 zephyr/drivers/usb/common/nrf_usbd_common/libdrivers__usb__common__nrf_usbd_common.a(nrf_usbd_common.c.obj)
                0x000000000002c9f8                nrf_usbd_common_init
 .text.nrf_usbd_common_ep_enable_check
                0x000000000002ca7c       0x28 zephyr/drivers/usb/common/nrf_usbd_common/libdrivers__usb__common__nrf_usbd_common.a(nrf_usbd_common.c.obj)
                0x000000000002ca7c                nrf_usbd_common_ep_enable_check
 .text.nrf_usbd_common_ep_transfer
                0x000000000002caa4       0x98 zephyr/drivers/usb/common/nrf_usbd_common/libdrivers__usb__common__nrf_usbd_common.a(nrf_usbd_common.c.obj)
                0x000000000002caa4                nrf_usbd_common_ep_transfer
 .text.nrf_usbd_common_epout_size_get
                0x000000000002cb3c       0x28 zephyr/drivers/usb/common/nrf_usbd_common/libdrivers__usb__common__nrf_usbd_common.a(nrf_usbd_common.c.obj)
                0x000000000002cb3c                nrf_usbd_common_epout_size_get
 .text.nrf_usbd_common_irq_handler
                0x000000000002cb64      0x498 zephyr/drivers/usb/common/nrf_usbd_common/libdrivers__usb__common__nrf_usbd_common.a(nrf_usbd_common.c.obj)
                0x000000000002cb64                nrf_usbd_common_irq_handler
 .text.nrf_usbd_common_ep_stall
                0x000000000002cffc       0x10 zephyr/drivers/usb/common/nrf_usbd_common/libdrivers__usb__common__nrf_usbd_common.a(nrf_usbd_common.c.obj)
                0x000000000002cffc                nrf_usbd_common_ep_stall
 .text.nrf_usbd_common_ep_stall_check
                0x000000000002d00c       0x34 zephyr/drivers/usb/common/nrf_usbd_common/libdrivers__usb__common__nrf_usbd_common.a(nrf_usbd_common.c.obj)
                0x000000000002d00c                nrf_usbd_common_ep_stall_check
 .text.nrf_usbd_common_ep_dtoggle_clear
                0x000000000002d040       0x14 zephyr/drivers/usb/common/nrf_usbd_common/libdrivers__usb__common__nrf_usbd_common.a(nrf_usbd_common.c.obj)
                0x000000000002d040                nrf_usbd_common_ep_dtoggle_clear
 .text.nrf_usbd_common_setup_get
                0x000000000002d054       0x44 zephyr/drivers/usb/common/nrf_usbd_common/libdrivers__usb__common__nrf_usbd_common.a(nrf_usbd_common.c.obj)
                0x000000000002d054                nrf_usbd_common_setup_get
 .text.nrf_usbd_common_setup_data_clear
                0x000000000002d098        0xc zephyr/drivers/usb/common/nrf_usbd_common/libdrivers__usb__common__nrf_usbd_common.a(nrf_usbd_common.c.obj)
                0x000000000002d098                nrf_usbd_common_setup_data_clear
 .text.nrf_usbd_common_setup_clear
                0x000000000002d0a4        0xc zephyr/drivers/usb/common/nrf_usbd_common/libdrivers__usb__common__nrf_usbd_common.a(nrf_usbd_common.c.obj)
                0x000000000002d0a4                nrf_usbd_common_setup_clear
 .text.nrf_usbd_common_setup_stall
                0x000000000002d0b0        0xc zephyr/drivers/usb/common/nrf_usbd_common/libdrivers__usb__common__nrf_usbd_common.a(nrf_usbd_common.c.obj)
                0x000000000002d0b0                nrf_usbd_common_setup_stall
 .text.nrf_usbd_common_last_setup_dir_get
                0x000000000002d0bc        0xc zephyr/drivers/usb/common/nrf_usbd_common/libdrivers__usb__common__nrf_usbd_common.a(nrf_usbd_common.c.obj)
                0x000000000002d0bc                nrf_usbd_common_last_setup_dir_get
 .text.nrf_usbd_common_transfer_out_drop
                0x000000000002d0c8       0x4c zephyr/drivers/usb/common/nrf_usbd_common/libdrivers__usb__common__nrf_usbd_common.a(nrf_usbd_common.c.obj)
                0x000000000002d0c8                nrf_usbd_common_transfer_out_drop
 .text.usbd_ep_abort
                0x000000000002d114       0xf0 zephyr/drivers/usb/common/nrf_usbd_common/libdrivers__usb__common__nrf_usbd_common.a(nrf_usbd_common.c.obj)
 .text.nrf_usbd_common_ep_abort
                0x000000000002d204       0x34 zephyr/drivers/usb/common/nrf_usbd_common/libdrivers__usb__common__nrf_usbd_common.a(nrf_usbd_common.c.obj)
                0x000000000002d204                nrf_usbd_common_ep_abort
 .text.nrf_usbd_common_disable
                0x000000000002d238       0xd4 zephyr/drivers/usb/common/nrf_usbd_common/libdrivers__usb__common__nrf_usbd_common.a(nrf_usbd_common.c.obj)
                0x000000000002d238                nrf_usbd_common_disable
 .text.nrf_usbd_common_ep_disable
                0x000000000002d30c       0x60 zephyr/drivers/usb/common/nrf_usbd_common/libdrivers__usb__common__nrf_usbd_common.a(nrf_usbd_common.c.obj)
                0x000000000002d30c                nrf_usbd_common_ep_disable
 .text.nrf_usbd_common_ep_enable
                0x000000000002d36c       0x70 zephyr/drivers/usb/common/nrf_usbd_common/libdrivers__usb__common__nrf_usbd_common.a(nrf_usbd_common.c.obj)
                0x000000000002d36c                nrf_usbd_common_ep_enable
 .text.nrf_usbd_common_ep_stall_clear
                0x000000000002d3dc       0x20 zephyr/drivers/usb/common/nrf_usbd_common/libdrivers__usb__common__nrf_usbd_common.a(nrf_usbd_common.c.obj)
                0x000000000002d3dc                nrf_usbd_common_ep_stall_clear
 .text.onoff_stop
                0x000000000002d3fc       0x30 zephyr/drivers/clock_control/libdrivers__clock_control.a(clock_control_nrf.c.obj)
 .text.onoff_start
                0x000000000002d42c       0x44 zephyr/drivers/clock_control/libdrivers__clock_control.a(clock_control_nrf.c.obj)
 .text.generic_hfclk_stop
                0x000000000002d470       0x34 zephyr/drivers/clock_control/libdrivers__clock_control.a(clock_control_nrf.c.obj)
 .text.clk_init
                0x000000000002d4a4       0x58 zephyr/drivers/clock_control/libdrivers__clock_control.a(clock_control_nrf.c.obj)
 .text.api_blocking_start
                0x000000000002d4fc       0x34 zephyr/drivers/clock_control/libdrivers__clock_control.a(clock_control_nrf.c.obj)
 .text.clkstarted_handle.constprop.0
                0x000000000002d530       0x4c zephyr/drivers/clock_control/libdrivers__clock_control.a(clock_control_nrf.c.obj)
 .text.generic_hfclk_start
                0x000000000002d57c       0x78 zephyr/drivers/clock_control/libdrivers__clock_control.a(clock_control_nrf.c.obj)
 .text.clock_event_handler
                0x000000000002d5f4       0x1c zephyr/drivers/clock_control/libdrivers__clock_control.a(clock_control_nrf.c.obj)
 .text.z_nrf_clock_control_get_onoff
                0x000000000002d610       0x10 zephyr/drivers/clock_control/libdrivers__clock_control.a(clock_control_nrf.c.obj)
                0x000000000002d610                z_nrf_clock_control_get_onoff
 .text.z_nrf_clock_control_lf_on
                0x000000000002d620       0xfc zephyr/drivers/clock_control/libdrivers__clock_control.a(clock_control_nrf.c.obj)
                0x000000000002d620                z_nrf_clock_control_lf_on
 .text.uart_console_init
                0x000000000002d71c       0x28 zephyr/drivers/console/libdrivers__console.a(uart_console.c.obj)
 .text.console_out
                0x000000000002d744       0x28 zephyr/drivers/console/libdrivers__console.a(uart_console.c.obj)
 .text.gnss_publish_data
                0x000000000002d76c       0x48 zephyr/drivers/gnss/libdrivers__gnss.a(gnss_publish.c.obj)
                0x000000000002d76c                gnss_publish_data
 .text.gnss_publish_satellites
                0x000000000002d7b4       0x50 zephyr/drivers/gnss/libdrivers__gnss.a(gnss_publish.c.obj)
                0x000000000002d7b4                gnss_publish_satellites
 .text.gnss_dump_info
                0x000000000002d804       0x60 zephyr/drivers/gnss/libdrivers__gnss.a(gnss_dump.c.obj)
                0x000000000002d804                gnss_dump_info
 .text.gnss_dump_time
                0x000000000002d864       0x34 zephyr/drivers/gnss/libdrivers__gnss.a(gnss_dump.c.obj)
                0x000000000002d864                gnss_dump_time
 .text.gnss_dump_data_to_log
                0x000000000002d898       0xc0 zephyr/drivers/gnss/libdrivers__gnss.a(gnss_dump.c.obj)
 .text.gnss_dump_satellite
                0x000000000002d958       0xb4 zephyr/drivers/gnss/libdrivers__gnss.a(gnss_dump.c.obj)
                0x000000000002d958                gnss_dump_satellite
 .text.gnss_dump_satellites_to_log
                0x000000000002da0c       0x6c zephyr/drivers/gnss/libdrivers__gnss.a(gnss_dump.c.obj)
 .text.gnss_parse_dec_to_nano
                0x000000000002da78       0xe8 zephyr/drivers/gnss/libdrivers__gnss.a(gnss_parse.c.obj)
                0x000000000002da78                gnss_parse_dec_to_nano
 .text.gnss_parse_dec_to_milli
                0x000000000002db60       0x24 zephyr/drivers/gnss/libdrivers__gnss.a(gnss_parse.c.obj)
                0x000000000002db60                gnss_parse_dec_to_milli
 .text.gnss_nmea0183_ddmm_mmmm_to_ndeg
                0x000000000002db84       0xf8 zephyr/drivers/gnss/libdrivers__gnss.a(gnss_nmea0183.c.obj)
                0x000000000002db84                gnss_nmea0183_ddmm_mmmm_to_ndeg
 .text.gnss_nmea0183_knots_to_mms
                0x000000000002dc7c       0x24 zephyr/drivers/gnss/libdrivers__gnss.a(gnss_nmea0183.c.obj)
                0x000000000002dc7c                gnss_nmea0183_knots_to_mms
 .text.gnss_nmea0183_parse_hhmmss
                0x000000000002dca0       0x84 zephyr/drivers/gnss/libdrivers__gnss.a(gnss_nmea0183.c.obj)
                0x000000000002dca0                gnss_nmea0183_parse_hhmmss
 .text.gnss_nmea0183_parse_ddmmyy
                0x000000000002dd24       0x84 zephyr/drivers/gnss/libdrivers__gnss.a(gnss_nmea0183.c.obj)
                0x000000000002dd24                gnss_nmea0183_parse_ddmmyy
 .text.gnss_nmea0183_parse_rmc
                0x000000000002dda8       0xd4 zephyr/drivers/gnss/libdrivers__gnss.a(gnss_nmea0183.c.obj)
                0x000000000002dda8                gnss_nmea0183_parse_rmc
 .text.ubx_m10_get_enabled_systems
                0x000000000002de7c       0x78 zephyr/drivers/gnss/libdrivers__gnss.a(gnss_u_blox_m10.c.obj)
 .text.ubx_m10_get_navigation_mode
                0x000000000002def4       0x5c zephyr/drivers/gnss/libdrivers__gnss.a(gnss_u_blox_m10.c.obj)
 .text.ubx_m10_set_enabled_systems
                0x000000000002df50      0x164 zephyr/drivers/gnss/libdrivers__gnss.a(gnss_u_blox_m10.c.obj)
 .text.ubx_m10_set_navigation_mode
                0x000000000002e0b4       0x70 zephyr/drivers/gnss/libdrivers__gnss.a(gnss_u_blox_m10.c.obj)
 .text.ubx_m10_init
                0x000000000002e124      0x23c zephyr/drivers/gnss/libdrivers__gnss.a(gnss_u_blox_m10.c.obj)
 .text.ubx_create_and_validate_frame
                0x000000000002e360       0x8c zephyr/drivers/gnss/libdrivers__gnss.a(gnss_u_blox_protocol.c.obj)
                0x000000000002e360                ubx_create_and_validate_frame
 .text.ubx_cfg_prt_set_payload_default
                0x000000000002e3ec       0x20 zephyr/drivers/gnss/libdrivers__gnss.a(gnss_u_blox_protocol.c.obj)
                0x000000000002e3ec                ubx_cfg_prt_set_payload_default
 .text.ubx_cfg_nav5_payload_default
                0x000000000002e40c       0x30 zephyr/drivers/gnss/libdrivers__gnss.a(gnss_u_blox_protocol.c.obj)
                0x000000000002e40c                ubx_cfg_nav5_payload_default
 .text.ubx_cfg_gnss_payload_default
                0x000000000002e43c       0x30 zephyr/drivers/gnss/libdrivers__gnss.a(gnss_u_blox_protocol.c.obj)
                0x000000000002e43c                ubx_cfg_gnss_payload_default
 .text.gpio_nrfx_pin_interrupt_configure
                0x000000000002e46c      0x100 zephyr/drivers/gpio/libdrivers__gpio.a(gpio_nrfx.c.obj)
 .text.gpio_nrfx_init
                0x000000000002e56c       0x48 zephyr/drivers/gpio/libdrivers__gpio.a(gpio_nrfx.c.obj)
 .text.nrfx_gpio_handler
                0x000000000002e5b4       0x4c zephyr/drivers/gpio/libdrivers__gpio.a(gpio_nrfx.c.obj)
 .text.gpio_nrfx_pin_configure
                0x000000000002e600      0x18c zephyr/drivers/gpio/libdrivers__gpio.a(gpio_nrfx.c.obj)
 .text.nrf_gpio_pin_port_decode
                0x000000000002e78c       0x20 zephyr/drivers/pinctrl/libdrivers__pinctrl.a(pinctrl_nrf.c.obj)
 .text.pinctrl_configure_pins
                0x000000000002e7ac      0x1a4 zephyr/drivers/pinctrl/libdrivers__pinctrl.a(pinctrl_nrf.c.obj)
                0x000000000002e7ac                pinctrl_configure_pins
 .text.regulator_delay
                0x000000000002e950       0x2c zephyr/drivers/regulator/libdrivers__regulator.a(regulator_common.c.obj)
 .text.regulator_fixed_init
                0x000000000002e97c       0x94 zephyr/drivers/regulator/libdrivers__regulator.a(regulator_fixed.c.obj)
 .text.uarte_nrfx_configure
                0x000000000002ea10      0x168 zephyr/drivers/serial/libdrivers__serial.a(uart_nrfx_uarte.c.obj)
 .text.uarte_0_init
                0x000000000002eb78       0xf8 zephyr/drivers/serial/libdrivers__serial.a(uart_nrfx_uarte.c.obj)
 .text.uarte_nrfx_poll_out
                0x000000000002ec70       0x98 zephyr/drivers/serial/libdrivers__serial.a(uart_nrfx_uarte.c.obj)
 .text.compare_int_lock
                0x000000000002ed08       0x48 zephyr/drivers/timer/libdrivers__timer.a(nrf_rtc_timer.c.obj)
 .text.sys_clock_timeout_handler
                0x000000000002ed50       0x48 zephyr/drivers/timer/libdrivers__timer.a(nrf_rtc_timer.c.obj)
 .text.compare_int_unlock
                0x000000000002ed98       0x5c zephyr/drivers/timer/libdrivers__timer.a(nrf_rtc_timer.c.obj)
 .text.z_nrf_rtc_timer_read
                0x000000000002edf4       0x44 zephyr/drivers/timer/libdrivers__timer.a(nrf_rtc_timer.c.obj)
                0x000000000002edf4                z_nrf_rtc_timer_read
 .text.compare_set
                0x000000000002ee38      0x130 zephyr/drivers/timer/libdrivers__timer.a(nrf_rtc_timer.c.obj)
 .text.sys_clock_driver_init
                0x000000000002ef68       0x90 zephyr/drivers/timer/libdrivers__timer.a(nrf_rtc_timer.c.obj)
 .text.rtc_nrf_isr
                0x000000000002eff8       0xd4 zephyr/drivers/timer/libdrivers__timer.a(nrf_rtc_timer.c.obj)
                0x000000000002eff8                rtc_nrf_isr
 .text.sys_clock_set_timeout
                0x000000000002f0cc       0x5c zephyr/drivers/timer/libdrivers__timer.a(nrf_rtc_timer.c.obj)
                0x000000000002f0cc                sys_clock_set_timeout
 .text.sys_clock_elapsed
                0x000000000002f128       0x14 zephyr/drivers/timer/libdrivers__timer.a(nrf_rtc_timer.c.obj)
                0x000000000002f128                sys_clock_elapsed
 .text.nrf52_errata_98
                0x000000000002f13c       0x24 modules/hal_nordic/nrfx/libmodules__hal_nordic__nrfx.a(system_nrf52840.c.obj)
 .text.nvmc_wait
                0x000000000002f160       0x10 modules/hal_nordic/nrfx/libmodules__hal_nordic__nrfx.a(system_nrf52840.c.obj)
                0x000000000002f160                nvmc_wait
 .text.SystemInit
                0x000000000002f170      0x1bc modules/hal_nordic/nrfx/libmodules__hal_nordic__nrfx.a(system_nrf52840.c.obj)
                0x000000000002f170                SystemInit
 .text.nrfx_flag32_alloc
                0x000000000002f32c       0x48 modules/hal_nordic/nrfx/libmodules__hal_nordic__nrfx.a(nrfx_flag32_allocator.c.obj)
                0x000000000002f32c                nrfx_flag32_alloc
 .text.nrfx_flag32_free
                0x000000000002f374       0x40 modules/hal_nordic/nrfx/libmodules__hal_nordic__nrfx.a(nrfx_flag32_allocator.c.obj)
                0x000000000002f374                nrfx_flag32_free
 .text.nrfx_gppi_channels_enable
                0x000000000002f3b4        0xc modules/hal_nordic/nrfx/libmodules__hal_nordic__nrfx.a(nrfx_gppi_ppi.c.obj)
                0x000000000002f3b4                nrfx_gppi_channels_enable
 .text.clock_stop
                0x000000000002f3c0       0xc4 modules/hal_nordic/nrfx/libmodules__hal_nordic__nrfx.a(nrfx_clock.c.obj)
 .text.nrfx_clock_init
                0x000000000002f484       0x20 modules/hal_nordic/nrfx/libmodules__hal_nordic__nrfx.a(nrfx_clock.c.obj)
                0x000000000002f484                nrfx_clock_init
 .text.nrfx_clock_enable
                0x000000000002f4a4       0x30 modules/hal_nordic/nrfx/libmodules__hal_nordic__nrfx.a(nrfx_clock.c.obj)
                0x000000000002f4a4                nrfx_clock_enable
 .text.nrfx_clock_start
                0x000000000002f4d4       0xa8 modules/hal_nordic/nrfx/libmodules__hal_nordic__nrfx.a(nrfx_clock.c.obj)
                0x000000000002f4d4                nrfx_clock_start
 .text.nrfx_clock_irq_handler
                0x000000000002f57c       0x68 modules/hal_nordic/nrfx/libmodules__hal_nordic__nrfx.a(nrfx_clock.c.obj)
                0x000000000002f57c                nrfx_clock_irq_handler
 .text.nrf_gpio_pin_port_decode
                0x000000000002f5e4       0x20 modules/hal_nordic/nrfx/libmodules__hal_nordic__nrfx.a(nrfx_gpiote.c.obj)
 .text.get_pin_idx
                0x000000000002f604       0x14 modules/hal_nordic/nrfx/libmodules__hal_nordic__nrfx.a(nrfx_gpiote.c.obj)
 .text.call_handler.constprop.0
                0x000000000002f618       0x40 modules/hal_nordic/nrfx/libmodules__hal_nordic__nrfx.a(nrfx_gpiote.c.obj)
 .text.pin_te_get.constprop.0
                0x000000000002f658       0x18 modules/hal_nordic/nrfx/libmodules__hal_nordic__nrfx.a(nrfx_gpiote.c.obj)
 .text.pin_is_output.constprop.0
                0x000000000002f670       0x18 modules/hal_nordic/nrfx/libmodules__hal_nordic__nrfx.a(nrfx_gpiote.c.obj)
 .text.pin_in_use_by_te.constprop.0
                0x000000000002f688       0x18 modules/hal_nordic/nrfx/libmodules__hal_nordic__nrfx.a(nrfx_gpiote.c.obj)
 .text.latch_pending_read_and_check
                0x000000000002f6a0       0x40 modules/hal_nordic/nrfx/libmodules__hal_nordic__nrfx.a(nrfx_gpiote.c.obj)
 .text.release_handler.isra.0
                0x000000000002f6e0       0x58 modules/hal_nordic/nrfx/libmodules__hal_nordic__nrfx.a(nrfx_gpiote.c.obj)
 .text.__nrfy_internal_gpiote_events_process.constprop.0
                0x000000000002f738       0x5c modules/hal_nordic/nrfx/libmodules__hal_nordic__nrfx.a(nrfx_gpiote.c.obj)
 .text.pin_uninit
                0x000000000002f794       0x80 modules/hal_nordic/nrfx/libmodules__hal_nordic__nrfx.a(nrfx_gpiote.c.obj)
 .text.nrfx_gpiote_input_configure
                0x000000000002f814      0x174 modules/hal_nordic/nrfx/libmodules__hal_nordic__nrfx.a(nrfx_gpiote.c.obj)
                0x000000000002f814                nrfx_gpiote_input_configure
 .text.nrfx_gpiote_output_configure
                0x000000000002f988       0xfc modules/hal_nordic/nrfx/libmodules__hal_nordic__nrfx.a(nrfx_gpiote.c.obj)
                0x000000000002f988                nrfx_gpiote_output_configure
 .text.nrfx_gpiote_global_callback_set
                0x000000000002fa84        0xc modules/hal_nordic/nrfx/libmodules__hal_nordic__nrfx.a(nrfx_gpiote.c.obj)
                0x000000000002fa84                nrfx_gpiote_global_callback_set
 .text.nrfx_gpiote_channel_get
                0x000000000002fa90       0x34 modules/hal_nordic/nrfx/libmodules__hal_nordic__nrfx.a(nrfx_gpiote.c.obj)
                0x000000000002fa90                nrfx_gpiote_channel_get
 .text.nrfx_gpiote_init
                0x000000000002fac4       0x68 modules/hal_nordic/nrfx/libmodules__hal_nordic__nrfx.a(nrfx_gpiote.c.obj)
                0x000000000002fac4                nrfx_gpiote_init
 .text.nrfx_gpiote_init_check
                0x000000000002fb2c       0x14 modules/hal_nordic/nrfx/libmodules__hal_nordic__nrfx.a(nrfx_gpiote.c.obj)
                0x000000000002fb2c                nrfx_gpiote_init_check
 .text.nrfx_gpiote_channel_free
                0x000000000002fb40        0xc modules/hal_nordic/nrfx/libmodules__hal_nordic__nrfx.a(nrfx_gpiote.c.obj)
                0x000000000002fb40                nrfx_gpiote_channel_free
 .text.nrfx_gpiote_channel_alloc
                0x000000000002fb4c        0xc modules/hal_nordic/nrfx/libmodules__hal_nordic__nrfx.a(nrfx_gpiote.c.obj)
                0x000000000002fb4c                nrfx_gpiote_channel_alloc
 .text.nrfx_gpiote_trigger_enable
                0x000000000002fb58       0xb0 modules/hal_nordic/nrfx/libmodules__hal_nordic__nrfx.a(nrfx_gpiote.c.obj)
                0x000000000002fb58                nrfx_gpiote_trigger_enable
 .text.nrfx_gpiote_0_irq_handler
                0x000000000002fc08      0x1bc modules/hal_nordic/nrfx/libmodules__hal_nordic__nrfx.a(nrfx_gpiote.c.obj)
                0x000000000002fc08                nrfx_gpiote_0_irq_handler
 .text.nrfx_power_init
                0x000000000002fdc4       0x74 modules/hal_nordic/nrfx/libmodules__hal_nordic__nrfx.a(nrfx_power.c.obj)
                0x000000000002fdc4                nrfx_power_init
 .text.nrfx_power_usbevt_uninit
                0x000000000002fe38       0x18 modules/hal_nordic/nrfx/libmodules__hal_nordic__nrfx.a(nrfx_power.c.obj)
                0x000000000002fe38                nrfx_power_usbevt_uninit
 .text.nrfx_power_usbevt_init
                0x000000000002fe50       0x14 modules/hal_nordic/nrfx/libmodules__hal_nordic__nrfx.a(nrfx_power.c.obj)
                0x000000000002fe50                nrfx_power_usbevt_init
 .text.nrfx_power_irq_handler
                0x000000000002fe64       0xa0 modules/hal_nordic/nrfx/libmodules__hal_nordic__nrfx.a(nrfx_power.c.obj)
                0x000000000002fe64                nrfx_power_irq_handler
 .text.nrfx_ppi_channel_alloc
                0x000000000002ff04        0xc modules/hal_nordic/nrfx/libmodules__hal_nordic__nrfx.a(nrfx_ppi.c.obj)
                0x000000000002ff04                nrfx_ppi_channel_alloc
 .text.k_sys_fatal_error_handler
                0x000000000002ff10       0x20 zephyr/kernel/libkernel.a(fatal.c.obj)
                0x000000000002ff10                k_sys_fatal_error_handler
 .text.z_fatal_error
                0x000000000002ff30       0xe8 zephyr/kernel/libkernel.a(fatal.c.obj)
                0x000000000002ff30                z_fatal_error
 .text.z_sys_init_run_level
                0x0000000000030018       0x2c zephyr/kernel/libkernel.a(init.c.obj)
 .text.bg_thread_main
                0x0000000000030044       0xc0 zephyr/kernel/libkernel.a(init.c.obj)
 .text.z_bss_zero
                0x0000000000030104       0x18 zephyr/kernel/libkernel.a(init.c.obj)
                0x0000000000030104                z_bss_zero
 .text.z_init_cpu
                0x000000000003011c       0x70 zephyr/kernel/libkernel.a(init.c.obj)
                0x000000000003011c                z_init_cpu
 .text.z_cstart
                0x000000000003018c       0xe0 zephyr/kernel/libkernel.a(init.c.obj)
                0x000000000003018c                z_cstart
 .text.init_mem_slab_obj_core_list
                0x000000000003026c       0x24 zephyr/kernel/libkernel.a(mem_slab.c.obj)
 .text.k_mem_slab_alloc
                0x0000000000030290       0x5c zephyr/kernel/libkernel.a(mem_slab.c.obj)
                0x0000000000030290                k_mem_slab_alloc
 .text.z_impl_k_mutex_lock
                0x00000000000302ec       0xf0 zephyr/kernel/libkernel.a(mutex.c.obj)
                0x00000000000302ec                z_impl_k_mutex_lock
 .text.z_impl_k_mutex_unlock
                0x00000000000303dc       0x78 zephyr/kernel/libkernel.a(mutex.c.obj)
                0x00000000000303dc                z_impl_k_mutex_unlock
 .text.z_impl_k_queue_get
                0x0000000000030454       0x64 zephyr/kernel/libkernel.a(queue.c.obj)
                0x0000000000030454                z_impl_k_queue_get
 .text.z_impl_k_sem_give
                0x00000000000304b8       0x48 zephyr/kernel/libkernel.a(sem.c.obj)
                0x00000000000304b8                z_impl_k_sem_give
 .text.z_impl_k_sem_take
                0x0000000000030500       0x4c zephyr/kernel/libkernel.a(sem.c.obj)
                0x0000000000030500                z_impl_k_sem_take
 .text.z_impl_k_sem_reset
                0x000000000003054c       0x38 zephyr/kernel/libkernel.a(sem.c.obj)
                0x000000000003054c                z_impl_k_sem_reset
 .text.work_queue_main
                0x0000000000030584      0x144 zephyr/kernel/libkernel.a(work.c.obj)
 .text.cancel_sync_locked
                0x00000000000306c8       0x3c zephyr/kernel/libkernel.a(work.c.obj)
 .text.submit_to_queue_locked
                0x0000000000030704       0xb4 zephyr/kernel/libkernel.a(work.c.obj)
 .text.k_work_submit
                0x00000000000307b8        0xc zephyr/kernel/libkernel.a(work.c.obj)
                0x00000000000307b8                k_work_submit
 .text.k_work_queue_start
                0x00000000000307c4       0x7c zephyr/kernel/libkernel.a(work.c.obj)
                0x00000000000307c4                k_work_queue_start
 .text.k_work_schedule_for_queue
                0x0000000000030840       0x54 zephyr/kernel/libkernel.a(work.c.obj)
                0x0000000000030840                k_work_schedule_for_queue
 .text.k_work_schedule
                0x0000000000030894        0xc zephyr/kernel/libkernel.a(work.c.obj)
                0x0000000000030894                k_work_schedule
 .text.k_work_reschedule_for_queue
                0x00000000000308a0       0x5c zephyr/kernel/libkernel.a(work.c.obj)
                0x00000000000308a0                k_work_reschedule_for_queue
 .text.k_work_reschedule
                0x00000000000308fc        0xc zephyr/kernel/libkernel.a(work.c.obj)
                0x00000000000308fc                k_work_reschedule
 .text.z_impl_k_condvar_signal
                0x0000000000030908       0x38 zephyr/kernel/libkernel.a(condvar.c.obj)
                0x0000000000030908                z_impl_k_condvar_signal
 .text.z_impl_k_condvar_wait
                0x0000000000030940       0x4c zephyr/kernel/libkernel.a(condvar.c.obj)
                0x0000000000030940                z_impl_k_condvar_wait
 .text.z_setup_new_thread
                0x000000000003098c       0x98 zephyr/kernel/libkernel.a(thread.c.obj)
                0x000000000003098c                z_setup_new_thread
 .text.z_impl_k_thread_create
                0x0000000000030a24       0x58 zephyr/kernel/libkernel.a(thread.c.obj)
                0x0000000000030a24                z_impl_k_thread_create
 .text.update_cache
                0x0000000000030a7c       0x3c zephyr/kernel/libkernel.a(sched.c.obj)
 .text.unready_thread
                0x0000000000030ab8       0x30 zephyr/kernel/libkernel.a(sched.c.obj)
 .text.ready_thread
                0x0000000000030ae8       0x68 zephyr/kernel/libkernel.a(sched.c.obj)
 .text.z_thread_halt
                0x0000000000030b50       0xd8 zephyr/kernel/libkernel.a(sched.c.obj)
 .text.move_thread_to_end_of_prio_q
                0x0000000000030c28       0x74 zephyr/kernel/libkernel.a(sched.c.obj)
                0x0000000000030c28                move_thread_to_end_of_prio_q
 .text.z_pend_curr
                0x0000000000030c9c       0x58 zephyr/kernel/libkernel.a(sched.c.obj)
                0x0000000000030c9c                z_pend_curr
 .text.z_thread_prio_set
                0x0000000000030cf4       0x88 zephyr/kernel/libkernel.a(sched.c.obj)
                0x0000000000030cf4                z_thread_prio_set
 .text.z_reschedule
                0x0000000000030d7c       0x24 zephyr/kernel/libkernel.a(sched.c.obj)
                0x0000000000030d7c                z_reschedule
 .text.z_sched_start
                0x0000000000030da0       0x3c zephyr/kernel/libkernel.a(sched.c.obj)
                0x0000000000030da0                z_sched_start
 .text.z_reschedule_irqlock
                0x0000000000030ddc       0x28 zephyr/kernel/libkernel.a(sched.c.obj)
                0x0000000000030ddc                z_reschedule_irqlock
 .text.k_sched_lock
                0x0000000000030e04       0x28 zephyr/kernel/libkernel.a(sched.c.obj)
                0x0000000000030e04                k_sched_lock
 .text.k_sched_unlock
                0x0000000000030e2c       0x40 zephyr/kernel/libkernel.a(sched.c.obj)
                0x0000000000030e2c                k_sched_unlock
 .text.z_sched_init
                0x0000000000030e6c       0x10 zephyr/kernel/libkernel.a(sched.c.obj)
                0x0000000000030e6c                z_sched_init
 .text.z_impl_k_yield
                0x0000000000030e7c       0x7c zephyr/kernel/libkernel.a(sched.c.obj)
                0x0000000000030e7c                z_impl_k_yield
 .text.z_tick_sleep
                0x0000000000030ef8       0x88 zephyr/kernel/libkernel.a(sched.c.obj)
 .text.z_impl_k_sleep
                0x0000000000030f80       0x3c zephyr/kernel/libkernel.a(sched.c.obj)
                0x0000000000030f80                z_impl_k_sleep
 .text.z_impl_k_usleep
                0x0000000000030fbc       0x3c zephyr/kernel/libkernel.a(sched.c.obj)
                0x0000000000030fbc                z_impl_k_usleep
 .text.z_impl_k_sched_current_thread_query
                0x0000000000030ff8        0xc zephyr/kernel/libkernel.a(sched.c.obj)
                0x0000000000030ff8                z_impl_k_sched_current_thread_query
 .text.z_sched_wait
                0x0000000000031004       0x24 zephyr/kernel/libkernel.a(sched.c.obj)
                0x0000000000031004                z_sched_wait
 .text.slice_timeout
                0x0000000000031028       0x20 zephyr/kernel/libkernel.a(timeslicing.c.obj)
 .text.thread_is_sliceable
                0x0000000000031048       0x3c zephyr/kernel/libkernel.a(timeslicing.c.obj)
                0x0000000000031048                thread_is_sliceable
 .text.z_reset_time_slice
                0x0000000000031084       0x50 zephyr/kernel/libkernel.a(timeslicing.c.obj)
                0x0000000000031084                z_reset_time_slice
 .text.z_time_slice
                0x00000000000310d4       0x60 zephyr/kernel/libkernel.a(timeslicing.c.obj)
                0x00000000000310d4                z_time_slice
 .text.z_data_copy
                0x0000000000031134       0x34 zephyr/kernel/libkernel.a(xip.c.obj)
                0x0000000000031134                z_data_copy
 .text.elapsed  0x0000000000031168       0x14 zephyr/kernel/libkernel.a(timeout.c.obj)
 .text.remove_timeout
                0x000000000003117c       0x38 zephyr/kernel/libkernel.a(timeout.c.obj)
 .text.next_timeout
                0x00000000000311b4       0x40 zephyr/kernel/libkernel.a(timeout.c.obj)
 .text.z_add_timeout
                0x00000000000311f4       0xf4 zephyr/kernel/libkernel.a(timeout.c.obj)
                0x00000000000311f4                z_add_timeout
 .text.sys_clock_announce
                0x00000000000312e8       0xd0 zephyr/kernel/libkernel.a(timeout.c.obj)
                0x00000000000312e8                sys_clock_announce
 .text.sys_clock_tick_get
                0x00000000000313b8       0x30 zephyr/kernel/libkernel.a(timeout.c.obj)
                0x00000000000313b8                sys_clock_tick_get
 .text.z_timer_expiration_handler
                0x00000000000313e8       0xe0 zephyr/kernel/libkernel.a(timer.c.obj)
                0x00000000000313e8                z_timer_expiration_handler
 .text.z_impl_k_timer_start
                0x00000000000314c8       0x74 zephyr/kernel/libkernel.a(timer.c.obj)
                0x00000000000314c8                z_impl_k_timer_start
 .text.z_thread_aligned_alloc
                0x000000000003153c       0x40 zephyr/kernel/libkernel.a(mempool.c.obj)
                0x000000000003153c                z_thread_aligned_alloc
 .text.statics_init
                0x000000000003157c       0x24 zephyr/kernel/libkernel.a(kheap.c.obj)
 .text.k_sys_work_q_init
                0x00000000000315a0       0x34 zephyr/kernel/libkernel.a(system_work_q.c.obj)
 .text.nrf_cc3xx_platform_init_no_rng
                0x00000000000315d4       0x38 C:/ncs/v2.7.0/nrfxlib/crypto/nrf_cc310_platform/lib/cortex-m4/soft-float/no-interrupts/libnrf_cc310_platform_0.9.19.a(nrf_cc3xx_platform.c.obj)
                0x00000000000315d4                nrf_cc3xx_platform_init_no_rng
 .text.nrf_cc3xx_platform_abort
                0x000000000003160c       0x24 C:/ncs/v2.7.0/nrfxlib/crypto/nrf_cc310_platform/lib/cortex-m4/soft-float/no-interrupts/libnrf_cc310_platform_0.9.19.a(nrf_cc3xx_platform_abort.c.obj)
 .text.CC_PalAbort
                0x0000000000031630       0x34 C:/ncs/v2.7.0/nrfxlib/crypto/nrf_cc310_platform/lib/cortex-m4/soft-float/no-interrupts/libnrf_cc310_platform_0.9.19.a(nrf_cc3xx_platform_abort.c.obj)
                0x0000000000031630                CC_PalAbort
 .text.nrf_cc3xx_platform_set_abort
                0x0000000000031664       0x10 C:/ncs/v2.7.0/nrfxlib/crypto/nrf_cc310_platform/lib/cortex-m4/soft-float/no-interrupts/libnrf_cc310_platform_0.9.19.a(nrf_cc3xx_platform_abort.c.obj)
                0x0000000000031664                nrf_cc3xx_platform_set_abort
 .text.mutex_free
                0x0000000000031674       0x34 C:/ncs/v2.7.0/nrfxlib/crypto/nrf_cc310_platform/lib/cortex-m4/soft-float/no-interrupts/libnrf_cc310_platform_0.9.19.a(nrf_cc3xx_platform_mutex.c.obj)
 .text.mutex_lock
                0x00000000000316a8       0x48 C:/ncs/v2.7.0/nrfxlib/crypto/nrf_cc310_platform/lib/cortex-m4/soft-float/no-interrupts/libnrf_cc310_platform_0.9.19.a(nrf_cc3xx_platform_mutex.c.obj)
 .text.mutex_unlock
                0x00000000000316f0       0x38 C:/ncs/v2.7.0/nrfxlib/crypto/nrf_cc310_platform/lib/cortex-m4/soft-float/no-interrupts/libnrf_cc310_platform_0.9.19.a(nrf_cc3xx_platform_mutex.c.obj)
 .text.mutex_init
                0x0000000000031728       0x20 C:/ncs/v2.7.0/nrfxlib/crypto/nrf_cc310_platform/lib/cortex-m4/soft-float/no-interrupts/libnrf_cc310_platform_0.9.19.a(nrf_cc3xx_platform_mutex.c.obj)
 .text.nrf_cc3xx_platform_set_mutexes
                0x0000000000031748       0x74 C:/ncs/v2.7.0/nrfxlib/crypto/nrf_cc310_platform/lib/cortex-m4/soft-float/no-interrupts/libnrf_cc310_platform_0.9.19.a(nrf_cc3xx_platform_mutex.c.obj)
                0x0000000000031748                nrf_cc3xx_platform_set_mutexes
 .text.CC_LibInitNoRng
                0x00000000000317bc       0x64 C:/ncs/v2.7.0/nrfxlib/crypto/nrf_cc310_platform/lib/cortex-m4/soft-float/no-interrupts/libnrf_cc310_platform_0.9.19.a(cc_lib.c.obj)
                0x00000000000317bc                CC_LibInitNoRng
 .text.CC_HalInit
                0x0000000000031820        0x4 C:/ncs/v2.7.0/nrfxlib/crypto/nrf_cc310_platform/lib/cortex-m4/soft-float/no-interrupts/libnrf_cc310_platform_0.9.19.a(cc_hal.c.obj)
                0x0000000000031820                CC_HalInit
 .text.CC_HalTerminate
                0x0000000000031824        0x4 C:/ncs/v2.7.0/nrfxlib/crypto/nrf_cc310_platform/lib/cortex-m4/soft-float/no-interrupts/libnrf_cc310_platform_0.9.19.a(cc_hal.c.obj)
                0x0000000000031824                CC_HalTerminate
 .text.CC_HalMaskInterrupt
                0x0000000000031828        0xc C:/ncs/v2.7.0/nrfxlib/crypto/nrf_cc310_platform/lib/cortex-m4/soft-float/no-interrupts/libnrf_cc310_platform_0.9.19.a(cc_hal.c.obj)
                0x0000000000031828                CC_HalMaskInterrupt
 .text.CC_PalInit
                0x0000000000031834       0x5c C:/ncs/v2.7.0/nrfxlib/crypto/nrf_cc310_platform/lib/cortex-m4/soft-float/no-interrupts/libnrf_cc310_platform_0.9.19.a(cc_pal.c.obj)
                0x0000000000031834                CC_PalInit
 .text.CC_PalTerminate
                0x0000000000031890       0x34 C:/ncs/v2.7.0/nrfxlib/crypto/nrf_cc310_platform/lib/cortex-m4/soft-float/no-interrupts/libnrf_cc310_platform_0.9.19.a(cc_pal.c.obj)
                0x0000000000031890                CC_PalTerminate
 .text.CC_PalDmaInit
                0x00000000000318c4        0x4 C:/ncs/v2.7.0/nrfxlib/crypto/nrf_cc310_platform/lib/cortex-m4/soft-float/no-interrupts/libnrf_cc310_platform_0.9.19.a(cc_pal_dma.c.obj)
                0x00000000000318c4                CC_PalDmaInit
 .text.CC_PalDmaTerminate
                0x00000000000318c8        0x4 C:/ncs/v2.7.0/nrfxlib/crypto/nrf_cc310_platform/lib/cortex-m4/soft-float/no-interrupts/libnrf_cc310_platform_0.9.19.a(cc_pal_dma.c.obj)
                0x00000000000318c8                CC_PalDmaTerminate
 .text.CC_PalMutexCreate
                0x00000000000318cc       0x14 C:/ncs/v2.7.0/nrfxlib/crypto/nrf_cc310_platform/lib/cortex-m4/soft-float/no-interrupts/libnrf_cc310_platform_0.9.19.a(cc_pal_mutex.c.obj)
                0x00000000000318cc                CC_PalMutexCreate
 .text.CC_PalMutexDestroy
                0x00000000000318e0       0x14 C:/ncs/v2.7.0/nrfxlib/crypto/nrf_cc310_platform/lib/cortex-m4/soft-float/no-interrupts/libnrf_cc310_platform_0.9.19.a(cc_pal_mutex.c.obj)
                0x00000000000318e0                CC_PalMutexDestroy
 .text.CC_PalPowerSaveModeInit
                0x00000000000318f4       0x3c C:/ncs/v2.7.0/nrfxlib/crypto/nrf_cc310_platform/lib/cortex-m4/soft-float/no-interrupts/libnrf_cc310_platform_0.9.19.a(cc_pal_pm.c.obj)
                0x00000000000318f4                CC_PalPowerSaveModeInit
 .text.CC_PalPowerSaveModeSelect
                0x0000000000031930       0x84 C:/ncs/v2.7.0/nrfxlib/crypto/nrf_cc310_platform/lib/cortex-m4/soft-float/no-interrupts/libnrf_cc310_platform_0.9.19.a(cc_pal_pm.c.obj)
                0x0000000000031930                CC_PalPowerSaveModeSelect
 .text.snprintf
                0x00000000000319b4       0x58 c:\ncs\toolchains\ce3b5ff664\opt\zephyr-sdk\arm-zephyr-eabi\bin\../lib/gcc/../../picolibc/arm-zephyr-eabi/lib/thumb/v7e-m/nofp\libc.a(libc_tinystdio_snprintf.c.o)
                0x00000000000319b4                snprintf
 .text.strtol   0x0000000000031a0c       0xec c:\ncs\toolchains\ce3b5ff664\opt\zephyr-sdk\arm-zephyr-eabi\bin\../lib/gcc/../../picolibc/arm-zephyr-eabi/lib/thumb/v7e-m/nofp\libc.a(libc_tinystdio_strtol.c.o)
                0x0000000000031a0c                strtol
 .text.__l_vfprintf
                0x0000000000031af8      0x4b8 c:\ncs\toolchains\ce3b5ff664\opt\zephyr-sdk\arm-zephyr-eabi\bin\../lib/gcc/../../picolibc/arm-zephyr-eabi/lib/thumb/v7e-m/nofp\libc.a(libc_tinystdio_vflprintf.c.o)
                0x0000000000031af8                __l_vfprintf
 .text._OffsetAbsSyms
                0x0000000000031fb0        0x2 zephyr/CMakeFiles/offsets.dir/./arch/arm/core/offsets/offsets.c.obj
                0x0000000000031fb0                _OffsetAbsSyms
 .text.chunk_size
                0x0000000000031fb2        0xa zephyr/libzephyr.a(heap.c.obj)
 .text.free_list_add
                0x0000000000031fbc       0x4e zephyr/libzephyr.a(heap.c.obj)
 .text.free_list_remove_bidx
                0x000000000003200a       0x3a zephyr/libzephyr.a(heap.c.obj)
 .text.free_list_remove
                0x0000000000032044       0x1a zephyr/libzephyr.a(heap.c.obj)
 .text.alloc_chunk
                0x000000000003205e       0x6e zephyr/libzephyr.a(heap.c.obj)
 .text.merge_chunks
                0x00000000000320cc       0x2c zephyr/libzephyr.a(heap.c.obj)
 .text.split_chunks
                0x00000000000320f8       0x34 zephyr/libzephyr.a(heap.c.obj)
 .text.free_chunk
                0x000000000003212c       0x62 zephyr/libzephyr.a(heap.c.obj)
 .text.sys_heap_free
                0x000000000003218e       0x1e zephyr/libzephyr.a(heap.c.obj)
                0x000000000003218e                sys_heap_free
 .text.sys_heap_alloc
                0x00000000000321ac       0x52 zephyr/libzephyr.a(heap.c.obj)
                0x00000000000321ac                sys_heap_alloc
 .text.sys_heap_aligned_alloc
                0x00000000000321fe       0xd0 zephyr/libzephyr.a(heap.c.obj)
                0x00000000000321fe                sys_heap_aligned_alloc
 .text.sys_heap_init
                0x00000000000322ce       0x7a zephyr/libzephyr.a(heap.c.obj)
                0x00000000000322ce                sys_heap_init
 .text.cbpprintf_external
                0x0000000000032348       0x62 zephyr/libzephyr.a(cbprintf_packaged.c.obj)
                0x0000000000032348                cbpprintf_external
 .text.is_ptr   0x00000000000323aa       0x4a zephyr/libzephyr.a(cbprintf_packaged.c.obj)
                0x00000000000323aa                is_ptr
 .text.arch_printk_char_out
                0x00000000000323f4        0x4 zephyr/libzephyr.a(printk.c.obj)
                0x00000000000323f4                arch_printk_char_out
 .text.printk   0x00000000000323f8       0x1a zephyr/libzephyr.a(printk.c.obj)
                0x00000000000323f8                printk
 .text.free_space
                0x0000000000032412       0x26 zephyr/libzephyr.a(mpsc_pbuf.c.obj)
 .text.get_usage
                0x0000000000032438       0x22 zephyr/libzephyr.a(mpsc_pbuf.c.obj)
 .text.idx_inc  0x000000000003245a       0x1c zephyr/libzephyr.a(mpsc_pbuf.c.obj)
 .text.rd_idx_inc
                0x0000000000032476       0x18 zephyr/libzephyr.a(mpsc_pbuf.c.obj)
 .text.add_skip_item
                0x000000000003248e       0x3a zephyr/libzephyr.a(mpsc_pbuf.c.obj)
 .text.drop_item_locked
                0x00000000000324c8       0xee zephyr/libzephyr.a(mpsc_pbuf.c.obj)
 .text.post_drop_action
                0x00000000000325b6       0x36 zephyr/libzephyr.a(mpsc_pbuf.c.obj)
 .text.max_utilization_update
                0x00000000000325ec       0x1a zephyr/libzephyr.a(mpsc_pbuf.c.obj)
 .text.mpsc_pbuf_init
                0x0000000000032606       0x42 zephyr/libzephyr.a(mpsc_pbuf.c.obj)
                0x0000000000032606                mpsc_pbuf_init
 .text.mpsc_pbuf_alloc
                0x0000000000032648       0xf8 zephyr/libzephyr.a(mpsc_pbuf.c.obj)
                0x0000000000032648                mpsc_pbuf_alloc
 .text.mpsc_pbuf_commit
                0x0000000000032740       0x3e zephyr/libzephyr.a(mpsc_pbuf.c.obj)
                0x0000000000032740                mpsc_pbuf_commit
 .text.mpsc_pbuf_claim
                0x000000000003277e       0xa8 zephyr/libzephyr.a(mpsc_pbuf.c.obj)
                0x000000000003277e                mpsc_pbuf_claim
 .text.mpsc_pbuf_free
                0x0000000000032826       0x76 zephyr/libzephyr.a(mpsc_pbuf.c.obj)
                0x0000000000032826                mpsc_pbuf_free
 .text.mpsc_pbuf_is_pending
                0x000000000003289c       0x1a zephyr/libzephyr.a(mpsc_pbuf.c.obj)
                0x000000000003289c                mpsc_pbuf_is_pending
 .text.sys_slist_find_and_remove
                0x00000000000328b6       0x36 zephyr/libzephyr.a(onoff.c.obj)
 .text.process_recheck
                0x00000000000328ec       0x38 zephyr/libzephyr.a(onoff.c.obj)
 .text.validate_args
                0x0000000000032924       0x20 zephyr/libzephyr.a(onoff.c.obj)
 .text.notify_one
                0x0000000000032944       0x2c zephyr/libzephyr.a(onoff.c.obj)
 .text.transition_complete
                0x0000000000032970       0x1a zephyr/libzephyr.a(onoff.c.obj)
 .text.onoff_manager_init
                0x000000000003298a       0x26 zephyr/libzephyr.a(onoff.c.obj)
                0x000000000003298a                onoff_manager_init
 .text.onoff_request
                0x00000000000329b0       0xae zephyr/libzephyr.a(onoff.c.obj)
                0x00000000000329b0                onoff_request
 .text.onoff_release
                0x0000000000032a5e       0x48 zephyr/libzephyr.a(onoff.c.obj)
                0x0000000000032a5e                onoff_release
 .text.onoff_cancel
                0x0000000000032aa6       0x36 zephyr/libzephyr.a(onoff.c.obj)
                0x0000000000032aa6                onoff_cancel
 .text.sys_notify_validate
                0x0000000000032adc       0x22 zephyr/libzephyr.a(notify.c.obj)
                0x0000000000032adc                sys_notify_validate
 .text.sys_notify_finalize
                0x0000000000032afe       0x1a zephyr/libzephyr.a(notify.c.obj)
                0x0000000000032afe                sys_notify_finalize
 .text.ring_buf_put_claim
                0x0000000000032b18       0x3e zephyr/libzephyr.a(ring_buffer.c.obj)
                0x0000000000032b18                ring_buf_put_claim
 .text.ring_buf_put_finish
                0x0000000000032b56       0x2a zephyr/libzephyr.a(ring_buffer.c.obj)
                0x0000000000032b56                ring_buf_put_finish
 .text.ring_buf_put
                0x0000000000032b80       0x3e zephyr/libzephyr.a(ring_buffer.c.obj)
                0x0000000000032b80                ring_buf_put
 .text.ring_buf_get_claim
                0x0000000000032bbe       0x40 zephyr/libzephyr.a(ring_buffer.c.obj)
                0x0000000000032bbe                ring_buf_get_claim
 .text.ring_buf_get_finish
                0x0000000000032bfe       0x2a zephyr/libzephyr.a(ring_buffer.c.obj)
                0x0000000000032bfe                ring_buf_get_finish
 .text.ring_buf_get
                0x0000000000032c28       0x40 zephyr/libzephyr.a(ring_buffer.c.obj)
                0x0000000000032c28                ring_buf_get
 .text._ConfigAbsSyms
                0x0000000000032c68        0x2 zephyr/libzephyr.a(configs.c.obj)
                0x0000000000032c68                _ConfigAbsSyms
 .text.log_msg_generic_get_wlen
                0x0000000000032c6a       0x20 zephyr/libzephyr.a(log_core.c.obj)
 .text.dummy_timestamp
                0x0000000000032c8a        0x4 zephyr/libzephyr.a(log_core.c.obj)
 .text.default_get_timestamp
                0x0000000000032c8e        0x4 zephyr/libzephyr.a(log_core.c.obj)
 .text.atomic_inc
                0x0000000000032c92       0x1a zephyr/libzephyr.a(log_core.c.obj)
 .text.z_log_vprintk
                0x0000000000032cac       0x1c zephyr/libzephyr.a(log_core.c.obj)
                0x0000000000032cac                z_log_vprintk
 .text.z_log_notify_drop
                0x0000000000032cc8        0x6 zephyr/libzephyr.a(log_core.c.obj)
 .text.z_log_get_tag
                0x0000000000032cce        0x4 zephyr/libzephyr.a(log_core.c.obj)
                0x0000000000032cce                z_log_get_tag
 .text.z_cbprintf_cpy
                0x0000000000032cd2       0x2c zephyr/libzephyr.a(log_msg.c.obj)
 .text.z_log_msg_finalize
                0x0000000000032cfe       0x32 zephyr/libzephyr.a(log_msg.c.obj)
                0x0000000000032cfe                z_log_msg_finalize
 .text.z_log_msg_simple_create
                0x0000000000032d30       0x6e zephyr/libzephyr.a(log_msg.c.obj)
 .text.z_impl_z_log_msg_simple_create_0
                0x0000000000032d9e       0x12 zephyr/libzephyr.a(log_msg.c.obj)
                0x0000000000032d9e                z_impl_z_log_msg_simple_create_0
 .text.z_impl_z_log_msg_simple_create_1
                0x0000000000032db0       0x14 zephyr/libzephyr.a(log_msg.c.obj)
                0x0000000000032db0                z_impl_z_log_msg_simple_create_1
 .text.z_impl_z_log_msg_simple_create_2
                0x0000000000032dc4       0x18 zephyr/libzephyr.a(log_msg.c.obj)
                0x0000000000032dc4                z_impl_z_log_msg_simple_create_2
 .text.buffer_write
                0x0000000000032ddc       0x1c zephyr/libzephyr.a(log_output.c.obj)
 .text.log_output_flush
                0x0000000000032df8       0x1a zephyr/libzephyr.a(log_output.c.obj)
                0x0000000000032df8                log_output_flush
 .text.out_func
                0x0000000000032e12       0x36 zephyr/libzephyr.a(log_output.c.obj)
 .text.cr_out_func
                0x0000000000032e48       0x1c zephyr/libzephyr.a(log_output.c.obj)
 .text.log_output_msg_process
                0x0000000000032e64       0x6a zephyr/libzephyr.a(log_output.c.obj)
                0x0000000000032e64                log_output_msg_process
 .text.format_set
                0x0000000000032ece        0xc zephyr/libzephyr.a(log_backend_uart.c.obj)
 .text.log_backend_uart_init
                0x0000000000032eda        0xc zephyr/libzephyr.a(log_backend_uart.c.obj)
 .text.panic    0x0000000000032ee6       0x10 zephyr/libzephyr.a(log_backend_uart.c.obj)
 .text.dropped  0x0000000000032ef6        0xa zephyr/libzephyr.a(log_backend_uart.c.obj)
 .text.process  0x0000000000032f00       0x1e zephyr/libzephyr.a(log_backend_uart.c.obj)
 .text.z_log_msg_simple_create_1
                0x0000000000032f1e        0x4 zephyr/libzephyr.a(usb_device.c.obj)
 .text.get_ep_bm_from_addr
                0x0000000000032f22       0x1c zephyr/libzephyr.a(usb_device.c.obj)
 .text.usb_device_init
                0x0000000000032f3e        0x6 zephyr/libzephyr.a(usb_device.c.obj)
 .text.usb_get_dev_data_by_cfg
                0x0000000000032f44       0x18 zephyr/libzephyr.a(usb_descriptor.c.obj)
                0x0000000000032f44                usb_get_dev_data_by_cfg
 .text.usb_get_dev_data_by_iface
                0x0000000000032f5c       0x1c zephyr/libzephyr.a(usb_descriptor.c.obj)
                0x0000000000032f5c                usb_get_dev_data_by_iface
 .text.usb_get_dev_data_by_ep
                0x0000000000032f78       0x2c zephyr/libzephyr.a(usb_descriptor.c.obj)
                0x0000000000032f78                usb_get_dev_data_by_ep
 .text.usb_transfer_is_busy
                0x0000000000032fa4       0x16 zephyr/libzephyr.a(usb_transfer.c.obj)
                0x0000000000032fa4                usb_transfer_is_busy
 .text.cdc_interface_config
                0x0000000000032fba       0x14 zephyr/libzephyr.a(cdc_acm.c.obj)
 .text.cdc_acm_irq_callback_work_handler
                0x0000000000032fce        0xa zephyr/libzephyr.a(cdc_acm.c.obj)
 .text.cdc_acm_irq_tx_disable
                0x0000000000032fd8        0xa zephyr/libzephyr.a(cdc_acm.c.obj)
 .text.cdc_acm_irq_tx_ready
                0x0000000000032fe2        0xe zephyr/libzephyr.a(cdc_acm.c.obj)
 .text.cdc_acm_irq_rx_disable
                0x0000000000032ff0        0xa zephyr/libzephyr.a(cdc_acm.c.obj)
 .text.cdc_acm_irq_rx_ready
                0x0000000000032ffa        0x8 zephyr/libzephyr.a(cdc_acm.c.obj)
 .text.cdc_acm_irq_is_pending
                0x0000000000033002       0x1e zephyr/libzephyr.a(cdc_acm.c.obj)
 .text.cdc_acm_irq_update
                0x0000000000033020        0x4 zephyr/libzephyr.a(cdc_acm.c.obj)
 .text.cdc_acm_irq_callback_set
                0x0000000000033024        0x8 zephyr/libzephyr.a(cdc_acm.c.obj)
 .text.cdc_acm_configure
                0x000000000003302c       0x18 zephyr/libzephyr.a(cdc_acm.c.obj)
 .text.cdc_acm_config_get
                0x0000000000033044       0x5c zephyr/libzephyr.a(cdc_acm.c.obj)
 .text.cdc_acm_fifo_read
                0x00000000000330a0       0x54 zephyr/libzephyr.a(cdc_acm.c.obj)
 .text.cdc_acm_poll_in
                0x00000000000330f4       0x12 zephyr/libzephyr.a(cdc_acm.c.obj)
 .text.abort_function
                0x0000000000033106        0x2 zephyr/libzephyr.a(nrf_cc3xx_platform_abort_zephyr.c.obj)
 .text.z_do_kernel_oops
                0x0000000000033108        0x8 zephyr/arch/arch/arm/core/libarch__arm__core.a(fatal.c.obj)
                0x0000000000033108                z_do_kernel_oops
 .text.z_arm_nmi
                0x0000000000033110        0xe zephyr/arch/arch/arm/core/libarch__arm__core.a(nmi.c.obj)
                0x0000000000033110                z_arm_nmi
 .text.z_log_msg_simple_create_0.constprop.0
                0x000000000003311e        0x8 zephyr/arch/arch/arm/core/cortex_m/libarch__arm__core__cortex_m.a(fault.c.obj)
 .text.z_irq_spurious
                0x0000000000033126        0x8 zephyr/arch/arch/arm/core/cortex_m/libarch__arm__core__cortex_m.a(irq_manage.c.obj)
                0x0000000000033126                z_irq_spurious
 .text.arch_irq_unlock_outlined
                0x000000000003312e        0xe zephyr/arch/arch/arm/core/cortex_m/libarch__arm__core__cortex_m.a(thread.c.obj)
                0x000000000003312e                arch_irq_unlock_outlined
 .text.arch_cpu_idle
                0x000000000003313c       0x1a zephyr/arch/arch/arm/core/cortex_m/libarch__arm__core__cortex_m.a(cpu_idle.c.obj)
                0x000000000003313c                arch_cpu_idle
 .text.arch_cpu_atomic_idle
                0x0000000000033156       0x1e zephyr/arch/arch/arm/core/cortex_m/libarch__arm__core__cortex_m.a(cpu_idle.c.obj)
                0x0000000000033156                arch_cpu_atomic_idle
 .text.size_to_mpu_rasr_size
                0x0000000000033174       0x20 zephyr/arch/arch/arm/core/mpu/libarch__arm__core__mpu.a(arm_mpu.c.obj)
 .text.cbputc   0x0000000000033194        0xc zephyr/lib/libc/picolibc/liblib__libc__picolibc.a(libc-hooks.c.obj)
 .text.picolibc_put
                0x00000000000331a0        0xa zephyr/lib/libc/picolibc/liblib__libc__picolibc.a(libc-hooks.c.obj)
 .text.modem_chat_pipe_callback
                0x00000000000331aa       0x18 zephyr/subsys/modem/libsubsys__modem.a(modem_chat.c.obj)
 .text.modem_chat_script_chat_schedule_send_timeout
                0x00000000000331c2       0x36 zephyr/subsys/modem/libsubsys__modem.a(modem_chat.c.obj)
 .text.modem_chat_script_abort_handler
                0x00000000000331f8       0x10 zephyr/subsys/modem/libsubsys__modem.a(modem_chat.c.obj)
 .text.modem_chat_script_timeout_handler
                0x0000000000033208        0x8 zephyr/subsys/modem/libsubsys__modem.a(modem_chat.c.obj)
 .text.modem_chat_script_next
                0x0000000000033210       0x56 zephyr/subsys/modem/libsubsys__modem.a(modem_chat.c.obj)
 .text.modem_chat_script_send_timeout_handler
                0x0000000000033266       0x10 zephyr/subsys/modem/libsubsys__modem.a(modem_chat.c.obj)
 .text.modem_chat_on_command_received
                0x0000000000033276       0x72 zephyr/subsys/modem/libsubsys__modem.a(modem_chat.c.obj)
 .text.modem_chat_script_run_handler
                0x00000000000332e8       0x58 zephyr/subsys/modem/libsubsys__modem.a(modem_chat.c.obj)
 .text.modem_chat_script_send_handler
                0x0000000000033340       0x7e zephyr/subsys/modem/libsubsys__modem.a(modem_chat.c.obj)
 .text.modem_chat_release
                0x00000000000333be       0x84 zephyr/subsys/modem/libsubsys__modem.a(modem_chat.c.obj)
                0x00000000000333be                modem_chat_release
 .text.k_mutex_lock.constprop.0.isra.0
                0x0000000000033442        0x4 zephyr/subsys/modem/libsubsys__modem.a(modem_pipe.c.obj)
 .text.k_mutex_unlock.isra.0
                0x0000000000033446        0x4 zephyr/subsys/modem/libsubsys__modem.a(modem_pipe.c.obj)
 .text.modem_pipe_init
                0x000000000003344a       0x32 zephyr/subsys/modem/libsubsys__modem.a(modem_pipe.c.obj)
                0x000000000003344a                modem_pipe_init
 .text.modem_pipe_open
                0x000000000003347c       0x60 zephyr/subsys/modem/libsubsys__modem.a(modem_pipe.c.obj)
                0x000000000003347c                modem_pipe_open
 .text.modem_pipe_attach
                0x00000000000334dc       0x4e zephyr/subsys/modem/libsubsys__modem.a(modem_pipe.c.obj)
                0x00000000000334dc                modem_pipe_attach
 .text.modem_pipe_transmit
                0x000000000003352a       0x4e zephyr/subsys/modem/libsubsys__modem.a(modem_pipe.c.obj)
                0x000000000003352a                modem_pipe_transmit
 .text.modem_pipe_receive
                0x0000000000033578       0x4e zephyr/subsys/modem/libsubsys__modem.a(modem_pipe.c.obj)
                0x0000000000033578                modem_pipe_receive
 .text.modem_pipe_release