Archive member included to satisfy reference by file (symbol)

app/libapp.a(main.c.obj)      (--whole-archive)
zephyr/libzephyr.a(heap.c.obj)
                              (--whole-archive)
zephyr/libzephyr.a(cbprintf_packaged.c.obj)
                              (--whole-archive)
zephyr/libzephyr.a(printk.c.obj)
                              (--whole-archive)
zephyr/libzephyr.a(sem.c.obj)
                              (--whole-archive)
zephyr/libzephyr.a(thread_entry.c.obj)
                              (--whole-archive)
zephyr/libzephyr.a(cbprintf_complete.c.obj)
                              (--whole-archive)
zephyr/libzephyr.a(assert.c.obj)
                              (--whole-archive)
zephyr/libzephyr.a(mpsc_pbuf.c.obj)
                              (--whole-archive)
zephyr/libzephyr.a(dec.c.obj)
                              (--whole-archive)
zephyr/libzephyr.a(hex.c.obj)
                              (--whole-archive)
zephyr/libzephyr.a(rb.c.obj)  (--whole-archive)
zephyr/libzephyr.a(timeutil.c.obj)
                              (--whole-archive)
zephyr/libzephyr.a(bitarray.c.obj)
                              (--whole-archive)
zephyr/libzephyr.a(onoff.c.obj)
                              (--whole-archive)
zephyr/libzephyr.a(notify.c.obj)
                              (--whole-archive)
zephyr/libzephyr.a(ring_buffer.c.obj)
                              (--whole-archive)
zephyr/libzephyr.a(configs.c.obj)
                              (--whole-archive)
zephyr/libzephyr.a(log_core.c.obj)
                              (--whole-archive)
zephyr/libzephyr.a(log_mgmt.c.obj)
                              (--whole-archive)
zephyr/libzephyr.a(log_cache.c.obj)
                              (--whole-archive)
zephyr/libzephyr.a(log_msg.c.obj)
                              (--whole-archive)
zephyr/libzephyr.a(log_output.c.obj)
                              (--whole-archive)
zephyr/libzephyr.a(log_backend_uart.c.obj)
                              (--whole-archive)
zephyr/libzephyr.a(mem_attr.c.obj)
                              (--whole-archive)
zephyr/libzephyr.a(tracing_none.c.obj)
                              (--whole-archive)
zephyr/libzephyr.a(usb_device.c.obj)
                              (--whole-archive)
zephyr/libzephyr.a(usb_descriptor.c.obj)
                              (--whole-archive)
zephyr/libzephyr.a(usb_transfer.c.obj)
                              (--whole-archive)
zephyr/libzephyr.a(cdc_acm.c.obj)
                              (--whole-archive)
zephyr/libzephyr.a(usb_work_q.c.obj)
                              (--whole-archive)
zephyr/libzephyr.a(banner.c.obj)
                              (--whole-archive)
zephyr/libzephyr.a(nrf_cc3xx_platform_abort_zephyr.c.obj)
                              (--whole-archive)
zephyr/libzephyr.a(nrf_cc3xx_platform_mutex_zephyr.c.obj)
                              (--whole-archive)
zephyr/arch/common/libarch__common.a(sw_isr_common.c.obj)
                              (--whole-archive)
zephyr/arch/arch/arm/core/libarch__arm__core.a(fatal.c.obj)
                              (--whole-archive)
zephyr/arch/arch/arm/core/libarch__arm__core.a(nmi.c.obj)
                              (--whole-archive)
zephyr/arch/arch/arm/core/libarch__arm__core.a(nmi_on_reset.S.obj)
                              (--whole-archive)
zephyr/arch/arch/arm/core/libarch__arm__core.a(tls.c.obj)
                              (--whole-archive)
zephyr/arch/arch/arm/core/cortex_m/libarch__arm__core__cortex_m.a(exc_exit.c.obj)
                              (--whole-archive)
zephyr/arch/arch/arm/core/cortex_m/libarch__arm__core__cortex_m.a(fault.c.obj)
                              (--whole-archive)
zephyr/arch/arch/arm/core/cortex_m/libarch__arm__core__cortex_m.a(fault_s.S.obj)
                              (--whole-archive)
zephyr/arch/arch/arm/core/cortex_m/libarch__arm__core__cortex_m.a(fpu.c.obj)
                              (--whole-archive)
zephyr/arch/arch/arm/core/cortex_m/libarch__arm__core__cortex_m.a(reset.S.obj)
                              (--whole-archive)
zephyr/arch/arch/arm/core/cortex_m/libarch__arm__core__cortex_m.a(scb.c.obj)
                              (--whole-archive)
zephyr/arch/arch/arm/core/cortex_m/libarch__arm__core__cortex_m.a(thread_abort.c.obj)
                              (--whole-archive)
zephyr/arch/arch/arm/core/cortex_m/libarch__arm__core__cortex_m.a(vector_table.S.obj)
                              (--whole-archive)
zephyr/arch/arch/arm/core/cortex_m/libarch__arm__core__cortex_m.a(swap.c.obj)
                              (--whole-archive)
zephyr/arch/arch/arm/core/cortex_m/libarch__arm__core__cortex_m.a(swap_helper.S.obj)
                              (--whole-archive)
zephyr/arch/arch/arm/core/cortex_m/libarch__arm__core__cortex_m.a(irq_manage.c.obj)
                              (--whole-archive)
zephyr/arch/arch/arm/core/cortex_m/libarch__arm__core__cortex_m.a(prep_c.c.obj)
                              (--whole-archive)
[...]
Memory Configuration

Name             Origin             Length             Attributes
FLASH            0x0000000000027000 0x00000000000c5000 xr
RAM              0x0000000020000000 0x0000000000040000 xw
IDT_LIST         0x00000000ffff7fff 0x0000000000008000 xw
*default*        0x0000000000000000 0xffffffffffffffff

Linker script and memory map

                0x00000000000316c4                vfprintf = __l_vfprintf
                0x0000000000000000                vfscanf = __l_vfscanf
LOAD zephyr/CMakeFiles/zephyr_pre0.dir/misc/empty_file.c.obj
LOAD zephyr/CMakeFiles/offsets.dir/./arch/arm/core/offsets/offsets.c.obj
LOAD app/libapp.a
LOAD zephyr/libzephyr.a
LOAD zephyr/arch/common/libarch__common.a
LOAD zephyr/arch/arch/arm/core/libarch__arm__core.a
LOAD zephyr/arch/arch/arm/core/cortex_m/libarch__arm__core__cortex_m.a
LOAD zephyr/arch/arch/arm/core/mpu/libarch__arm__core__mpu.a
LOAD zephyr/lib/libc/picolibc/liblib__libc__picolibc.a
LOAD zephyr/lib/libc/common/liblib__libc__common.a
LOAD zephyr/soc/soc/nrf52840/libsoc__nordic.a
LOAD zephyr/subsys/modem/libsubsys__modem.a
LOAD zephyr/subsys/modem/backends/libsubsys__modem__backends.a
LOAD zephyr/drivers/usb/device/libdrivers__usb__device.a
LOAD zephyr/drivers/usb/common/nrf_usbd_common/libdrivers__usb__common__nrf_usbd_common.a
LOAD zephyr/drivers/clock_control/libdrivers__clock_control.a
LOAD zephyr/drivers/console/libdrivers__console.a
LOAD zephyr/drivers/gnss/libdrivers__gnss.a
LOAD zephyr/drivers/gpio/libdrivers__gpio.a
LOAD zephyr/drivers/hwinfo/libdrivers__hwinfo.a
LOAD zephyr/drivers/pinctrl/libdrivers__pinctrl.a
LOAD zephyr/drivers/serial/libdrivers__serial.a
LOAD zephyr/drivers/timer/libdrivers__timer.a
LOAD modules/nrf/drivers/hw_cc3xx/lib..__nrf__drivers__hw_cc3xx.a
LOAD modules/hal_nordic/nrfx/libmodules__hal_nordic__nrfx.a
LOAD zephyr/kernel/libkernel.a
LOAD c:/ncs/toolchains/ce3b5ff664/opt/zephyr-sdk/arm-zephyr-eabi/bin/../lib/gcc/arm-zephyr-eabi/12.2.0/thumb/v7e-m/nofp\libgcc.a
LOAD zephyr/arch/common/libisr_tables.a
LOAD C:/ncs/v2.7.0/nrfxlib/crypto/nrf_cc310_platform/lib/cortex-m4/soft-float/no-interrupts/libnrf_cc310_platform_0.9.19.a
LOAD c:\ncs\toolchains\ce3b5ff664\opt\zephyr-sdk\arm-zephyr-eabi\bin\../lib/gcc/../../picolibc/arm-zephyr-eabi/lib/thumb/v7e-m/nofp\libc.a
LOAD c:/ncs/toolchains/ce3b5ff664/opt/zephyr-sdk/arm-zephyr-eabi/bin/../lib/gcc/arm-zephyr-eabi/12.2.0/thumb/v7e-m/nofp\libgcc.a
                0x0000000000000020                _region_min_align = 0x20

.rel.plt        0x0000000000027000        0x0
 *(SORT_BY_ALIGNMENT(.rel.plt))
                [!provide]                        PROVIDE (__rel_iplt_start = .)
 *(SORT_BY_ALIGNMENT(.rel.iplt))
 .rel.iplt      0x0000000000027000        0x0 app/libapp.a(main.c.obj)
                [!provide]                        PROVIDE (__rel_iplt_end = .)

.rela.plt       0x0000000000000000        0x0
 *(SORT_BY_ALIGNMENT(.rela.plt))
                [!provide]                        PROVIDE (__rela_iplt_start = .)
 *(SORT_BY_ALIGNMENT(.rela.iplt))
                [!provide]                        PROVIDE (__rela_iplt_end = .)

.rel.dyn
 *(SORT_BY_ALIGNMENT(.rel.*))

.rela.dyn
 *(SORT_BY_ALIGNMENT(.rela.*))

/DISCARD/
 *(SORT_BY_ALIGNMENT(.plt))

/DISCARD/
 *(SORT_BY_ALIGNMENT(.iplt))
                0x0000000000027000                __rom_region_start = 0x27000

rom_start       0x0000000000027000      0x100
                0x0000000000027000                __rom_start_address = .
 FILL mask 0x00
                0x0000000000027000                . = (. + (0x0 - (. - __rom_start_address)))
                0x0000000000027000                . = ALIGN (0x4)
                0x0000000000027000                . = ALIGN (0x80)
                0x0000000000027000                . = ALIGN (0x100)
                0x0000000000027000                _vector_start = .
 *(SORT_BY_ALIGNMENT(.exc_vector_table))
 *(SORT_BY_ALIGNMENT(.exc_vector_table.*))
 .exc_vector_table._vector_table_section
                0x0000000000027000       0x40 zephyr/arch/arch/arm/core/cortex_m/libarch__arm__core__cortex_m.a(vector_table.S.obj)
                0x0000000000027000                _vector_table
 *(SORT_BY_ALIGNMENT(.vectors))
                0x0000000000027100                _vector_end = .
                0x0000000000027040                . = ALIGN (0x4)
 *(SORT_BY_ALIGNMENT(.gnu.linkonce.irq_vector_table*))
 .gnu.linkonce.irq_vector_table
                0x0000000000027040       0xc0 zephyr/arch/common/libisr_tables.a(isr_tables.c.obj)
                0x0000000000027040                _irq_vector_table
                0x0000000000027100                _vector_end = .

text            0x0000000000027100     0xddcc
                0x0000000000027100                __text_region_start = .
 *(SORT_BY_ALIGNMENT(.text))
 .text          0x0000000000027100       0xa0 c:/ncs/toolchains/ce3b5ff664/opt/zephyr-sdk/arm-zephyr-eabi/bin/../lib/gcc/arm-zephyr-eabi/12.2.0/thumb/v7e-m/nofp\libgcc.a(_aeabi_ldivmod.o)
                0x0000000000027100                __aeabi_ldivmod
 .text          0x00000000000271a0       0x30 c:/ncs/toolchains/ce3b5ff664/opt/zephyr-sdk/arm-zephyr-eabi/bin/../lib/gcc/arm-zephyr-eabi/12.2.0/thumb/v7e-m/nofp\libgcc.a(_aeabi_uldivmod.o)
                0x00000000000271a0                __aeabi_uldivmod
 .text          0x00000000000271d0        0x4 c:/ncs/toolchains/ce3b5ff664/opt/zephyr-sdk/arm-zephyr-eabi/bin/../lib/gcc/arm-zephyr-eabi/12.2.0/thumb/v7e-m/nofp\libgcc.a(_dvmd_tls.o)
                0x00000000000271d0                __aeabi_idiv0
                0x00000000000271d0                __aeabi_ldiv0
 .text          0x00000000000271d4      0x2a0 c:/ncs/toolchains/ce3b5ff664/opt/zephyr-sdk/arm-zephyr-eabi/bin/../lib/gcc/arm-zephyr-eabi/12.2.0/thumb/v7e-m/nofp\libgcc.a(_udivmoddi4.o)
                0x00000000000271d4                __udivmoddi4
 .text          0x0000000000027474       0x10 c:\ncs\toolchains\ce3b5ff664\opt\zephyr-sdk\arm-zephyr-eabi\bin\../lib/gcc/../../picolibc/arm-zephyr-eabi/lib/thumb/v7e-m/nofp\libc.a(strlen.S.o)
                0x0000000000027474                strlen
 *(SORT_BY_ALIGNMENT(.text.*))
 .text.gnss_data_cb.part.0
                0x0000000000027484       0x14 app/libapp.a(main.c.obj)
 .text.gnss_data_cb
                0x0000000000027498       0x1c app/libapp.a(main.c.obj)
 .text.main     0x00000000000274b4       0x24 app/libapp.a(main.c.obj)
                0x00000000000274b4                main
 .text.cbvprintf_package
                0x00000000000274d8      0x3a4 zephyr/libzephyr.a(cbprintf_packaged.c.obj)
                0x00000000000274d8                cbvprintf_package
 .text.cbprintf_package_convert
                0x000000000002787c      0x3c0 zephyr/libzephyr.a(cbprintf_packaged.c.obj)
                0x000000000002787c                cbprintf_package_convert
 .text.__printk_hook_install
                0x0000000000027c3c        0xc zephyr/libzephyr.a(printk.c.obj)
                0x0000000000027c3c                __printk_hook_install
 .text.z_thread_entry
                0x0000000000027c48       0x34 zephyr/libzephyr.a(thread_entry.c.obj)
                0x0000000000027c48                z_thread_entry
 .text.process_event
                0x0000000000027c7c      0x21c zephyr/libzephyr.a(onoff.c.obj)
 .text.activate_foreach_backend
                0x0000000000027e98       0x64 zephyr/libzephyr.a(log_core.c.obj)
 .text.enable_logger
                0x0000000000027efc       0x5c zephyr/libzephyr.a(log_core.c.obj)
 .text.log_process_thread_timer_expiry_fn
                0x0000000000027f58        0xc zephyr/libzephyr.a(log_core.c.obj)
 .text.z_log_init
                0x0000000000027f64       0x90 zephyr/libzephyr.a(log_core.c.obj)
 .text.log_format_func_t_get
                0x0000000000027ff4        0xc zephyr/libzephyr.a(log_core.c.obj)
                0x0000000000027ff4                log_format_func_t_get
 .text.log_set_timestamp_func
                0x0000000000028000       0x20 zephyr/libzephyr.a(log_core.c.obj)
                0x0000000000028000                log_set_timestamp_func
 .text.z_log_notify_backend_enabled
                0x0000000000028020       0x1c zephyr/libzephyr.a(log_core.c.obj)
                0x0000000000028020                z_log_notify_backend_enabled
 .text.z_log_dropped
                0x000000000002803c       0x30 zephyr/libzephyr.a(log_core.c.obj)
                0x000000000002803c                z_log_dropped
 .text.z_log_dropped_read_and_clear
                0x000000000002806c       0x20 zephyr/libzephyr.a(log_core.c.obj)
                0x000000000002806c                z_log_dropped_read_and_clear
 .text.dropped_notify
                0x000000000002808c       0x30 zephyr/libzephyr.a(log_core.c.obj)
                0x000000000002808c                dropped_notify
 .text.z_log_msg_init
                0x00000000000280bc       0x20 zephyr/libzephyr.a(log_core.c.obj)
                0x00000000000280bc                z_log_msg_init
 .text.log_core_init
                0x00000000000280dc       0x34 zephyr/libzephyr.a(log_core.c.obj)
                0x00000000000280dc                log_core_init
 .text.z_log_msg_alloc
                0x0000000000028110       0x10 zephyr/libzephyr.a(log_core.c.obj)
                0x0000000000028110                z_log_msg_alloc
 .text.z_log_msg_local_claim
                0x0000000000028120        0xc zephyr/libzephyr.a(log_core.c.obj)
                0x0000000000028120                z_log_msg_local_claim
 .text.z_log_msg_free
                0x000000000002812c       0x10 zephyr/libzephyr.a(log_core.c.obj)
                0x000000000002812c                z_log_msg_free
 .text.z_log_msg_pending
                0x000000000002813c        0xc zephyr/libzephyr.a(log_core.c.obj)
                0x000000000002813c                z_log_msg_pending
 .text.z_impl_log_process
                0x0000000000028148       0xbc zephyr/libzephyr.a(log_core.c.obj)
                0x0000000000028148                z_impl_log_process
 .text.z_impl_log_panic
                0x0000000000028204       0x44 zephyr/libzephyr.a(log_core.c.obj)
                0x0000000000028204                z_impl_log_panic
 .text.log_process_thread_func
                0x0000000000028248       0xa4 zephyr/libzephyr.a(log_core.c.obj)
 .text.z_log_msg_post_finalize
                0x00000000000282ec       0x78 zephyr/libzephyr.a(log_core.c.obj)
 .text.z_log_msg_commit
                0x0000000000028364       0x24 zephyr/libzephyr.a(log_core.c.obj)
                0x0000000000028364                z_log_msg_commit
 .text.log_source_name_get
                0x0000000000028388       0x1c zephyr/libzephyr.a(log_mgmt.c.obj)
                0x0000000000028388                log_source_name_get
 .text.log_backend_enable
                0x00000000000283a4       0x28 zephyr/libzephyr.a(log_mgmt.c.obj)
                0x00000000000283a4                log_backend_enable
 .text.z_impl_z_log_msg_static_create
                0x00000000000283cc      0x108 zephyr/libzephyr.a(log_msg.c.obj)
                0x00000000000283cc                z_impl_z_log_msg_static_create
 .text.z_log_msg_runtime_vcreate
                0x00000000000284d4       0x8c zephyr/libzephyr.a(log_msg.c.obj)
                0x00000000000284d4                z_log_msg_runtime_vcreate
 .text.log_msg_get_source_id
                0x0000000000028560       0x18 zephyr/libzephyr.a(log_msg.c.obj)
                0x0000000000028560                log_msg_get_source_id
 .text.print_formatted
                0x0000000000028578       0x24 zephyr/libzephyr.a(log_output.c.obj)
 .text.newline_print
                0x000000000002859c       0x1c zephyr/libzephyr.a(log_output.c.obj)
 .text.log_output_process
                0x00000000000285b8      0x2d4 zephyr/libzephyr.a(log_output.c.obj)
                0x00000000000285b8                log_output_process
 .text.log_output_dropped_process
                0x000000000002888c       0x58 zephyr/libzephyr.a(log_output.c.obj)
                0x000000000002888c                log_output_dropped_process
 .text.log_output_timestamp_freq_set
                0x00000000000288e4       0x2c zephyr/libzephyr.a(log_output.c.obj)
                0x00000000000288e4                log_output_timestamp_freq_set
 .text.char_out
                0x0000000000028910       0x24 zephyr/libzephyr.a(log_backend_uart.c.obj)
 .text.mem_attr_get_regions
                0x0000000000028934        0xc zephyr/libzephyr.a(mem_attr.c.obj)
                0x0000000000028934                mem_attr_get_regions
 .text.class_handler
                0x0000000000028940       0x40 zephyr/libzephyr.a(usb_device.c.obj)
 .text.custom_handler
                0x0000000000028980       0x60 zephyr/libzephyr.a(usb_device.c.obj)
 .text.vendor_handler
                0x00000000000289e0       0x3c zephyr/libzephyr.a(usb_device.c.obj)
 .text.usb_reset_alt_setting
                0x0000000000028a1c       0x10 zephyr/libzephyr.a(usb_device.c.obj)
 .text.is_ep_valid.part.0
                0x0000000000028a2c       0x38 zephyr/libzephyr.a(usb_device.c.obj)
 .text.get_ep_bm_from_addr.part.0
                0x0000000000028a64       0x1c zephyr/libzephyr.a(usb_device.c.obj)
 .text.disable_endpoint
                0x0000000000028a80       0x58 zephyr/libzephyr.a(usb_device.c.obj)
 .text.usb_handle_request.constprop.0
                0x0000000000028ad8       0x2c zephyr/libzephyr.a(usb_device.c.obj)
 .text.forward_status_cb
                0x0000000000028b04       0xb0 zephyr/libzephyr.a(usb_device.c.obj)
 .text.usb_halt_endpoint_req.isra.0
                0x0000000000028bb4       0x78 zephyr/libzephyr.a(usb_device.c.obj)
 .text.set_endpoint
                0x0000000000028c2c       0xcc zephyr/libzephyr.a(usb_device.c.obj)
 .text.usb_handle_standard_request
                0x0000000000028cf8      0x2ec zephyr/libzephyr.a(usb_device.c.obj)
 .text.usb_write
                0x0000000000028fe4       0x4c zephyr/libzephyr.a(usb_device.c.obj)
                0x0000000000028fe4                usb_write
 .text.usb_data_to_host
                0x0000000000029030       0x60 zephyr/libzephyr.a(usb_device.c.obj)
 .text.usb_handle_control_transfer
                0x0000000000029090       0xf4 zephyr/libzephyr.a(usb_device.c.obj)
 .text.usb_set_config
                0x0000000000029184       0x2c zephyr/libzephyr.a(usb_device.c.obj)
                0x0000000000029184                usb_set_config
 .text.usb_enable
                0x00000000000291b0      0x160 zephyr/libzephyr.a(usb_device.c.obj)
                0x00000000000291b0                usb_enable
 .text.usb_update_sn_string_descriptor
                0x0000000000029310       0x88 zephyr/libzephyr.a(usb_descriptor.c.obj)
                0x0000000000029310                usb_update_sn_string_descriptor
 .text.usb_get_device_descriptor
                0x0000000000029398      0x258 zephyr/libzephyr.a(usb_descriptor.c.obj)
                0x0000000000029398                usb_get_device_descriptor
 .text.usb_ep_get_transfer
                0x00000000000295f0       0x2c zephyr/libzephyr.a(usb_transfer.c.obj)
 .text.usb_transfer_work
                0x000000000002961c      0x118 zephyr/libzephyr.a(usb_transfer.c.obj)
 .text.usb_transfer_ep_callback
                0x0000000000029734       0x6c zephyr/libzephyr.a(usb_transfer.c.obj)
                0x0000000000029734                usb_transfer_ep_callback
 .text.usb_transfer
                0x00000000000297a0      0x118 zephyr/libzephyr.a(usb_transfer.c.obj)
                0x00000000000297a0                usb_transfer
 .text.usb_cancel_transfer
                0x00000000000298b8       0x3c zephyr/libzephyr.a(usb_transfer.c.obj)
                0x00000000000298b8                usb_cancel_transfer
 .text.usb_cancel_transfers
                0x00000000000298f4       0x44 zephyr/libzephyr.a(usb_transfer.c.obj)
                0x00000000000298f4                usb_cancel_transfers
 .text.usb_transfer_init
                0x0000000000029938       0x34 zephyr/libzephyr.a(usb_transfer.c.obj)
                0x0000000000029938                usb_transfer_init
 .text.cdc_acm_class_handle_req
                0x000000000002996c       0x64 zephyr/libzephyr.a(cdc_acm.c.obj)
                0x000000000002996c                cdc_acm_class_handle_req
 .text.cdc_acm_int_in
                0x00000000000299d0       0x18 zephyr/libzephyr.a(cdc_acm.c.obj)
 .text.cdc_acm_irq_rx_enable
                0x00000000000299e8       0x20 zephyr/libzephyr.a(cdc_acm.c.obj)
 .text.cdc_acm_irq_tx_enable
                0x0000000000029a08       0x20 zephyr/libzephyr.a(cdc_acm.c.obj)
 .text.cdc_acm_write_cb
                0x0000000000029a28       0x54 zephyr/libzephyr.a(cdc_acm.c.obj)
 .text.cdc_acm_fifo_fill
                0x0000000000029a7c       0x38 zephyr/libzephyr.a(cdc_acm.c.obj)
 .text.cdc_acm_reset_port
                0x0000000000029ab4       0x3c zephyr/libzephyr.a(cdc_acm.c.obj)
 .text.tx_work_handler
                0x0000000000029af0       0x64 zephyr/libzephyr.a(cdc_acm.c.obj)
 .text.cdc_acm_init
                0x0000000000029b54       0x48 zephyr/libzephyr.a(cdc_acm.c.obj)
 .text.cdc_acm_poll_out
                0x0000000000029b9c       0x4c zephyr/libzephyr.a(cdc_acm.c.obj)
 .text.cdc_acm_read_cb
                0x0000000000029be8       0x74 zephyr/libzephyr.a(cdc_acm.c.obj)
 .text.cdc_acm_dev_status_cb
                0x0000000000029c5c       0x84 zephyr/libzephyr.a(cdc_acm.c.obj)
 .text.z_usb_work_q_init
                0x0000000000029ce0       0x34 zephyr/libzephyr.a(usb_work_q.c.obj)
 .text.boot_banner
                0x0000000000029d14       0x1c zephyr/libzephyr.a(banner.c.obj)
                0x0000000000029d14                boot_banner
 .text.nrf_cc3xx_platform_abort_init
                0x0000000000029d30        0xc zephyr/libzephyr.a(nrf_cc3xx_platform_abort_zephyr.c.obj)
                0x0000000000029d30                nrf_cc3xx_platform_abort_init
 .text.mutex_free_platform
                0x0000000000029d3c       0x54 zephyr/libzephyr.a(nrf_cc3xx_platform_mutex_zephyr.c.obj)
 .text.mutex_lock_platform
                0x0000000000029d90       0x60 zephyr/libzephyr.a(nrf_cc3xx_platform_mutex_zephyr.c.obj)
 .text.mutex_unlock_platform
                0x0000000000029df0       0x58 zephyr/libzephyr.a(nrf_cc3xx_platform_mutex_zephyr.c.obj)
 .text.mutex_init_platform
                0x0000000000029e48       0x94 zephyr/libzephyr.a(nrf_cc3xx_platform_mutex_zephyr.c.obj)
 .text.nrf_cc3xx_platform_mutex_init
                0x0000000000029edc       0x2c zephyr/libzephyr.a(nrf_cc3xx_platform_mutex_zephyr.c.obj)
                0x0000000000029edc                nrf_cc3xx_platform_mutex_init
 .text.z_arm_fatal_error
                0x0000000000029f08       0xb8 zephyr/arch/arch/arm/core/libarch__arm__core.a(fatal.c.obj)
                0x0000000000029f08                z_arm_fatal_error
 .text.z_SysNmiOnReset
                0x0000000000029fc0        0x8 zephyr/arch/arch/arm/core/libarch__arm__core.a(nmi_on_reset.S.obj)
                0x0000000000029fc0                z_SysNmiOnReset
 .text.arch_tls_stack_setup
                0x0000000000029fc8       0x40 zephyr/arch/arch/arm/core/libarch__arm__core.a(tls.c.obj)
                0x0000000000029fc8                arch_tls_stack_setup
 .text._HandlerModeExit
                0x000000000002a008       0x28 zephyr/arch/arch/arm/core/cortex_m/libarch__arm__core__cortex_m.a(exc_exit.c.obj)
                0x000000000002a008                z_arm_int_exit
                0x000000000002a008                z_arm_exc_exit
 .text.bus_fault.constprop.0
                0x000000000002a030       0xd0 zephyr/arch/arch/arm/core/cortex_m/libarch__arm__core__cortex_m.a(fault.c.obj)
 .text.usage_fault.constprop.0
                0x000000000002a100       0xa8 zephyr/arch/arch/arm/core/cortex_m/libarch__arm__core__cortex_m.a(fault.c.obj)
 .text.mem_manage_fault
                0x000000000002a1a8      0x104 zephyr/arch/arch/arm/core/cortex_m/libarch__arm__core__cortex_m.a(fault.c.obj)
 .text.z_arm_fault
                0x000000000002a2ac      0x1d4 zephyr/arch/arch/arm/core/cortex_m/libarch__arm__core__cortex_m.a(fault.c.obj)
                0x000000000002a2ac                z_arm_fault
 .text.z_arm_fault_init
                0x000000000002a480       0x10 zephyr/arch/arch/arm/core/cortex_m/libarch__arm__core__cortex_m.a(fault.c.obj)
                0x000000000002a480                z_arm_fault_init
 .text.__fault  0x000000000002a490       0x14 zephyr/arch/arch/arm/core/cortex_m/libarch__arm__core__cortex_m.a(fault_s.S.obj)
                0x000000000002a490                z_arm_usage_fault
                0x000000000002a490                z_arm_mpu_fault
                0x000000000002a490                z_arm_exc_spurious
                0x000000000002a490                z_arm_debug_monitor
                0x000000000002a490                z_arm_hard_fault
                0x000000000002a490                z_arm_bus_fault
 .text._reset_section
                0x000000000002a4a4       0x54 zephyr/arch/arch/arm/core/cortex_m/libarch__arm__core__cortex_m.a(reset.S.obj)
                0x000000000002a4a4                __start
                0x000000000002a4a4                z_arm_reset
 .text.z_arm_clear_arm_mpu_config
                0x000000000002a4f8       0x24 zephyr/arch/arch/arm/core/cortex_m/libarch__arm__core__cortex_m.a(scb.c.obj)
                0x000000000002a4f8                z_arm_clear_arm_mpu_config
 .text.z_arm_init_arch_hw_at_boot
                0x000000000002a51c       0x64 zephyr/arch/arch/arm/core/cortex_m/libarch__arm__core__cortex_m.a(scb.c.obj)
                0x000000000002a51c                z_arm_init_arch_hw_at_boot
 .text.z_impl_k_thread_abort
                0x000000000002a580       0x2c zephyr/arch/arch/arm/core/cortex_m/libarch__arm__core__cortex_m.a(thread_abort.c.obj)
                0x000000000002a580                z_impl_k_thread_abort
 .text.arch_swap
                0x000000000002a5ac       0x30 zephyr/arch/arch/arm/core/cortex_m/libarch__arm__core__cortex_m.a(swap.c.obj)
                0x000000000002a5ac                arch_swap
 .text.z_arm_pendsv_c
                0x000000000002a5dc       0x48 zephyr/arch/arch/arm/core/cortex_m/libarch__arm__core__cortex_m.a(swap.c.obj)
                0x000000000002a5dc                z_arm_pendsv_c
 .text.z_arm_pendsv
                0x000000000002a624       0x34 zephyr/arch/arch/arm/core/cortex_m/libarch__arm__core__cortex_m.a(swap_helper.S.obj)
                0x000000000002a624                z_arm_pendsv
 .text.z_arm_svc
                0x000000000002a658       0x20 zephyr/arch/arch/arm/core/cortex_m/libarch__arm__core__cortex_m.a(swap_helper.S.obj)
                0x000000000002a658                z_arm_svc
 .text.arch_irq_enable
                0x000000000002a678       0x1c zephyr/arch/arch/arm/core/cortex_m/libarch__arm__core__cortex_m.a(irq_manage.c.obj)
                0x000000000002a678                arch_irq_enable
 .text.arch_irq_disable
                0x000000000002a694       0x28 zephyr/arch/arch/arm/core/cortex_m/libarch__arm__core__cortex_m.a(irq_manage.c.obj)
                0x000000000002a694                arch_irq_disable
 .text.arch_irq_is_enabled
                0x000000000002a6bc       0x1c zephyr/arch/arch/arm/core/cortex_m/libarch__arm__core__cortex_m.a(irq_manage.c.obj)
                0x000000000002a6bc                arch_irq_is_enabled
 .text.z_arm_irq_priority_set
                0x000000000002a6d8       0x30 zephyr/arch/arch/arm/core/cortex_m/libarch__arm__core__cortex_m.a(irq_manage.c.obj)
                0x000000000002a6d8                z_arm_irq_priority_set
 .text.z_prep_c
                0x000000000002a708       0x38 zephyr/arch/arch/arm/core/cortex_m/libarch__arm__core__cortex_m.a(prep_c.c.obj)
                0x000000000002a708                z_prep_c
 .text.arch_new_thread
                0x000000000002a740       0x38 zephyr/arch/arch/arm/core/cortex_m/libarch__arm__core__cortex_m.a(thread.c.obj)
                0x000000000002a740                arch_new_thread
 .text.z_check_thread_stack_fail
                0x000000000002a778       0x2c zephyr/arch/arch/arm/core/cortex_m/libarch__arm__core__cortex_m.a(thread.c.obj)
                0x000000000002a778                z_check_thread_stack_fail
 .text.arch_switch_to_main_thread
                0x000000000002a7a4       0x44 zephyr/arch/arch/arm/core/cortex_m/libarch__arm__core__cortex_m.a(thread.c.obj)
                0x000000000002a7a4                arch_switch_to_main_thread
 .text.z_arm_cpu_idle_init
                0x000000000002a7e8        0xc zephyr/arch/arch/arm/core/cortex_m/libarch__arm__core__cortex_m.a(cpu_idle.c.obj)
                0x000000000002a7e8                z_arm_cpu_idle_init
 .text.z_arm_interrupt_init
                0x000000000002a7f4       0x18 zephyr/arch/arch/arm/core/cortex_m/libarch__arm__core__cortex_m.a(irq_init.c.obj)
                0x000000000002a7f4                z_arm_interrupt_init
 .text._isr_wrapper
                0x000000000002a80c       0x24 zephyr/arch/arch/arm/core/cortex_m/libarch__arm__core__cortex_m.a(isr_wrapper.c.obj)
                0x000000000002a80c                _isr_wrapper
 .text.z_arm_configure_static_mpu_regions
                0x000000000002a830       0x18 zephyr/arch/arch/arm/core/mpu/libarch__arm__core__mpu.a(arm_core_mpu.c.obj)
                0x000000000002a830                z_arm_configure_static_mpu_regions
 .text.z_arm_configure_dynamic_mpu_regions
                0x000000000002a848       0x20 zephyr/arch/arch/arm/core/mpu/libarch__arm__core__mpu.a(arm_core_mpu.c.obj)
                0x000000000002a848                z_arm_configure_dynamic_mpu_regions
 .text.region_allocate_and_init
                0x000000000002a868       0x54 zephyr/arch/arch/arm/core/mpu/libarch__arm__core__mpu.a(arm_mpu.c.obj)
 .text.mpu_configure_regions
                0x000000000002a8bc       0x68 zephyr/arch/arch/arm/core/mpu/libarch__arm__core__mpu.a(arm_mpu.c.obj)
 .text.arm_core_mpu_enable
                0x000000000002a924       0x18 zephyr/arch/arch/arm/core/mpu/libarch__arm__core__mpu.a(arm_mpu.c.obj)
                0x000000000002a924                arm_core_mpu_enable
 .text.arm_core_mpu_disable
                0x000000000002a93c       0x14 zephyr/arch/arch/arm/core/mpu/libarch__arm__core__mpu.a(arm_mpu.c.obj)
                0x000000000002a93c                arm_core_mpu_disable
 .text.arm_core_mpu_configure_static_mpu_regions
                0x000000000002a950       0x14 zephyr/arch/arch/arm/core/mpu/libarch__arm__core__mpu.a(arm_mpu.c.obj)
                0x000000000002a950                arm_core_mpu_configure_static_mpu_regions
 .text.arm_core_mpu_configure_dynamic_mpu_regions
                0x000000000002a964       0x38 zephyr/arch/arch/arm/core/mpu/libarch__arm__core__mpu.a(arm_mpu.c.obj)
                0x000000000002a964                arm_core_mpu_configure_dynamic_mpu_regions
 .text.z_arm_mpu_init
                0x000000000002a99c      0x17c zephyr/arch/arch/arm/core/mpu/libarch__arm__core__mpu.a(arm_mpu.c.obj)
                0x000000000002a99c                z_arm_mpu_init
 .text.z_impl_zephyr_fputc
                0x000000000002ab18       0x10 zephyr/lib/libc/picolibc/liblib__libc__picolibc.a(libc-hooks.c.obj)
                0x000000000002ab18                z_impl_zephyr_fputc
 .text.__stdout_hook_install
                0x000000000002ab28       0x18 zephyr/lib/libc/picolibc/liblib__libc__picolibc.a(libc-hooks.c.obj)
                0x000000000002ab28                __stdout_hook_install
 .text.cbvprintf
                0x000000000002ab40       0x38 zephyr/lib/libc/picolibc/liblib__libc__picolibc.a(libc-hooks.c.obj)
                0x000000000002ab40                cbvprintf
 .text.malloc_prepare
                0x000000000002ab78       0x24 zephyr/lib/libc/common/liblib__libc__common.a(malloc.c.obj)
 .text.malloc_lock
                0x000000000002ab9c       0x14 zephyr/lib/libc/common/liblib__libc__common.a(malloc.c.obj)
 .text.malloc_unlock
                0x000000000002abb0        0xc zephyr/lib/libc/common/liblib__libc__common.a(malloc.c.obj)
 .text.malloc   0x000000000002abbc       0x34 zephyr/lib/libc/common/liblib__libc__common.a(malloc.c.obj)
                0x000000000002abbc                malloc
 .text.free     0x000000000002abf0       0x1c zephyr/lib/libc/common/liblib__libc__common.a(malloc.c.obj)
                0x000000000002abf0                free
 .text.nordicsemi_nrf52_init
                0x000000000002ac0c       0x44 zephyr/soc/soc/nrf52840/libsoc__nordic.a(soc.c.obj)
 .text.arch_busy_wait
                0x000000000002ac50       0x14 zephyr/soc/soc/nrf52840/libsoc__nordic.a(soc.c.obj)
                0x000000000002ac50                arch_busy_wait
 .text.modem_chat_send_script_request_part
                0x000000000002ac64       0xa8 zephyr/subsys/modem/libsubsys__modem.a(modem_chat.c.obj)
 .text.modem_chat_script_stop
                0x000000000002ad0c       0xc4 zephyr/subsys/modem/libsubsys__modem.a(modem_chat.c.obj)
 .text.modem_chat_process_handler
                0x000000000002add0      0x2e8 zephyr/subsys/modem/libsubsys__modem.a(modem_chat.c.obj)
 .text.modem_chat_init
                0x000000000002b0b8       0xc0 zephyr/subsys/modem/libsubsys__modem.a(modem_chat.c.obj)
                0x000000000002b0b8                modem_chat_init
 .text.modem_chat_attach
                0x000000000002b178       0x24 zephyr/subsys/modem/libsubsys__modem.a(modem_chat.c.obj)
                0x000000000002b178                modem_chat_attach
 .text.modem_ubx_send_handler
                0x000000000002b19c       0x34 zephyr/subsys/modem/libsubsys__modem.a(modem_ubx.c.obj)
 .text.modem_ubx_process_handler
                0x000000000002b1d0       0xec zephyr/subsys/modem/libsubsys__modem.a(modem_ubx.c.obj)
 .text.modem_ubx_run_script
                0x000000000002b2bc       0xc8 zephyr/subsys/modem/libsubsys__modem.a(modem_ubx.c.obj)
                0x000000000002b2bc                modem_ubx_run_script
 .text.modem_ubx_attach
                0x000000000002b384       0x40 zephyr/subsys/modem/libsubsys__modem.a(modem_ubx.c.obj)
                0x000000000002b384                modem_ubx_attach
 .text.modem_ubx_init
                0x000000000002b3c4       0x5c zephyr/subsys/modem/libsubsys__modem.a(modem_ubx.c.obj)
                0x000000000002b3c4                modem_ubx_init
 .text.modem_backend_uart_init
                0x000000000002b420       0x4c zephyr/subsys/modem/backends/libsubsys__modem__backends.a(modem_backend_uart.c.obj)
                0x000000000002b420                modem_backend_uart_init
 .text.modem_backend_uart_isr_irq_handler
                0x000000000002b46c      0x158 zephyr/subsys/modem/backends/libsubsys__modem__backends.a(modem_backend_uart_isr.c.obj)
 .text.modem_backend_uart_isr_init
                0x000000000002b5c4       0xac zephyr/subsys/modem/backends/libsubsys__modem__backends.a(modem_backend_uart_isr.c.obj)
                0x000000000002b5c4                modem_backend_uart_isr_init
 .text.modem_backend_uart_async_transmit.part.0
                0x000000000002b670       0x7c zephyr/subsys/modem/backends/libsubsys__modem__backends.a(modem_backend_uart_async.c.obj)
 .text.modem_backend_uart_async_event_handler
                0x000000000002b6ec      0x1bc zephyr/subsys/modem/backends/libsubsys__modem__backends.a(modem_backend_uart_async.c.obj)
 .text.modem_backend_uart_async_is_supported
                0x000000000002b8a8       0x24 zephyr/subsys/modem/backends/libsubsys__modem__backends.a(modem_backend_uart_async.c.obj)
                0x000000000002b8a8                modem_backend_uart_async_is_supported
 .text.modem_backend_uart_async_init
                0x000000000002b8cc       0x64 zephyr/subsys/modem/backends/libsubsys__modem__backends.a(modem_backend_uart_async.c.obj)
                0x000000000002b8cc                modem_backend_uart_async_init
 .text.endpoint_ctx
                0x000000000002b930       0x60 zephyr/drivers/usb/device/libdrivers__usb__device.a(usb_dc_nrfx.c.obj)
 .text.usbd_work_schedule
                0x000000000002b990       0x10 zephyr/drivers/usb/device/libdrivers__usb__device.a(usb_dc_nrfx.c.obj)
 .text.usbd_evt_put
                0x000000000002b9a0        0xc zephyr/drivers/usb/device/libdrivers__usb__device.a(usb_dc_nrfx.c.obj)
 .text.usbd_evt_get
                0x000000000002b9ac       0x10 zephyr/drivers/usb/device/libdrivers__usb__device.a(usb_dc_nrfx.c.obj)
 .text.usb_init
                0x000000000002b9bc       0x70 zephyr/drivers/usb/device/libdrivers__usb__device.a(usb_dc_nrfx.c.obj)
 .text.hfxo_stop.constprop.0.isra.0
                0x000000000002ba2c       0x40 zephyr/drivers/usb/device/libdrivers__usb__device.a(usb_dc_nrfx.c.obj)
 .text.eps_ctx_init
                0x000000000002ba6c       0x68 zephyr/drivers/usb/device/libdrivers__usb__device.a(usb_dc_nrfx.c.obj)
 .text.usbd_evt_flush
                0x000000000002bad4       0x1c zephyr/drivers/usb/device/libdrivers__usb__device.a(usb_dc_nrfx.c.obj)
 .text.usbd_evt_alloc
                0x000000000002baf0       0x68 zephyr/drivers/usb/device/libdrivers__usb__device.a(usb_dc_nrfx.c.obj)
 .text.usb_dc_power_event_handler.part.0
                0x000000000002bb58       0x14 zephyr/drivers/usb/device/libdrivers__usb__device.a(usb_dc_nrfx.c.obj)
 .text.usb_dc_power_event_handler
                0x000000000002bb6c       0x3c zephyr/drivers/usb/device/libdrivers__usb__device.a(usb_dc_nrfx.c.obj)
 .text.usbd_work_handler
                0x000000000002bba8      0x348 zephyr/drivers/usb/device/libdrivers__usb__device.a(usb_dc_nrfx.c.obj)
 .text.usbd_event_transfer_data
                0x000000000002bef0       0xc8 zephyr/drivers/usb/device/libdrivers__usb__device.a(usb_dc_nrfx.c.obj)
 .text.usbd_event_handler
                0x000000000002bfb8      0x14c zephyr/drivers/usb/device/libdrivers__usb__device.a(usb_dc_nrfx.c.obj)
 .text.usb_dc_attach
                0x000000000002c104       0x64 zephyr/drivers/usb/device/libdrivers__usb__device.a(usb_dc_nrfx.c.obj)
                0x000000000002c104                usb_dc_attach
 .text.usb_dc_set_address
                0x000000000002c168       0x24 zephyr/drivers/usb/device/libdrivers__usb__device.a(usb_dc_nrfx.c.obj)
                0x000000000002c168                usb_dc_set_address
 .text.usb_dc_ep_check_cap
                0x000000000002c18c       0x58 zephyr/drivers/usb/device/libdrivers__usb__device.a(usb_dc_nrfx.c.obj)
                0x000000000002c18c                usb_dc_ep_check_cap
 .text.usb_dc_ep_configure
                0x000000000002c1e4       0x5c zephyr/drivers/usb/device/libdrivers__usb__device.a(usb_dc_nrfx.c.obj)
                0x000000000002c1e4                usb_dc_ep_configure
 .text.usb_dc_ep_set_stall
                0x000000000002c240       0x64 zephyr/drivers/usb/device/libdrivers__usb__device.a(usb_dc_nrfx.c.obj)
                0x000000000002c240                usb_dc_ep_set_stall
 .text.usb_dc_ep_clear_stall
                0x000000000002c2a4       0x40 zephyr/drivers/usb/device/libdrivers__usb__device.a(usb_dc_nrfx.c.obj)
                0x000000000002c2a4                usb_dc_ep_clear_stall
 .text.usb_dc_ep_is_stalled
                0x000000000002c2e4       0x38 zephyr/drivers/usb/device/libdrivers__usb__device.a(usb_dc_nrfx.c.obj)
                0x000000000002c2e4                usb_dc_ep_is_stalled
 .text.usb_dc_ep_enable
                0x000000000002c31c       0x54 zephyr/drivers/usb/device/libdrivers__usb__device.a(usb_dc_nrfx.c.obj)
                0x000000000002c31c                usb_dc_ep_enable
 .text.usb_dc_ep_write
                0x000000000002c370      0x114 zephyr/drivers/usb/device/libdrivers__usb__device.a(usb_dc_nrfx.c.obj)
                0x000000000002c370                usb_dc_ep_write
 .text.usb_dc_ep_read_wait
                0x000000000002c484       0xac zephyr/drivers/usb/device/libdrivers__usb__device.a(usb_dc_nrfx.c.obj)
                0x000000000002c484                usb_dc_ep_read_wait
 .text.usb_dc_ep_read_continue
                0x000000000002c530       0x9c zephyr/drivers/usb/device/libdrivers__usb__device.a(usb_dc_nrfx.c.obj)
                0x000000000002c530                usb_dc_ep_read_continue
 .text.usb_dc_ep_set_callback
                0x000000000002c5cc       0x28 zephyr/drivers/usb/device/libdrivers__usb__device.a(usb_dc_nrfx.c.obj)
                0x000000000002c5cc                usb_dc_ep_set_callback
 .text.usb_dc_set_status_callback
                0x000000000002c5f4        0xc zephyr/drivers/usb/device/libdrivers__usb__device.a(usb_dc_nrfx.c.obj)
                0x000000000002c5f4                usb_dc_set_status_callback
 .text.usb_dc_ep_mps
                0x000000000002c600       0x24 zephyr/drivers/usb/device/libdrivers__usb__device.a(usb_dc_nrfx.c.obj)
                0x000000000002c600                usb_dc_ep_mps
 .text.nrf52_errata_187
                0x000000000002c624       0x28 zephyr/drivers/usb/common/nrf_usbd_common/libdrivers__usb__common__nrf_usbd_common.a(nrf_usbd_common.c.obj)
 .text.ep_state_access
                0x000000000002c64c       0x20 zephyr/drivers/usb/common/nrf_usbd_common/libdrivers__usb__common__nrf_usbd_common.a(nrf_usbd_common.c.obj)
 .text.usbd_errata_187_211_begin
                0x000000000002c66c       0x3c zephyr/drivers/usb/common/nrf_usbd_common/libdrivers__usb__common__nrf_usbd_common.a(nrf_usbd_common.c.obj)
 .text.usbd_errata_187_211_end
                0x000000000002c6a8       0x3c zephyr/drivers/usb/common/nrf_usbd_common/libdrivers__usb__common__nrf_usbd_common.a(nrf_usbd_common.c.obj)
 .text.usbd_dma_pending_clear
                0x000000000002c6e4       0x1c zephyr/drivers/usb/common/nrf_usbd_common/libdrivers__usb__common__nrf_usbd_common.a(nrf_usbd_common.c.obj)
 .text.nrf_usbd_common_uninit
                0x000000000002c700       0x14 zephyr/drivers/usb/common/nrf_usbd_common/libdrivers__usb__common__nrf_usbd_common.a(nrf_usbd_common.c.obj)
                0x000000000002c700                nrf_usbd_common_uninit
 .text.nrf_usbd_common_enable
                0x000000000002c714      0x148 zephyr/drivers/usb/common/nrf_usbd_common/libdrivers__usb__common__nrf_usbd_common.a(nrf_usbd_common.c.obj)
                0x000000000002c714                nrf_usbd_common_enable
 .text.nrf_usbd_common_start
                0x000000000002c85c       0x38 zephyr/drivers/usb/common/nrf_usbd_common/libdrivers__usb__common__nrf_usbd_common.a(nrf_usbd_common.c.obj)
                0x000000000002c85c                nrf_usbd_common_start
 .text.nrf_usbd_common_is_enabled
                0x000000000002c894       0x14 zephyr/drivers/usb/common/nrf_usbd_common/libdrivers__usb__common__nrf_usbd_common.a(nrf_usbd_common.c.obj)
                0x000000000002c894                nrf_usbd_common_is_enabled
 .text.nrf_usbd_common_suspend
                0x000000000002c8a8       0x50 zephyr/drivers/usb/common/nrf_usbd_common/libdrivers__usb__common__nrf_usbd_common.a(nrf_usbd_common.c.obj)
                0x000000000002c8a8                nrf_usbd_common_suspend
 .text.nrf_usbd_common_init
                0x000000000002c8f8       0x84 zephyr/drivers/usb/common/nrf_usbd_common/libdrivers__usb__common__nrf_usbd_common.a(nrf_usbd_common.c.obj)
                0x000000000002c8f8                nrf_usbd_common_init
 .text.nrf_usbd_common_ep_enable_check
                0x000000000002c97c       0x28 zephyr/drivers/usb/common/nrf_usbd_common/libdrivers__usb__common__nrf_usbd_common.a(nrf_usbd_common.c.obj)
                0x000000000002c97c                nrf_usbd_common_ep_enable_check
 .text.nrf_usbd_common_ep_transfer
                0x000000000002c9a4       0x98 zephyr/drivers/usb/common/nrf_usbd_common/libdrivers__usb__common__nrf_usbd_common.a(nrf_usbd_common.c.obj)
                0x000000000002c9a4                nrf_usbd_common_ep_transfer
 .text.nrf_usbd_common_epout_size_get
                0x000000000002ca3c       0x28 zephyr/drivers/usb/common/nrf_usbd_common/libdrivers__usb__common__nrf_usbd_common.a(nrf_usbd_common.c.obj)
                0x000000000002ca3c                nrf_usbd_common_epout_size_get
 .text.nrf_usbd_common_irq_handler
                0x000000000002ca64      0x498 zephyr/drivers/usb/common/nrf_usbd_common/libdrivers__usb__common__nrf_usbd_common.a(nrf_usbd_common.c.obj)
                0x000000000002ca64                nrf_usbd_common_irq_handler
 .text.nrf_usbd_common_ep_stall
                0x000000000002cefc       0x10 zephyr/drivers/usb/common/nrf_usbd_common/libdrivers__usb__common__nrf_usbd_common.a(nrf_usbd_common.c.obj)
                0x000000000002cefc                nrf_usbd_common_ep_stall
 .text.nrf_usbd_common_ep_stall_check
                0x000000000002cf0c       0x34 zephyr/drivers/usb/common/nrf_usbd_common/libdrivers__usb__common__nrf_usbd_common.a(nrf_usbd_common.c.obj)
                0x000000000002cf0c                nrf_usbd_common_ep_stall_check
 .text.nrf_usbd_common_ep_dtoggle_clear
                0x000000000002cf40       0x14 zephyr/drivers/usb/common/nrf_usbd_common/libdrivers__usb__common__nrf_usbd_common.a(nrf_usbd_common.c.obj)
                0x000000000002cf40                nrf_usbd_common_ep_dtoggle_clear
 .text.nrf_usbd_common_setup_get
                0x000000000002cf54       0x44 zephyr/drivers/usb/common/nrf_usbd_common/libdrivers__usb__common__nrf_usbd_common.a(nrf_usbd_common.c.obj)
                0x000000000002cf54                nrf_usbd_common_setup_get
 .text.nrf_usbd_common_setup_data_clear
                0x000000000002cf98        0xc zephyr/drivers/usb/common/nrf_usbd_common/libdrivers__usb__common__nrf_usbd_common.a(nrf_usbd_common.c.obj)
                0x000000000002cf98                nrf_usbd_common_setup_data_clear
 .text.nrf_usbd_common_setup_clear
                0x000000000002cfa4        0xc zephyr/drivers/usb/common/nrf_usbd_common/libdrivers__usb__common__nrf_usbd_common.a(nrf_usbd_common.c.obj)
                0x000000000002cfa4                nrf_usbd_common_setup_clear
 .text.nrf_usbd_common_setup_stall
                0x000000000002cfb0        0xc zephyr/drivers/usb/common/nrf_usbd_common/libdrivers__usb__common__nrf_usbd_common.a(nrf_usbd_common.c.obj)
                0x000000000002cfb0                nrf_usbd_common_setup_stall
 .text.nrf_usbd_common_last_setup_dir_get
                0x000000000002cfbc        0xc zephyr/drivers/usb/common/nrf_usbd_common/libdrivers__usb__common__nrf_usbd_common.a(nrf_usbd_common.c.obj)
                0x000000000002cfbc                nrf_usbd_common_last_setup_dir_get
 .text.nrf_usbd_common_transfer_out_drop
                0x000000000002cfc8       0x4c zephyr/drivers/usb/common/nrf_usbd_common/libdrivers__usb__common__nrf_usbd_common.a(nrf_usbd_common.c.obj)
                0x000000000002cfc8                nrf_usbd_common_transfer_out_drop
 .text.usbd_ep_abort
                0x000000000002d014       0xf0 zephyr/drivers/usb/common/nrf_usbd_common/libdrivers__usb__common__nrf_usbd_common.a(nrf_usbd_common.c.obj)
 .text.nrf_usbd_common_ep_abort
                0x000000000002d104       0x34 zephyr/drivers/usb/common/nrf_usbd_common/libdrivers__usb__common__nrf_usbd_common.a(nrf_usbd_common.c.obj)
                0x000000000002d104                nrf_usbd_common_ep_abort
 .text.nrf_usbd_common_disable
                0x000000000002d138       0xd4 zephyr/drivers/usb/common/nrf_usbd_common/libdrivers__usb__common__nrf_usbd_common.a(nrf_usbd_common.c.obj)
                0x000000000002d138                nrf_usbd_common_disable
 .text.nrf_usbd_common_ep_disable
                0x000000000002d20c       0x60 zephyr/drivers/usb/common/nrf_usbd_common/libdrivers__usb__common__nrf_usbd_common.a(nrf_usbd_common.c.obj)
                0x000000000002d20c                nrf_usbd_common_ep_disable
 .text.nrf_usbd_common_ep_enable
                0x000000000002d26c       0x70 zephyr/drivers/usb/common/nrf_usbd_common/libdrivers__usb__common__nrf_usbd_common.a(nrf_usbd_common.c.obj)
                0x000000000002d26c                nrf_usbd_common_ep_enable
 .text.nrf_usbd_common_ep_stall_clear
                0x000000000002d2dc       0x20 zephyr/drivers/usb/common/nrf_usbd_common/libdrivers__usb__common__nrf_usbd_common.a(nrf_usbd_common.c.obj)
                0x000000000002d2dc                nrf_usbd_common_ep_stall_clear
 .text.onoff_stop
                0x000000000002d2fc       0x30 zephyr/drivers/clock_control/libdrivers__clock_control.a(clock_control_nrf.c.obj)
 .text.onoff_start
                0x000000000002d32c       0x44 zephyr/drivers/clock_control/libdrivers__clock_control.a(clock_control_nrf.c.obj)
 .text.generic_hfclk_stop
                0x000000000002d370       0x34 zephyr/drivers/clock_control/libdrivers__clock_control.a(clock_control_nrf.c.obj)
 .text.clk_init
                0x000000000002d3a4       0x58 zephyr/drivers/clock_control/libdrivers__clock_control.a(clock_control_nrf.c.obj)
 .text.api_blocking_start
                0x000000000002d3fc       0x34 zephyr/drivers/clock_control/libdrivers__clock_control.a(clock_control_nrf.c.obj)
 .text.clkstarted_handle.constprop.0
                0x000000000002d430       0x4c zephyr/drivers/clock_control/libdrivers__clock_control.a(clock_control_nrf.c.obj)
 .text.generic_hfclk_start
                0x000000000002d47c       0x78 zephyr/drivers/clock_control/libdrivers__clock_control.a(clock_control_nrf.c.obj)
 .text.clock_event_handler
                0x000000000002d4f4       0x1c zephyr/drivers/clock_control/libdrivers__clock_control.a(clock_control_nrf.c.obj)
 .text.z_nrf_clock_control_get_onoff
                0x000000000002d510       0x10 zephyr/drivers/clock_control/libdrivers__clock_control.a(clock_control_nrf.c.obj)
                0x000000000002d510                z_nrf_clock_control_get_onoff
 .text.z_nrf_clock_control_lf_on
                0x000000000002d520       0xfc zephyr/drivers/clock_control/libdrivers__clock_control.a(clock_control_nrf.c.obj)
                0x000000000002d520                z_nrf_clock_control_lf_on
 .text.uart_console_init
                0x000000000002d61c       0x28 zephyr/drivers/console/libdrivers__console.a(uart_console.c.obj)
 .text.console_out
                0x000000000002d644       0x28 zephyr/drivers/console/libdrivers__console.a(uart_console.c.obj)
 .text.gnss_publish_data
                0x000000000002d66c       0x48 zephyr/drivers/gnss/libdrivers__gnss.a(gnss_publish.c.obj)
                0x000000000002d66c                gnss_publish_data
 .text.gnss_publish_satellites
                0x000000000002d6b4       0x50 zephyr/drivers/gnss/libdrivers__gnss.a(gnss_publish.c.obj)
                0x000000000002d6b4                gnss_publish_satellites
 .text.gnss_parse_dec_to_nano
                0x000000000002d704       0xe8 zephyr/drivers/gnss/libdrivers__gnss.a(gnss_parse.c.obj)
                0x000000000002d704                gnss_parse_dec_to_nano
 .text.gnss_parse_dec_to_milli
                0x000000000002d7ec       0x24 zephyr/drivers/gnss/libdrivers__gnss.a(gnss_parse.c.obj)
                0x000000000002d7ec                gnss_parse_dec_to_milli
 .text.gnss_nmea0183_ddmm_mmmm_to_ndeg
                0x000000000002d810       0xf8 zephyr/drivers/gnss/libdrivers__gnss.a(gnss_nmea0183.c.obj)
                0x000000000002d810                gnss_nmea0183_ddmm_mmmm_to_ndeg
 .text.gnss_nmea0183_knots_to_mms
                0x000000000002d908       0x24 zephyr/drivers/gnss/libdrivers__gnss.a(gnss_nmea0183.c.obj)
                0x000000000002d908                gnss_nmea0183_knots_to_mms
 .text.gnss_nmea0183_parse_hhmmss
                0x000000000002d92c       0x84 zephyr/drivers/gnss/libdrivers__gnss.a(gnss_nmea0183.c.obj)
                0x000000000002d92c                gnss_nmea0183_parse_hhmmss
 .text.gnss_nmea0183_parse_ddmmyy
                0x000000000002d9b0       0x84 zephyr/drivers/gnss/libdrivers__gnss.a(gnss_nmea0183.c.obj)
                0x000000000002d9b0                gnss_nmea0183_parse_ddmmyy
 .text.gnss_nmea0183_parse_rmc
                0x000000000002da34       0xd4 zephyr/drivers/gnss/libdrivers__gnss.a(gnss_nmea0183.c.obj)
                0x000000000002da34                gnss_nmea0183_parse_rmc
 .text.ubx_m10_get_enabled_systems
                0x000000000002db08       0x78 zephyr/drivers/gnss/libdrivers__gnss.a(gnss_u_blox_m10.c.obj)
 .text.ubx_m10_get_navigation_mode
                0x000000000002db80       0x5c zephyr/drivers/gnss/libdrivers__gnss.a(gnss_u_blox_m10.c.obj)
 .text.ubx_m10_set_enabled_systems
                0x000000000002dbdc      0x164 zephyr/drivers/gnss/libdrivers__gnss.a(gnss_u_blox_m10.c.obj)
 .text.ubx_m10_set_navigation_mode
                0x000000000002dd40       0x70 zephyr/drivers/gnss/libdrivers__gnss.a(gnss_u_blox_m10.c.obj)
 .text.ubx_m10_init
                0x000000000002ddb0      0x23c zephyr/drivers/gnss/libdrivers__gnss.a(gnss_u_blox_m10.c.obj)
 .text.ubx_create_and_validate_frame
                0x000000000002dfec       0x8c zephyr/drivers/gnss/libdrivers__gnss.a(gnss_u_blox_protocol.c.obj)
                0x000000000002dfec                ubx_create_and_validate_frame
 .text.ubx_cfg_prt_set_payload_default
                0x000000000002e078       0x20 zephyr/drivers/gnss/libdrivers__gnss.a(gnss_u_blox_protocol.c.obj)
                0x000000000002e078                ubx_cfg_prt_set_payload_default
 .text.ubx_cfg_nav5_payload_default
                0x000000000002e098       0x30 zephyr/drivers/gnss/libdrivers__gnss.a(gnss_u_blox_protocol.c.obj)
                0x000000000002e098                ubx_cfg_nav5_payload_default
 .text.ubx_cfg_gnss_payload_default
                0x000000000002e0c8       0x30 zephyr/drivers/gnss/libdrivers__gnss.a(gnss_u_blox_protocol.c.obj)
                0x000000000002e0c8                ubx_cfg_gnss_payload_default
 .text.gpio_nrfx_pin_interrupt_configure
                0x000000000002e0f8      0x100 zephyr/drivers/gpio/libdrivers__gpio.a(gpio_nrfx.c.obj)
 .text.gpio_nrfx_init
                0x000000000002e1f8       0x48 zephyr/drivers/gpio/libdrivers__gpio.a(gpio_nrfx.c.obj)
 .text.nrfx_gpio_handler
                0x000000000002e240       0x4c zephyr/drivers/gpio/libdrivers__gpio.a(gpio_nrfx.c.obj)
 .text.gpio_nrfx_pin_configure
                0x000000000002e28c      0x18c zephyr/drivers/gpio/libdrivers__gpio.a(gpio_nrfx.c.obj)
 .text.nrf_gpio_pin_port_decode
                0x000000000002e418       0x20 zephyr/drivers/pinctrl/libdrivers__pinctrl.a(pinctrl_nrf.c.obj)
 .text.pinctrl_configure_pins
                0x000000000002e438      0x1a4 zephyr/drivers/pinctrl/libdrivers__pinctrl.a(pinctrl_nrf.c.obj)
                0x000000000002e438                pinctrl_configure_pins
 .text.uarte_nrfx_configure
                0x000000000002e5dc      0x168 zephyr/drivers/serial/libdrivers__serial.a(uart_nrfx_uarte.c.obj)
 .text.uarte_0_init
                0x000000000002e744       0xf8 zephyr/drivers/serial/libdrivers__serial.a(uart_nrfx_uarte.c.obj)
 .text.uarte_nrfx_poll_out
                0x000000000002e83c       0x98 zephyr/drivers/serial/libdrivers__serial.a(uart_nrfx_uarte.c.obj)
 .text.compare_int_lock
                0x000000000002e8d4       0x48 zephyr/drivers/timer/libdrivers__timer.a(nrf_rtc_timer.c.obj)
 .text.sys_clock_timeout_handler
                0x000000000002e91c       0x48 zephyr/drivers/timer/libdrivers__timer.a(nrf_rtc_timer.c.obj)
 .text.compare_int_unlock
                0x000000000002e964       0x5c zephyr/drivers/timer/libdrivers__timer.a(nrf_rtc_timer.c.obj)
 .text.z_nrf_rtc_timer_read
                0x000000000002e9c0       0x44 zephyr/drivers/timer/libdrivers__timer.a(nrf_rtc_timer.c.obj)
                0x000000000002e9c0                z_nrf_rtc_timer_read
 .text.compare_set
                0x000000000002ea04      0x130 zephyr/drivers/timer/libdrivers__timer.a(nrf_rtc_timer.c.obj)
 .text.sys_clock_driver_init
                0x000000000002eb34       0x90 zephyr/drivers/timer/libdrivers__timer.a(nrf_rtc_timer.c.obj)
 .text.rtc_nrf_isr
                0x000000000002ebc4       0xd4 zephyr/drivers/timer/libdrivers__timer.a(nrf_rtc_timer.c.obj)
                0x000000000002ebc4                rtc_nrf_isr
 .text.sys_clock_set_timeout
                0x000000000002ec98       0x5c zephyr/drivers/timer/libdrivers__timer.a(nrf_rtc_timer.c.obj)
                0x000000000002ec98                sys_clock_set_timeout
 .text.sys_clock_elapsed
                0x000000000002ecf4       0x14 zephyr/drivers/timer/libdrivers__timer.a(nrf_rtc_timer.c.obj)
                0x000000000002ecf4                sys_clock_elapsed
 .text.nrf52_errata_98
                0x000000000002ed08       0x24 modules/hal_nordic/nrfx/libmodules__hal_nordic__nrfx.a(system_nrf52840.c.obj)
 .text.nvmc_wait
                0x000000000002ed2c       0x10 modules/hal_nordic/nrfx/libmodules__hal_nordic__nrfx.a(system_nrf52840.c.obj)
                0x000000000002ed2c                nvmc_wait
 .text.SystemInit
                0x000000000002ed3c      0x1bc modules/hal_nordic/nrfx/libmodules__hal_nordic__nrfx.a(system_nrf52840.c.obj)
                0x000000000002ed3c                SystemInit
 .text.nrfx_flag32_alloc
                0x000000000002eef8       0x48 modules/hal_nordic/nrfx/libmodules__hal_nordic__nrfx.a(nrfx_flag32_allocator.c.obj)
                0x000000000002eef8                nrfx_flag32_alloc
 .text.nrfx_flag32_free
                0x000000000002ef40       0x40 modules/hal_nordic/nrfx/libmodules__hal_nordic__nrfx.a(nrfx_flag32_allocator.c.obj)
                0x000000000002ef40                nrfx_flag32_free
 .text.nrfx_gppi_channels_enable
                0x000000000002ef80        0xc modules/hal_nordic/nrfx/libmodules__hal_nordic__nrfx.a(nrfx_gppi_ppi.c.obj)
                0x000000000002ef80                nrfx_gppi_channels_enable
 .text.clock_stop
                0x000000000002ef8c       0xc4 modules/hal_nordic/nrfx/libmodules__hal_nordic__nrfx.a(nrfx_clock.c.obj)
 .text.nrfx_clock_init
                0x000000000002f050       0x20 modules/hal_nordic/nrfx/libmodules__hal_nordic__nrfx.a(nrfx_clock.c.obj)
                0x000000000002f050                nrfx_clock_init
 .text.nrfx_clock_enable
                0x000000000002f070       0x30 modules/hal_nordic/nrfx/libmodules__hal_nordic__nrfx.a(nrfx_clock.c.obj)
                0x000000000002f070                nrfx_clock_enable
 .text.nrfx_clock_start
                0x000000000002f0a0       0xa8 modules/hal_nordic/nrfx/libmodules__hal_nordic__nrfx.a(nrfx_clock.c.obj)
                0x000000000002f0a0                nrfx_clock_start
 .text.nrfx_clock_irq_handler
                0x000000000002f148       0x68 modules/hal_nordic/nrfx/libmodules__hal_nordic__nrfx.a(nrfx_clock.c.obj)
                0x000000000002f148                nrfx_clock_irq_handler
 .text.nrf_gpio_pin_port_decode
                0x000000000002f1b0       0x20 modules/hal_nordic/nrfx/libmodules__hal_nordic__nrfx.a(nrfx_gpiote.c.obj)
 .text.get_pin_idx
                0x000000000002f1d0       0x14 modules/hal_nordic/nrfx/libmodules__hal_nordic__nrfx.a(nrfx_gpiote.c.obj)
 .text.call_handler.constprop.0
                0x000000000002f1e4       0x40 modules/hal_nordic/nrfx/libmodules__hal_nordic__nrfx.a(nrfx_gpiote.c.obj)
 .text.pin_te_get.constprop.0
                0x000000000002f224       0x18 modules/hal_nordic/nrfx/libmodules__hal_nordic__nrfx.a(nrfx_gpiote.c.obj)
 .text.pin_is_output.constprop.0
                0x000000000002f23c       0x18 modules/hal_nordic/nrfx/libmodules__hal_nordic__nrfx.a(nrfx_gpiote.c.obj)
 .text.pin_in_use_by_te.constprop.0
                0x000000000002f254       0x18 modules/hal_nordic/nrfx/libmodules__hal_nordic__nrfx.a(nrfx_gpiote.c.obj)
 .text.latch_pending_read_and_check
                0x000000000002f26c       0x40 modules/hal_nordic/nrfx/libmodules__hal_nordic__nrfx.a(nrfx_gpiote.c.obj)
 .text.release_handler.isra.0
                0x000000000002f2ac       0x58 modules/hal_nordic/nrfx/libmodules__hal_nordic__nrfx.a(nrfx_gpiote.c.obj)
 .text.__nrfy_internal_gpiote_events_process.constprop.0
                0x000000000002f304       0x5c modules/hal_nordic/nrfx/libmodules__hal_nordic__nrfx.a(nrfx_gpiote.c.obj)
 .text.pin_uninit
                0x000000000002f360       0x80 modules/hal_nordic/nrfx/libmodules__hal_nordic__nrfx.a(nrfx_gpiote.c.obj)
 .text.nrfx_gpiote_input_configure
                0x000000000002f3e0      0x174 modules/hal_nordic/nrfx/libmodules__hal_nordic__nrfx.a(nrfx_gpiote.c.obj)
                0x000000000002f3e0                nrfx_gpiote_input_configure
 .text.nrfx_gpiote_output_configure
                0x000000000002f554       0xfc modules/hal_nordic/nrfx/libmodules__hal_nordic__nrfx.a(nrfx_gpiote.c.obj)
                0x000000000002f554                nrfx_gpiote_output_configure
 .text.nrfx_gpiote_global_callback_set
                0x000000000002f650        0xc modules/hal_nordic/nrfx/libmodules__hal_nordic__nrfx.a(nrfx_gpiote.c.obj)
                0x000000000002f650                nrfx_gpiote_global_callback_set
 .text.nrfx_gpiote_channel_get
                0x000000000002f65c       0x34 modules/hal_nordic/nrfx/libmodules__hal_nordic__nrfx.a(nrfx_gpiote.c.obj)
                0x000000000002f65c                nrfx_gpiote_channel_get
 .text.nrfx_gpiote_init
                0x000000000002f690       0x68 modules/hal_nordic/nrfx/libmodules__hal_nordic__nrfx.a(nrfx_gpiote.c.obj)
                0x000000000002f690                nrfx_gpiote_init
 .text.nrfx_gpiote_init_check
                0x000000000002f6f8       0x14 modules/hal_nordic/nrfx/libmodules__hal_nordic__nrfx.a(nrfx_gpiote.c.obj)
                0x000000000002f6f8                nrfx_gpiote_init_check
 .text.nrfx_gpiote_channel_free
                0x000000000002f70c        0xc modules/hal_nordic/nrfx/libmodules__hal_nordic__nrfx.a(nrfx_gpiote.c.obj)
                0x000000000002f70c                nrfx_gpiote_channel_free
 .text.nrfx_gpiote_channel_alloc
                0x000000000002f718        0xc modules/hal_nordic/nrfx/libmodules__hal_nordic__nrfx.a(nrfx_gpiote.c.obj)
                0x000000000002f718                nrfx_gpiote_channel_alloc
 .text.nrfx_gpiote_trigger_enable
                0x000000000002f724       0xb0 modules/hal_nordic/nrfx/libmodules__hal_nordic__nrfx.a(nrfx_gpiote.c.obj)
                0x000000000002f724                nrfx_gpiote_trigger_enable
 .text.nrfx_gpiote_0_irq_handler
                0x000000000002f7d4      0x1bc modules/hal_nordic/nrfx/libmodules__hal_nordic__nrfx.a(nrfx_gpiote.c.obj)
                0x000000000002f7d4                nrfx_gpiote_0_irq_handler
 .text.nrfx_power_init
                0x000000000002f990       0x74 modules/hal_nordic/nrfx/libmodules__hal_nordic__nrfx.a(nrfx_power.c.obj)
                0x000000000002f990                nrfx_power_init
 .text.nrfx_power_usbevt_uninit
                0x000000000002fa04       0x18 modules/hal_nordic/nrfx/libmodules__hal_nordic__nrfx.a(nrfx_power.c.obj)
                0x000000000002fa04                nrfx_power_usbevt_uninit
 .text.nrfx_power_usbevt_init
                0x000000000002fa1c       0x14 modules/hal_nordic/nrfx/libmodules__hal_nordic__nrfx.a(nrfx_power.c.obj)
                0x000000000002fa1c                nrfx_power_usbevt_init
 .text.nrfx_power_irq_handler
                0x000000000002fa30       0xa0 modules/hal_nordic/nrfx/libmodules__hal_nordic__nrfx.a(nrfx_power.c.obj)
                0x000000000002fa30                nrfx_power_irq_handler
 .text.nrfx_ppi_channel_alloc
                0x000000000002fad0        0xc modules/hal_nordic/nrfx/libmodules__hal_nordic__nrfx.a(nrfx_ppi.c.obj)
                0x000000000002fad0                nrfx_ppi_channel_alloc
 .text.k_sys_fatal_error_handler
                0x000000000002fadc       0x20 zephyr/kernel/libkernel.a(fatal.c.obj)
                0x000000000002fadc                k_sys_fatal_error_handler
 .text.z_fatal_error
                0x000000000002fafc       0xe8 zephyr/kernel/libkernel.a(fatal.c.obj)
                0x000000000002fafc                z_fatal_error
 .text.z_sys_init_run_level
                0x000000000002fbe4       0x2c zephyr/kernel/libkernel.a(init.c.obj)
 .text.bg_thread_main
                0x000000000002fc10       0xc0 zephyr/kernel/libkernel.a(init.c.obj)
 .text.z_bss_zero
                0x000000000002fcd0       0x18 zephyr/kernel/libkernel.a(init.c.obj)
                0x000000000002fcd0                z_bss_zero
 .text.z_init_cpu
                0x000000000002fce8       0x70 zephyr/kernel/libkernel.a(init.c.obj)
                0x000000000002fce8                z_init_cpu
 .text.z_cstart
                0x000000000002fd58       0xe0 zephyr/kernel/libkernel.a(init.c.obj)
                0x000000000002fd58                z_cstart
 .text.init_mem_slab_obj_core_list
                0x000000000002fe38       0x24 zephyr/kernel/libkernel.a(mem_slab.c.obj)
 .text.k_mem_slab_alloc
                0x000000000002fe5c       0x5c zephyr/kernel/libkernel.a(mem_slab.c.obj)
                0x000000000002fe5c                k_mem_slab_alloc
 .text.z_impl_k_mutex_lock
                0x000000000002feb8       0xf0 zephyr/kernel/libkernel.a(mutex.c.obj)
                0x000000000002feb8                z_impl_k_mutex_lock
 .text.z_impl_k_mutex_unlock
                0x000000000002ffa8       0x78 zephyr/kernel/libkernel.a(mutex.c.obj)
                0x000000000002ffa8                z_impl_k_mutex_unlock
 .text.z_impl_k_queue_get
                0x0000000000030020       0x64 zephyr/kernel/libkernel.a(queue.c.obj)
                0x0000000000030020                z_impl_k_queue_get
 .text.z_impl_k_sem_give
                0x0000000000030084       0x48 zephyr/kernel/libkernel.a(sem.c.obj)
                0x0000000000030084                z_impl_k_sem_give
 .text.z_impl_k_sem_take
                0x00000000000300cc       0x4c zephyr/kernel/libkernel.a(sem.c.obj)
                0x00000000000300cc                z_impl_k_sem_take
 .text.z_impl_k_sem_reset
                0x0000000000030118       0x38 zephyr/kernel/libkernel.a(sem.c.obj)
                0x0000000000030118                z_impl_k_sem_reset
 .text.work_queue_main
                0x0000000000030150      0x144 zephyr/kernel/libkernel.a(work.c.obj)
 .text.cancel_sync_locked
                0x0000000000030294       0x3c zephyr/kernel/libkernel.a(work.c.obj)
 .text.submit_to_queue_locked
                0x00000000000302d0       0xb4 zephyr/kernel/libkernel.a(work.c.obj)
 .text.k_work_submit
                0x0000000000030384        0xc zephyr/kernel/libkernel.a(work.c.obj)
                0x0000000000030384                k_work_submit
 .text.k_work_queue_start
                0x0000000000030390       0x7c zephyr/kernel/libkernel.a(work.c.obj)
                0x0000000000030390                k_work_queue_start
 .text.k_work_schedule_for_queue
                0x000000000003040c       0x54 zephyr/kernel/libkernel.a(work.c.obj)
                0x000000000003040c                k_work_schedule_for_queue
 .text.k_work_schedule
                0x0000000000030460        0xc zephyr/kernel/libkernel.a(work.c.obj)
                0x0000000000030460                k_work_schedule
 .text.k_work_reschedule_for_queue
                0x000000000003046c       0x5c zephyr/kernel/libkernel.a(work.c.obj)
                0x000000000003046c                k_work_reschedule_for_queue
 .text.k_work_reschedule
                0x00000000000304c8        0xc zephyr/kernel/libkernel.a(work.c.obj)
                0x00000000000304c8                k_work_reschedule
 .text.z_impl_k_condvar_signal
                0x00000000000304d4       0x38 zephyr/kernel/libkernel.a(condvar.c.obj)
                0x00000000000304d4                z_impl_k_condvar_signal
 .text.z_impl_k_condvar_wait
                0x000000000003050c       0x4c zephyr/kernel/libkernel.a(condvar.c.obj)
                0x000000000003050c                z_impl_k_condvar_wait
 .text.z_setup_new_thread
                0x0000000000030558       0x98 zephyr/kernel/libkernel.a(thread.c.obj)
                0x0000000000030558                z_setup_new_thread
 .text.z_impl_k_thread_create
                0x00000000000305f0       0x58 zephyr/kernel/libkernel.a(thread.c.obj)
                0x00000000000305f0                z_impl_k_thread_create
 .text.update_cache
                0x0000000000030648       0x3c zephyr/kernel/libkernel.a(sched.c.obj)
 .text.unready_thread
                0x0000000000030684       0x30 zephyr/kernel/libkernel.a(sched.c.obj)
 .text.ready_thread
                0x00000000000306b4       0x68 zephyr/kernel/libkernel.a(sched.c.obj)
 .text.z_thread_halt
                0x000000000003071c       0xd8 zephyr/kernel/libkernel.a(sched.c.obj)
 .text.move_thread_to_end_of_prio_q
                0x00000000000307f4       0x74 zephyr/kernel/libkernel.a(sched.c.obj)
                0x00000000000307f4                move_thread_to_end_of_prio_q
 .text.z_pend_curr
                0x0000000000030868       0x58 zephyr/kernel/libkernel.a(sched.c.obj)
                0x0000000000030868                z_pend_curr
 .text.z_thread_prio_set
                0x00000000000308c0       0x88 zephyr/kernel/libkernel.a(sched.c.obj)
                0x00000000000308c0                z_thread_prio_set
 .text.z_reschedule
                0x0000000000030948       0x24 zephyr/kernel/libkernel.a(sched.c.obj)
                0x0000000000030948                z_reschedule
 .text.z_sched_start
                0x000000000003096c       0x3c zephyr/kernel/libkernel.a(sched.c.obj)
                0x000000000003096c                z_sched_start
 .text.z_reschedule_irqlock
                0x00000000000309a8       0x28 zephyr/kernel/libkernel.a(sched.c.obj)
                0x00000000000309a8                z_reschedule_irqlock
 .text.k_sched_lock
                0x00000000000309d0       0x28 zephyr/kernel/libkernel.a(sched.c.obj)
                0x00000000000309d0                k_sched_lock
 .text.k_sched_unlock
                0x00000000000309f8       0x40 zephyr/kernel/libkernel.a(sched.c.obj)
                0x00000000000309f8                k_sched_unlock
 .text.z_sched_init
                0x0000000000030a38       0x10 zephyr/kernel/libkernel.a(sched.c.obj)
                0x0000000000030a38                z_sched_init
 .text.z_impl_k_yield
                0x0000000000030a48       0x7c zephyr/kernel/libkernel.a(sched.c.obj)
                0x0000000000030a48                z_impl_k_yield
 .text.z_tick_sleep
                0x0000000000030ac4       0x88 zephyr/kernel/libkernel.a(sched.c.obj)
 .text.z_impl_k_sleep
                0x0000000000030b4c       0x3c zephyr/kernel/libkernel.a(sched.c.obj)
                0x0000000000030b4c                z_impl_k_sleep
 .text.z_impl_k_usleep
                0x0000000000030b88       0x3c zephyr/kernel/libkernel.a(sched.c.obj)
                0x0000000000030b88                z_impl_k_usleep
 .text.z_impl_k_sched_current_thread_query
                0x0000000000030bc4        0xc zephyr/kernel/libkernel.a(sched.c.obj)
                0x0000000000030bc4                z_impl_k_sched_current_thread_query
 .text.z_sched_wait
                0x0000000000030bd0       0x24 zephyr/kernel/libkernel.a(sched.c.obj)
                0x0000000000030bd0                z_sched_wait
 .text.slice_timeout
                0x0000000000030bf4       0x20 zephyr/kernel/libkernel.a(timeslicing.c.obj)
 .text.thread_is_sliceable
                0x0000000000030c14       0x3c zephyr/kernel/libkernel.a(timeslicing.c.obj)
                0x0000000000030c14                thread_is_sliceable
 .text.z_reset_time_slice
                0x0000000000030c50       0x50 zephyr/kernel/libkernel.a(timeslicing.c.obj)
                0x0000000000030c50                z_reset_time_slice
 .text.z_time_slice
                0x0000000000030ca0       0x60 zephyr/kernel/libkernel.a(timeslicing.c.obj)
                0x0000000000030ca0                z_time_slice
 .text.z_data_copy
                0x0000000000030d00       0x34 zephyr/kernel/libkernel.a(xip.c.obj)
                0x0000000000030d00                z_data_copy
 .text.elapsed  0x0000000000030d34       0x14 zephyr/kernel/libkernel.a(timeout.c.obj)
 .text.remove_timeout
                0x0000000000030d48       0x38 zephyr/kernel/libkernel.a(timeout.c.obj)
 .text.next_timeout
                0x0000000000030d80       0x40 zephyr/kernel/libkernel.a(timeout.c.obj)
 .text.z_add_timeout
                0x0000000000030dc0       0xf4 zephyr/kernel/libkernel.a(timeout.c.obj)
                0x0000000000030dc0                z_add_timeout
 .text.sys_clock_announce
                0x0000000000030eb4       0xd0 zephyr/kernel/libkernel.a(timeout.c.obj)
                0x0000000000030eb4                sys_clock_announce
 .text.sys_clock_tick_get
                0x0000000000030f84       0x30 zephyr/kernel/libkernel.a(timeout.c.obj)
                0x0000000000030f84                sys_clock_tick_get
 .text.z_timer_expiration_handler
                0x0000000000030fb4       0xe0 zephyr/kernel/libkernel.a(timer.c.obj)
                0x0000000000030fb4                z_timer_expiration_handler
 .text.z_impl_k_timer_start
                0x0000000000031094       0x74 zephyr/kernel/libkernel.a(timer.c.obj)
                0x0000000000031094                z_impl_k_timer_start
 .text.z_thread_aligned_alloc
                0x0000000000031108       0x40 zephyr/kernel/libkernel.a(mempool.c.obj)
                0x0000000000031108                z_thread_aligned_alloc
 .text.statics_init
                0x0000000000031148       0x24 zephyr/kernel/libkernel.a(kheap.c.obj)
 .text.k_sys_work_q_init
                0x000000000003116c       0x34 zephyr/kernel/libkernel.a(system_work_q.c.obj)
 .text.nrf_cc3xx_platform_init_no_rng
                0x00000000000311a0       0x38 C:/ncs/v2.7.0/nrfxlib/crypto/nrf_cc310_platform/lib/cortex-m4/soft-float/no-interrupts/libnrf_cc310_platform_0.9.19.a(nrf_cc3xx_platform.c.obj)
                0x00000000000311a0                nrf_cc3xx_platform_init_no_rng
 .text.nrf_cc3xx_platform_abort
                0x00000000000311d8       0x24 C:/ncs/v2.7.0/nrfxlib/crypto/nrf_cc310_platform/lib/cortex-m4/soft-float/no-interrupts/libnrf_cc310_platform_0.9.19.a(nrf_cc3xx_platform_abort.c.obj)
 .text.CC_PalAbort
                0x00000000000311fc       0x34 C:/ncs/v2.7.0/nrfxlib/crypto/nrf_cc310_platform/lib/cortex-m4/soft-float/no-interrupts/libnrf_cc310_platform_0.9.19.a(nrf_cc3xx_platform_abort.c.obj)
                0x00000000000311fc                CC_PalAbort
 .text.nrf_cc3xx_platform_set_abort
                0x0000000000031230       0x10 C:/ncs/v2.7.0/nrfxlib/crypto/nrf_cc310_platform/lib/cortex-m4/soft-float/no-interrupts/libnrf_cc310_platform_0.9.19.a(nrf_cc3xx_platform_abort.c.obj)
                0x0000000000031230                nrf_cc3xx_platform_set_abort
 .text.mutex_free
                0x0000000000031240       0x34 C:/ncs/v2.7.0/nrfxlib/crypto/nrf_cc310_platform/lib/cortex-m4/soft-float/no-interrupts/libnrf_cc310_platform_0.9.19.a(nrf_cc3xx_platform_mutex.c.obj)
 .text.mutex_lock
                0x0000000000031274       0x48 C:/ncs/v2.7.0/nrfxlib/crypto/nrf_cc310_platform/lib/cortex-m4/soft-float/no-interrupts/libnrf_cc310_platform_0.9.19.a(nrf_cc3xx_platform_mutex.c.obj)
 .text.mutex_unlock
                0x00000000000312bc       0x38 C:/ncs/v2.7.0/nrfxlib/crypto/nrf_cc310_platform/lib/cortex-m4/soft-float/no-interrupts/libnrf_cc310_platform_0.9.19.a(nrf_cc3xx_platform_mutex.c.obj)
 .text.mutex_init
                0x00000000000312f4       0x20 C:/ncs/v2.7.0/nrfxlib/crypto/nrf_cc310_platform/lib/cortex-m4/soft-float/no-interrupts/libnrf_cc310_platform_0.9.19.a(nrf_cc3xx_platform_mutex.c.obj)
 .text.nrf_cc3xx_platform_set_mutexes
                0x0000000000031314       0x74 C:/ncs/v2.7.0/nrfxlib/crypto/nrf_cc310_platform/lib/cortex-m4/soft-float/no-interrupts/libnrf_cc310_platform_0.9.19.a(nrf_cc3xx_platform_mutex.c.obj)
                0x0000000000031314                nrf_cc3xx_platform_set_mutexes
 .text.CC_LibInitNoRng
                0x0000000000031388       0x64 C:/ncs/v2.7.0/nrfxlib/crypto/nrf_cc310_platform/lib/cortex-m4/soft-float/no-interrupts/libnrf_cc310_platform_0.9.19.a(cc_lib.c.obj)
                0x0000000000031388                CC_LibInitNoRng
 .text.CC_HalInit
                0x00000000000313ec        0x4 C:/ncs/v2.7.0/nrfxlib/crypto/nrf_cc310_platform/lib/cortex-m4/soft-float/no-interrupts/libnrf_cc310_platform_0.9.19.a(cc_hal.c.obj)
                0x00000000000313ec                CC_HalInit
 .text.CC_HalTerminate
                0x00000000000313f0        0x4 C:/ncs/v2.7.0/nrfxlib/crypto/nrf_cc310_platform/lib/cortex-m4/soft-float/no-interrupts/libnrf_cc310_platform_0.9.19.a(cc_hal.c.obj)
                0x00000000000313f0                CC_HalTerminate
 .text.CC_HalMaskInterrupt
                0x00000000000313f4        0xc C:/ncs/v2.7.0/nrfxlib/crypto/nrf_cc310_platform/lib/cortex-m4/soft-float/no-interrupts/libnrf_cc310_platform_0.9.19.a(cc_hal.c.obj)
                0x00000000000313f4                CC_HalMaskInterrupt
 .text.CC_PalInit
                0x0000000000031400       0x5c C:/ncs/v2.7.0/nrfxlib/crypto/nrf_cc310_platform/lib/cortex-m4/soft-float/no-interrupts/libnrf_cc310_platform_0.9.19.a(cc_pal.c.obj)
                0x0000000000031400                CC_PalInit
 .text.CC_PalTerminate
                0x000000000003145c       0x34 C:/ncs/v2.7.0/nrfxlib/crypto/nrf_cc310_platform/lib/cortex-m4/soft-float/no-interrupts/libnrf_cc310_platform_0.9.19.a(cc_pal.c.obj)
                0x000000000003145c                CC_PalTerminate
 .text.CC_PalDmaInit
                0x0000000000031490        0x4 C:/ncs/v2.7.0/nrfxlib/crypto/nrf_cc310_platform/lib/cortex-m4/soft-float/no-interrupts/libnrf_cc310_platform_0.9.19.a(cc_pal_dma.c.obj)
                0x0000000000031490                CC_PalDmaInit
 .text.CC_PalDmaTerminate
                0x0000000000031494        0x4 C:/ncs/v2.7.0/nrfxlib/crypto/nrf_cc310_platform/lib/cortex-m4/soft-float/no-interrupts/libnrf_cc310_platform_0.9.19.a(cc_pal_dma.c.obj)
                0x0000000000031494                CC_PalDmaTerminate
 .text.CC_PalMutexCreate
                0x0000000000031498       0x14 C:/ncs/v2.7.0/nrfxlib/crypto/nrf_cc310_platform/lib/cortex-m4/soft-float/no-interrupts/libnrf_cc310_platform_0.9.19.a(cc_pal_mutex.c.obj)
                0x0000000000031498                CC_PalMutexCreate
 .text.CC_PalMutexDestroy
                0x00000000000314ac       0x14 C:/ncs/v2.7.0/nrfxlib/crypto/nrf_cc310_platform/lib/cortex-m4/soft-float/no-interrupts/libnrf_cc310_platform_0.9.19.a(cc_pal_mutex.c.obj)
                0x00000000000314ac                CC_PalMutexDestroy
 .text.CC_PalPowerSaveModeInit
                0x00000000000314c0       0x3c C:/ncs/v2.7.0/nrfxlib/crypto/nrf_cc310_platform/lib/cortex-m4/soft-float/no-interrupts/libnrf_cc310_platform_0.9.19.a(cc_pal_pm.c.obj)
                0x00000000000314c0                CC_PalPowerSaveModeInit
 .text.CC_PalPowerSaveModeSelect
                0x00000000000314fc       0x84 C:/ncs/v2.7.0/nrfxlib/crypto/nrf_cc310_platform/lib/cortex-m4/soft-float/no-interrupts/libnrf_cc310_platform_0.9.19.a(cc_pal_pm.c.obj)
                0x00000000000314fc                CC_PalPowerSaveModeSelect
 .text.snprintf
                0x0000000000031580       0x58 c:\ncs\toolchains\ce3b5ff664\opt\zephyr-sdk\arm-zephyr-eabi\bin\../lib/gcc/../../picolibc/arm-zephyr-eabi/lib/thumb/v7e-m/nofp\libc.a(libc_tinystdio_snprintf.c.o)
                0x0000000000031580                snprintf
 .text.strtol   0x00000000000315d8       0xec c:\ncs\toolchains\ce3b5ff664\opt\zephyr-sdk\arm-zephyr-eabi\bin\../lib/gcc/../../picolibc/arm-zephyr-eabi/lib/thumb/v7e-m/nofp\libc.a(libc_tinystdio_strtol.c.o)
                0x00000000000315d8                strtol
 .text.__l_vfprintf
                0x00000000000316c4      0x4b8 c:\ncs\toolchains\ce3b5ff664\opt\zephyr-sdk\arm-zephyr-eabi\bin\../lib/gcc/../../picolibc/arm-zephyr-eabi/lib/thumb/v7e-m/nofp\libc.a(libc_tinystdio_vflprintf.c.o)
                0x00000000000316c4                __l_vfprintf
 .text._OffsetAbsSyms
                0x0000000000031b7c        0x2 zephyr/CMakeFiles/offsets.dir/./arch/arm/core/offsets/offsets.c.obj
                0x0000000000031b7c                _OffsetAbsSyms
 .text.chunk_size
                0x0000000000031b7e        0xa zephyr/libzephyr.a(heap.c.obj)
 .text.free_list_add
                0x0000000000031b88       0x4e zephyr/libzephyr.a(heap.c.obj)
 .text.free_list_remove_bidx
                0x0000000000031bd6       0x3a zephyr/libzephyr.a(heap.c.obj)
 .text.free_list_remove
                0x0000000000031c10       0x1a zephyr/libzephyr.a(heap.c.obj)
 .text.alloc_chunk
                0x0000000000031c2a       0x6e zephyr/libzephyr.a(heap.c.obj)
 .text.merge_chunks
                0x0000000000031c98       0x2c zephyr/libzephyr.a(heap.c.obj)
 .text.split_chunks
                0x0000000000031cc4       0x34 zephyr/libzephyr.a(heap.c.obj)
 .text.free_chunk
                0x0000000000031cf8       0x62 zephyr/libzephyr.a(heap.c.obj)
 .text.sys_heap_free
                0x0000000000031d5a       0x1e zephyr/libzephyr.a(heap.c.obj)
                0x0000000000031d5a                sys_heap_free
 .text.sys_heap_alloc
                0x0000000000031d78       0x52 zephyr/libzephyr.a(heap.c.obj)
                0x0000000000031d78                sys_heap_alloc
 .text.sys_heap_aligned_alloc
                0x0000000000031dca       0xd0 zephyr/libzephyr.a(heap.c.obj)
                0x0000000000031dca                sys_heap_aligned_alloc
 .text.sys_heap_init
                0x0000000000031e9a       0x7a zephyr/libzephyr.a(heap.c.obj)
                0x0000000000031e9a                sys_heap_init
 .text.cbpprintf_external
                0x0000000000031f14       0x62 zephyr/libzephyr.a(cbprintf_packaged.c.obj)
                0x0000000000031f14                cbpprintf_external
 .text.is_ptr   0x0000000000031f76       0x4a zephyr/libzephyr.a(cbprintf_packaged.c.obj)
                0x0000000000031f76                is_ptr
 .text.arch_printk_char_out
                0x0000000000031fc0        0x4 zephyr/libzephyr.a(printk.c.obj)
                0x0000000000031fc0                arch_printk_char_out
 .text.printk   0x0000000000031fc4       0x1a zephyr/libzephyr.a(printk.c.obj)
                0x0000000000031fc4                printk
 .text.free_space
                0x0000000000031fde       0x26 zephyr/libzephyr.a(mpsc_pbuf.c.obj)
 .text.get_usage
                0x0000000000032004       0x22 zephyr/libzephyr.a(mpsc_pbuf.c.obj)
 .text.idx_inc  0x0000000000032026       0x1c zephyr/libzephyr.a(mpsc_pbuf.c.obj)
 .text.rd_idx_inc
                0x0000000000032042       0x18 zephyr/libzephyr.a(mpsc_pbuf.c.obj)
 .text.add_skip_item
                0x000000000003205a       0x3a zephyr/libzephyr.a(mpsc_pbuf.c.obj)
 .text.drop_item_locked
                0x0000000000032094       0xee zephyr/libzephyr.a(mpsc_pbuf.c.obj)
 .text.post_drop_action
                0x0000000000032182       0x36 zephyr/libzephyr.a(mpsc_pbuf.c.obj)
 .text.max_utilization_update
                0x00000000000321b8       0x1a zephyr/libzephyr.a(mpsc_pbuf.c.obj)
 .text.mpsc_pbuf_init
                0x00000000000321d2       0x42 zephyr/libzephyr.a(mpsc_pbuf.c.obj)
                0x00000000000321d2                mpsc_pbuf_init
 .text.mpsc_pbuf_alloc
                0x0000000000032214       0xf8 zephyr/libzephyr.a(mpsc_pbuf.c.obj)
                0x0000000000032214                mpsc_pbuf_alloc
 .text.mpsc_pbuf_commit
                0x000000000003230c       0x3e zephyr/libzephyr.a(mpsc_pbuf.c.obj)
                0x000000000003230c                mpsc_pbuf_commit
 .text.mpsc_pbuf_claim
                0x000000000003234a       0xa8 zephyr/libzephyr.a(mpsc_pbuf.c.obj)
                0x000000000003234a                mpsc_pbuf_claim
 .text.mpsc_pbuf_free
                0x00000000000323f2       0x76 zephyr/libzephyr.a(mpsc_pbuf.c.obj)
                0x00000000000323f2                mpsc_pbuf_free
 .text.mpsc_pbuf_is_pending
                0x0000000000032468       0x1a zephyr/libzephyr.a(mpsc_pbuf.c.obj)
                0x0000000000032468                mpsc_pbuf_is_pending
 .text.sys_slist_find_and_remove
                0x0000000000032482       0x36 zephyr/libzephyr.a(onoff.c.obj)
 .text.process_recheck
                0x00000000000324b8       0x38 zephyr/libzephyr.a(onoff.c.obj)
 .text.validate_args
                0x00000000000324f0       0x20 zephyr/libzephyr.a(onoff.c.obj)
 .text.notify_one
                0x0000000000032510       0x2c zephyr/libzephyr.a(onoff.c.obj)
 .text.transition_complete
                0x000000000003253c       0x1a zephyr/libzephyr.a(onoff.c.obj)
 .text.onoff_manager_init
                0x0000000000032556       0x26 zephyr/libzephyr.a(onoff.c.obj)
                0x0000000000032556                onoff_manager_init
 .text.onoff_request
                0x000000000003257c       0xae zephyr/libzephyr.a(onoff.c.obj)
                0x000000000003257c                onoff_request
 .text.onoff_release
                0x000000000003262a       0x48 zephyr/libzephyr.a(onoff.c.obj)
                0x000000000003262a                onoff_release
 .text.onoff_cancel
                0x0000000000032672       0x36 zephyr/libzephyr.a(onoff.c.obj)
                0x0000000000032672                onoff_cancel
 .text.sys_notify_validate
                0x00000000000326a8       0x22 zephyr/libzephyr.a(notify.c.obj)
                0x00000000000326a8                sys_notify_validate
 .text.sys_notify_finalize
                0x00000000000326ca       0x1a zephyr/libzephyr.a(notify.c.obj)
                0x00000000000326ca                sys_notify_finalize
 .text.ring_buf_put_claim
                0x00000000000326e4       0x3e zephyr/libzephyr.a(ring_buffer.c.obj)
                0x00000000000326e4                ring_buf_put_claim
 .text.ring_buf_put_finish
                0x0000000000032722       0x2a zephyr/libzephyr.a(ring_buffer.c.obj)
                0x0000000000032722                ring_buf_put_finish
 .text.ring_buf_put
                0x000000000003274c       0x3e zephyr/libzephyr.a(ring_buffer.c.obj)
                0x000000000003274c                ring_buf_put
 .text.ring_buf_get_claim
                0x000000000003278a       0x40 zephyr/libzephyr.a(ring_buffer.c.obj)
                0x000000000003278a                ring_buf_get_claim
 .text.ring_buf_get_finish
                0x00000000000327ca       0x2a zephyr/libzephyr.a(ring_buffer.c.obj)
                0x00000000000327ca                ring_buf_get_finish
 .text.ring_buf_get
                0x00000000000327f4       0x40 zephyr/libzephyr.a(ring_buffer.c.obj)
                0x00000000000327f4                ring_buf_get
 .text._ConfigAbsSyms
                0x0000000000032834        0x2 zephyr/libzephyr.a(configs.c.obj)
                0x0000000000032834                _ConfigAbsSyms
 .text.log_msg_generic_get_wlen
                0x0000000000032836       0x20 zephyr/libzephyr.a(log_core.c.obj)
 .text.dummy_timestamp
                0x0000000000032856        0x4 zephyr/libzephyr.a(log_core.c.obj)
 .text.default_get_timestamp
                0x000000000003285a        0x4 zephyr/libzephyr.a(log_core.c.obj)
 .text.atomic_inc
                0x000000000003285e       0x1a zephyr/libzephyr.a(log_core.c.obj)
 .text.z_log_vprintk
                0x0000000000032878       0x1c zephyr/libzephyr.a(log_core.c.obj)
                0x0000000000032878                z_log_vprintk
 .text.z_log_notify_drop
                0x0000000000032894        0x6 zephyr/libzephyr.a(log_core.c.obj)
 .text.z_log_get_tag
                0x000000000003289a        0x4 zephyr/libzephyr.a(log_core.c.obj)
                0x000000000003289a                z_log_get_tag
 .text.z_cbprintf_cpy
                0x000000000003289e       0x2c zephyr/libzephyr.a(log_msg.c.obj)
 .text.z_log_msg_finalize
                0x00000000000328ca       0x32 zephyr/libzephyr.a(log_msg.c.obj)
                0x00000000000328ca                z_log_msg_finalize
 .text.z_log_msg_simple_create
                0x00000000000328fc       0x6e zephyr/libzephyr.a(log_msg.c.obj)
 .text.z_impl_z_log_msg_simple_create_0
                0x000000000003296a       0x12 zephyr/libzephyr.a(log_msg.c.obj)
                0x000000000003296a                z_impl_z_log_msg_simple_create_0
 .text.z_impl_z_log_msg_simple_create_1
                0x000000000003297c       0x14 zephyr/libzephyr.a(log_msg.c.obj)
                0x000000000003297c                z_impl_z_log_msg_simple_create_1
 .text.z_impl_z_log_msg_simple_create_2
                0x0000000000032990       0x18 zephyr/libzephyr.a(log_msg.c.obj)
                0x0000000000032990                z_impl_z_log_msg_simple_create_2
 .text.buffer_write
                0x00000000000329a8       0x1c zephyr/libzephyr.a(log_output.c.obj)
 .text.log_output_flush
                0x00000000000329c4       0x1a zephyr/libzephyr.a(log_output.c.obj)
                0x00000000000329c4                log_output_flush
 .text.out_func
                0x00000000000329de       0x36 zephyr/libzephyr.a(log_output.c.obj)
 .text.cr_out_func
                0x0000000000032a14       0x1c zephyr/libzephyr.a(log_output.c.obj)
 .text.log_output_msg_process
                0x0000000000032a30       0x6a zephyr/libzephyr.a(log_output.c.obj)
                0x0000000000032a30                log_output_msg_process
 .text.format_set
                0x0000000000032a9a        0xc zephyr/libzephyr.a(log_backend_uart.c.obj)
 .text.log_backend_uart_init
                0x0000000000032aa6        0xc zephyr/libzephyr.a(log_backend_uart.c.obj)
 .text.panic    0x0000000000032ab2       0x10 zephyr/libzephyr.a(log_backend_uart.c.obj)
 .text.dropped  0x0000000000032ac2        0xa zephyr/libzephyr.a(log_backend_uart.c.obj)
 .text.process  0x0000000000032acc       0x1e zephyr/libzephyr.a(log_backend_uart.c.obj)
 .text.z_log_msg_simple_create_1
                0x0000000000032aea        0x4 zephyr/libzephyr.a(usb_device.c.obj)
 .text.get_ep_bm_from_addr
                0x0000000000032aee       0x1c zephyr/libzephyr.a(usb_device.c.obj)
 .text.usb_device_init
                0x0000000000032b0a        0x6 zephyr/libzephyr.a(usb_device.c.obj)
 .text.usb_get_dev_data_by_cfg
                0x0000000000032b10       0x18 zephyr/libzephyr.a(usb_descriptor.c.obj)
                0x0000000000032b10                usb_get_dev_data_by_cfg
 .text.usb_get_dev_data_by_iface
                0x0000000000032b28       0x1c zephyr/libzephyr.a(usb_descriptor.c.obj)
                0x0000000000032b28                usb_get_dev_data_by_iface
 .text.usb_get_dev_data_by_ep
                0x0000000000032b44       0x2c zephyr/libzephyr.a(usb_descriptor.c.obj)
                0x0000000000032b44                usb_get_dev_data_by_ep
 .text.usb_transfer_is_busy
                0x0000000000032b70       0x16 zephyr/libzephyr.a(usb_transfer.c.obj)
                0x0000000000032b70                usb_transfer_is_busy
 .text.cdc_interface_config
                0x0000000000032b86       0x14 zephyr/libzephyr.a(cdc_acm.c.obj)
 .text.cdc_acm_irq_callback_work_handler
                0x0000000000032b9a        0xa zephyr/libzephyr.a(cdc_acm.c.obj)
 .text.cdc_acm_irq_tx_disable
                0x0000000000032ba4        0xa zephyr/libzephyr.a(cdc_acm.c.obj)
 .text.cdc_acm_irq_tx_ready
                0x0000000000032bae        0xe zephyr/libzephyr.a(cdc_acm.c.obj)
 .text.cdc_acm_irq_rx_disable
                0x0000000000032bbc        0xa zephyr/libzephyr.a(cdc_acm.c.obj)
 .text.cdc_acm_irq_rx_ready
                0x0000000000032bc6        0x8 zephyr/libzephyr.a(cdc_acm.c.obj)
 .text.cdc_acm_irq_is_pending
                0x0000000000032bce       0x1e zephyr/libzephyr.a(cdc_acm.c.obj)
 .text.cdc_acm_irq_update
                0x0000000000032bec        0x4 zephyr/libzephyr.a(cdc_acm.c.obj)
 .text.cdc_acm_irq_callback_set
                0x0000000000032bf0        0x8 zephyr/libzephyr.a(cdc_acm.c.obj)
 .text.cdc_acm_configure
                0x0000000000032bf8       0x18 zephyr/libzephyr.a(cdc_acm.c.obj)
 .text.cdc_acm_config_get
                0x0000000000032c10       0x5c zephyr/libzephyr.a(cdc_acm.c.obj)
 .text.cdc_acm_fifo_read
                0x0000000000032c6c       0x54 zephyr/libzephyr.a(cdc_acm.c.obj)
 .text.cdc_acm_poll_in
                0x0000000000032cc0       0x12 zephyr/libzephyr.a(cdc_acm.c.obj)
 .text.abort_function
                0x0000000000032cd2        0x2 zephyr/libzephyr.a(nrf_cc3xx_platform_abort_zephyr.c.obj)
 .text.z_do_kernel_oops
                0x0000000000032cd4        0x8 zephyr/arch/arch/arm/core/libarch__arm__core.a(fatal.c.obj)
                0x0000000000032cd4                z_do_kernel_oops
 .text.z_arm_nmi
                0x0000000000032cdc        0xe zephyr/arch/arch/arm/core/libarch__arm__core.a(nmi.c.obj)
                0x0000000000032cdc                z_arm_nmi
 .text.z_log_msg_simple_create_0.constprop.0
                0x0000000000032cea        0x8 zephyr/arch/arch/arm/core/cortex_m/libarch__arm__core__cortex_m.a(fault.c.obj)
 .text.z_irq_spurious
                0x0000000000032cf2        0x8 zephyr/arch/arch/arm/core/cortex_m/libarch__arm__core__cortex_m.a(irq_manage.c.obj)
                0x0000000000032cf2                z_irq_spurious
 .text.arch_irq_unlock_outlined
                0x0000000000032cfa        0xe zephyr/arch/arch/arm/core/cortex_m/libarch__arm__core__cortex_m.a(thread.c.obj)
                0x0000000000032cfa                arch_irq_unlock_outlined
 .text.arch_cpu_idle
                0x0000000000032d08       0x1a zephyr/arch/arch/arm/core/cortex_m/libarch__arm__core__cortex_m.a(cpu_idle.c.obj)
                0x0000000000032d08                arch_cpu_idle
 .text.arch_cpu_atomic_idle
                0x0000000000032d22       0x1e zephyr/arch/arch/arm/core/cortex_m/libarch__arm__core__cortex_m.a(cpu_idle.c.obj)
                0x0000000000032d22                arch_cpu_atomic_idle
 .text.size_to_mpu_rasr_size
                0x0000000000032d40       0x20 zephyr/arch/arch/arm/core/mpu/libarch__arm__core__mpu.a(arm_mpu.c.obj)
 .text.cbputc   0x0000000000032d60        0xc zephyr/lib/libc/picolibc/liblib__libc__picolibc.a(libc-hooks.c.obj)
 .text.picolibc_put
                0x0000000000032d6c        0xa zephyr/lib/libc/picolibc/liblib__libc__picolibc.a(libc-hooks.c.obj)
 .text.modem_chat_pipe_callback
                0x0000000000032d76       0x18 zephyr/subsys/modem/libsubsys__modem.a(modem_chat.c.obj)
 .text.modem_chat_script_chat_schedule_send_timeout
                0x0000000000032d8e       0x36 zephyr/subsys/modem/libsubsys__modem.a(modem_chat.c.obj)
 .text.modem_chat_script_abort_handler
                0x0000000000032dc4       0x10 zephyr/subsys/modem/libsubsys__modem.a(modem_chat.c.obj)
 .text.modem_chat_script_timeout_handler
                0x0000000000032dd4        0x8 zephyr/subsys/modem/libsubsys__modem.a(modem_chat.c.obj)
 .text.modem_chat_script_next
                0x0000000000032ddc       0x56 zephyr/subsys/modem/libsubsys__modem.a(modem_chat.c.obj)
 .text.modem_chat_script_send_timeout_handler
                0x0000000000032e32       0x10 zephyr/subsys/modem/libsubsys__modem.a(modem_chat.c.obj)
 .text.modem_chat_on_command_received
                0x0000000000032e42       0x72 zephyr/subsys/modem/libsubsys__modem.a(modem_chat.c.obj)
 .text.modem_chat_script_run_handler
                0x0000000000032eb4       0x58 zephyr/subsys/modem/libsubsys__modem.a(modem_chat.c.obj)
 .text.modem_chat_script_send_handler
                0x0000000000032f0c       0x7e zephyr/subsys/modem/libsubsys__modem.a(modem_chat.c.obj)
 .text.modem_chat_release
                0x0000000000032f8a       0x84 zephyr/subsys/modem/libsubsys__modem.a(modem_chat.c.obj)
                0x0000000000032f8a                modem_chat_release
 .text.k_mutex_lock.constprop.0.isra.0
                0x000000000003300e        0x4 zephyr/subsys/modem/libsubsys__modem.a(modem_pipe.c.obj)
 .text.k_mutex_unlock.isra.0
                0x0000000000033012        0x4 zephyr/subsys/modem/libsubsys__modem.a(modem_pipe.c.obj)
 .text.modem_pipe_init
                0x0000000000033016       0x32 zephyr/subsys/modem/libsubsys__modem.a(modem_pipe.c.obj)
                0x0000000000033016                modem_pipe_init
 .text.modem_pipe_open
                0x0000000000033048       0x60 zephyr/subsys/modem/libsubsys__modem.a(modem_pipe.c.obj)
                0x0000000000033048                modem_pipe_open
 .text.modem_pipe_attach
                0x00000000000330a8       0x4e zephyr/subsys/modem/libsubsys__modem.a(modem_pipe.c.obj)
                0x00000000000330a8                modem_pipe_attach
 .text.modem_pipe_transmit
                0x00000000000330f6       0x4e zephyr/subsys/modem/libsubsys__modem.a(modem_pipe.c.obj)
                0x00000000000330f6                modem_pipe_transmit
 .text.modem_pipe_receive
                0x0000000000033144       0x4e zephyr/subsys/modem/libsubsys__modem.a(modem_pipe.c.obj)
                0x0000000000033144                modem_pipe_receive
 .text.modem_pipe_release
                0x0000000000033192       0x26 zephyr/subsys/modem/libsubsys__modem.a(modem_pipe.c.obj)
                0x0000000000033192                modem_pipe_release
 .text.modem_pipe_close
                0x00000000000331b8       0x5e zephyr/subsys/modem/libsubsys__modem.a(modem_pipe.c.obj)
                0x00000000000331b8                modem_pipe_close
 .text.modem_pipe_notify_opened
                0x0000000000033216       0x42 zephyr/subsys/modem/libsubsys__modem.a(modem_pipe.c.obj)
                0x0000000000033216                modem_pipe_notify_opened
 .text.modem_pipe_notify_closed
                0x0000000000033258       0x48 zephyr/subsys/modem/libsubsys__modem.a(modem_pipe.c.obj)
                0x0000000000033258                modem_pipe_notify_closed
 .text.modem_pipe_notify_receive_ready
                0x00000000000332a0       0x38 zephyr/subsys/modem/libsubsys__modem.a(modem_pipe.c.obj)
                0x00000000000332a0                modem_pipe_notify_receive_ready
 .text.modem_pipe_notify_transmit_idle
                0x00000000000332d8       0x38 zephyr/subsys/modem/libsubsys__modem.a(modem_pipe.c.obj)
                0x00000000000332d8                modem_pipe_notify_transmit_idle
 .text.modem_ubx_pipe_callback
                0x0000000000033310        0xe zephyr/subsys/modem/libsubsys__modem.a(modem_ubx.c.obj)
 .text.modem_ubx_create_frame