Archive member included to satisfy reference by file (symbol)

app/libapp.a(main.c.obj)      (--whole-archive)
zephyr/libzephyr.a(heap.c.obj)
                              (--whole-archive)
zephyr/libzephyr.a(cbprintf_packaged.c.obj)
                              (--whole-archive)
zephyr/libzephyr.a(printk.c.obj)
                              (--whole-archive)
zephyr/libzephyr.a(sem.c.obj)
                              (--whole-archive)
zephyr/libzephyr.a(thread_entry.c.obj)
                              (--whole-archive)
zephyr/libzephyr.a(cbprintf_complete.c.obj)
                              (--whole-archive)
zephyr/libzephyr.a(assert.c.obj)
                              (--whole-archive)
zephyr/libzephyr.a(dec.c.obj)
                              (--whole-archive)
zephyr/libzephyr.a(hex.c.obj)
                              (--whole-archive)
zephyr/libzephyr.a(rb.c.obj)  (--whole-archive)
zephyr/libzephyr.a(timeutil.c.obj)
                              (--whole-archive)
zephyr/libzephyr.a(bitarray.c.obj)
                              (--whole-archive)
zephyr/libzephyr.a(onoff.c.obj)
                              (--whole-archive)
zephyr/libzephyr.a(notify.c.obj)
                              (--whole-archive)
zephyr/libzephyr.a(ring_buffer.c.obj)
                              (--whole-archive)
zephyr/libzephyr.a(configs.c.obj)
                              (--whole-archive)
zephyr/libzephyr.a(log_core.c.obj)
                              (--whole-archive)
zephyr/libzephyr.a(log_mgmt.c.obj)
                              (--whole-archive)
zephyr/libzephyr.a(log_cache.c.obj)
                              (--whole-archive)
zephyr/libzephyr.a(log_msg.c.obj)
                              (--whole-archive)
zephyr/libzephyr.a(log_output.c.obj)
                              (--whole-archive)
zephyr/libzephyr.a(log_backend_uart.c.obj)
                              (--whole-archive)
zephyr/libzephyr.a(mem_attr.c.obj)
                              (--whole-archive)
zephyr/libzephyr.a(tracing_none.c.obj)
                              (--whole-archive)
zephyr/libzephyr.a(usb_device.c.obj)
                              (--whole-archive)
zephyr/libzephyr.a(usb_descriptor.c.obj)
                              (--whole-archive)
zephyr/libzephyr.a(usb_transfer.c.obj)
                              (--whole-archive)
zephyr/libzephyr.a(cdc_acm.c.obj)
                              (--whole-archive)
zephyr/libzephyr.a(usb_work_q.c.obj)
                              (--whole-archive)
zephyr/libzephyr.a(banner.c.obj)
                              (--whole-archive)
zephyr/libzephyr.a(nrf_cc3xx_platform_abort_zephyr.c.obj)
                              (--whole-archive)
zephyr/libzephyr.a(nrf_cc3xx_platform_mutex_zephyr.c.obj)
                              (--whole-archive)
zephyr/arch/common/libarch__common.a(sw_isr_common.c.obj)
                              (--whole-archive)
zephyr/arch/arch/arm/core/libarch__arm__core.a(fatal.c.obj)
                              (--whole-archive)
zephyr/arch/arch/arm/core/libarch__arm__core.a(nmi.c.obj)
                              (--whole-archive)
zephyr/arch/arch/arm/core/libarch__arm__core.a(nmi_on_reset.S.obj)
                              (--whole-archive)
zephyr/arch/arch/arm/core/libarch__arm__core.a(tls.c.obj)
                              (--whole-archive)
zephyr/arch/arch/arm/core/cortex_m/libarch__arm__core__cortex_m.a(exc_exit.c.obj)
                              (--whole-archive)
zephyr/arch/arch/arm/core/cortex_m/libarch__arm__core__cortex_m.a(fault.c.obj)
                              (--whole-archive)
zephyr/arch/arch/arm/core/cortex_m/libarch__arm__core__cortex_m.a(fault_s.S.obj)
                              (--whole-archive)
zephyr/arch/arch/arm/core/cortex_m/libarch__arm__core__cortex_m.a(fpu.c.obj)
                              (--whole-archive)
zephyr/arch/arch/arm/core/cortex_m/libarch__arm__core__cortex_m.a(reset.S.obj)
                              (--whole-archive)
zephyr/arch/arch/arm/core/cortex_m/libarch__arm__core__cortex_m.a(scb.c.obj)
                              (--whole-archive)
zephyr/arch/arch/arm/core/cortex_m/libarch__arm__core__cortex_m.a(thread_abort.c.obj)
                              (--whole-archive)
zephyr/arch/arch/arm/core/cortex_m/libarch__arm__core__cortex_m.a(vector_table.S.obj)
                              (--whole-archive)
zephyr/arch/arch/arm/core/cortex_m/libarch__arm__core__cortex_m.a(swap.c.obj)
                              (--whole-archive)
zephyr/arch/arch/arm/core/cortex_m/libarch__arm__core__cortex_m.a(swap_helper.S.obj)
                              (--whole-archive)
zephyr/arch/arch/arm/core/cortex_m/libarch__arm__core__cortex_m.a(irq_manage.c.obj)
                              (--whole-archive)
zephyr/arch/arch/arm/core/cortex_m/libarch__arm__core__cortex_m.a(prep_c.c.obj)
                              (--whole-archive)
zephyr/arch/arch/arm/core/cortex_m/libarch__arm__core__cortex_m.a(thread.c.obj)
[...]
Memory Configuration

Name             Origin             Length             Attributes
FLASH            0x0000000000027000 0x00000000000c5000 xr
RAM              0x0000000020000000 0x0000000000040000 xw
IDT_LIST         0x00000000ffff7fff 0x0000000000008000 xw
*default*        0x0000000000000000 0xffffffffffffffff

Linker script and memory map

                0x0000000000032c0c                vfprintf = __l_vfprintf
                0x0000000000000000                vfscanf = __l_vfscanf
LOAD zephyr/CMakeFiles/zephyr_pre0.dir/misc/empty_file.c.obj
LOAD zephyr/CMakeFiles/offsets.dir/./arch/arm/core/offsets/offsets.c.obj
LOAD app/libapp.a
LOAD zephyr/libzephyr.a
LOAD zephyr/arch/common/libarch__common.a
LOAD zephyr/arch/arch/arm/core/libarch__arm__core.a
LOAD zephyr/arch/arch/arm/core/cortex_m/libarch__arm__core__cortex_m.a
LOAD zephyr/arch/arch/arm/core/mpu/libarch__arm__core__mpu.a
LOAD zephyr/lib/libc/picolibc/liblib__libc__picolibc.a
LOAD zephyr/lib/libc/common/liblib__libc__common.a
LOAD zephyr/soc/soc/nrf52840/libsoc__nordic.a
LOAD zephyr/subsys/modem/libsubsys__modem.a
LOAD zephyr/subsys/modem/backends/libsubsys__modem__backends.a
LOAD zephyr/drivers/usb/device/libdrivers__usb__device.a
LOAD zephyr/drivers/usb/common/nrf_usbd_common/libdrivers__usb__common__nrf_usbd_common.a
LOAD zephyr/drivers/clock_control/libdrivers__clock_control.a
LOAD zephyr/drivers/console/libdrivers__console.a
LOAD zephyr/drivers/gnss/libdrivers__gnss.a
LOAD zephyr/drivers/gpio/libdrivers__gpio.a
LOAD zephyr/drivers/hwinfo/libdrivers__hwinfo.a
LOAD zephyr/drivers/pinctrl/libdrivers__pinctrl.a
LOAD zephyr/drivers/serial/libdrivers__serial.a
LOAD zephyr/drivers/timer/libdrivers__timer.a
LOAD modules/nrf/drivers/hw_cc3xx/lib..__nrf__drivers__hw_cc3xx.a
LOAD modules/hal_nordic/nrfx/libmodules__hal_nordic__nrfx.a
LOAD zephyr/kernel/libkernel.a
LOAD c:/ncs/toolchains/ce3b5ff664/opt/zephyr-sdk/arm-zephyr-eabi/bin/../lib/gcc/arm-zephyr-eabi/12.2.0/thumb/v7e-m/nofp\libgcc.a
LOAD zephyr/arch/common/libisr_tables.a
LOAD C:/ncs/v2.7.0/nrfxlib/crypto/nrf_cc310_platform/lib/cortex-m4/soft-float/no-interrupts/libnrf_cc310_platform_0.9.19.a
LOAD c:\ncs\toolchains\ce3b5ff664\opt\zephyr-sdk\arm-zephyr-eabi\bin\../lib/gcc/../../picolibc/arm-zephyr-eabi/lib/thumb/v7e-m/nofp\libc.a
LOAD c:/ncs/toolchains/ce3b5ff664/opt/zephyr-sdk/arm-zephyr-eabi/bin/../lib/gcc/arm-zephyr-eabi/12.2.0/thumb/v7e-m/nofp\libgcc.a
                0x0000000000000020                _region_min_align = 0x20

.rel.plt        0x0000000000027000        0x0
 *(SORT_BY_ALIGNMENT(.rel.plt))
                [!provide]                        PROVIDE (__rel_iplt_start = .)
 *(SORT_BY_ALIGNMENT(.rel.iplt))
 .rel.iplt      0x0000000000027000        0x0 app/libapp.a(main.c.obj)
                [!provide]                        PROVIDE (__rel_iplt_end = .)

.rela.plt       0x0000000000000000        0x0
 *(SORT_BY_ALIGNMENT(.rela.plt))
                [!provide]                        PROVIDE (__rela_iplt_start = .)
 *(SORT_BY_ALIGNMENT(.rela.iplt))
                [!provide]                        PROVIDE (__rela_iplt_end = .)

.rel.dyn
 *(SORT_BY_ALIGNMENT(.rel.*))

.rela.dyn
 *(SORT_BY_ALIGNMENT(.rela.*))

/DISCARD/
 *(SORT_BY_ALIGNMENT(.plt))

/DISCARD/
 *(SORT_BY_ALIGNMENT(.iplt))
                0x0000000000027000                __rom_region_start = 0x27000

rom_start       0x0000000000027000      0x100
                0x0000000000027000                __rom_start_address = .
 FILL mask 0x00
                0x0000000000027000                . = (. + (0x0 - (. - __rom_start_address)))
                0x0000000000027000                . = ALIGN (0x4)
                0x0000000000027000                . = ALIGN (0x80)
                0x0000000000027000                . = ALIGN (0x100)
                0x0000000000027000                _vector_start = .
 *(SORT_BY_ALIGNMENT(.exc_vector_table))
 *(SORT_BY_ALIGNMENT(.exc_vector_table.*))
 .exc_vector_table._vector_table_section
                0x0000000000027000       0x40 zephyr/arch/arch/arm/core/cortex_m/libarch__arm__core__cortex_m.a(vector_table.S.obj)
                0x0000000000027000                _vector_table
 *(SORT_BY_ALIGNMENT(.vectors))
                0x0000000000027100                _vector_end = .
                0x0000000000027040                . = ALIGN (0x4)
 *(SORT_BY_ALIGNMENT(.gnu.linkonce.irq_vector_table*))
 .gnu.linkonce.irq_vector_table
                0x0000000000027040       0xc0 zephyr/arch/common/libisr_tables.a(isr_tables.c.obj)
                0x0000000000027040                _irq_vector_table
                0x0000000000027100                _vector_end = .

text            0x0000000000027100     0xec3c
                0x0000000000027100                __text_region_start = .
 *(SORT_BY_ALIGNMENT(.text))
 .text          0x0000000000027100       0xa0 c:/ncs/toolchains/ce3b5ff664/opt/zephyr-sdk/arm-zephyr-eabi/bin/../lib/gcc/arm-zephyr-eabi/12.2.0/thumb/v7e-m/nofp\libgcc.a(_aeabi_ldivmod.o)
                0x0000000000027100                __aeabi_ldivmod
 .text          0x00000000000271a0       0x30 c:/ncs/toolchains/ce3b5ff664/opt/zephyr-sdk/arm-zephyr-eabi/bin/../lib/gcc/arm-zephyr-eabi/12.2.0/thumb/v7e-m/nofp\libgcc.a(_aeabi_uldivmod.o)
                0x00000000000271a0                __aeabi_uldivmod
 .text          0x00000000000271d0        0x4 c:/ncs/toolchains/ce3b5ff664/opt/zephyr-sdk/arm-zephyr-eabi/bin/../lib/gcc/arm-zephyr-eabi/12.2.0/thumb/v7e-m/nofp\libgcc.a(_dvmd_tls.o)
                0x00000000000271d0                __aeabi_idiv0
                0x00000000000271d0                __aeabi_ldiv0
 .text          0x00000000000271d4      0x2a0 c:/ncs/toolchains/ce3b5ff664/opt/zephyr-sdk/arm-zephyr-eabi/bin/../lib/gcc/arm-zephyr-eabi/12.2.0/thumb/v7e-m/nofp\libgcc.a(_udivmoddi4.o)
                0x00000000000271d4                __udivmoddi4
 .text          0x0000000000027474       0x10 c:\ncs\toolchains\ce3b5ff664\opt\zephyr-sdk\arm-zephyr-eabi\bin\../lib/gcc/../../picolibc/arm-zephyr-eabi/lib/thumb/v7e-m/nofp\libc.a(strlen.S.o)
                0x0000000000027474                strlen
 *(SORT_BY_ALIGNMENT(.text.*))
 *fill*         0x0000000000027484        0x4 
 .text.gnss_dump_nav_data
                0x0000000000027488       0xfc zephyr/drivers/gnss/libdrivers__gnss.a(gnss_dump.c.obj)
                0x0000000000027488                gnss_dump_nav_data
 .text.gnss_data_cb
                0x0000000000027584       0x34 app/libapp.a(main.c.obj)
 .text.main     0x00000000000275b8       0x30 app/libapp.a(main.c.obj)
                0x00000000000275b8                main
 .text.cbvprintf_package
                0x00000000000275e8      0x3a4 zephyr/libzephyr.a(cbprintf_packaged.c.obj)
                0x00000000000275e8                cbvprintf_package
 .text.__printk_hook_install
                0x000000000002798c        0xc zephyr/libzephyr.a(printk.c.obj)
                0x000000000002798c                __printk_hook_install
 .text.z_thread_entry
                0x0000000000027998       0x34 zephyr/libzephyr.a(thread_entry.c.obj)
                0x0000000000027998                z_thread_entry
 .text.process_event
                0x00000000000279cc      0x21c zephyr/libzephyr.a(onoff.c.obj)
 .text.z_log_init.isra.0
                0x0000000000027be8       0xd0 zephyr/libzephyr.a(log_core.c.obj)
 .text.log_format_func_t_get
                0x0000000000027cb8        0xc zephyr/libzephyr.a(log_core.c.obj)
                0x0000000000027cb8                log_format_func_t_get
 .text.log_set_timestamp_func
                0x0000000000027cc4       0x20 zephyr/libzephyr.a(log_core.c.obj)
                0x0000000000027cc4                log_set_timestamp_func
 .text.log_core_init
                0x0000000000027ce4       0x28 zephyr/libzephyr.a(log_core.c.obj)
                0x0000000000027ce4                log_core_init
 .text.z_impl_log_panic
                0x0000000000027d0c       0x3c zephyr/libzephyr.a(log_core.c.obj)
                0x0000000000027d0c                z_impl_log_panic
 .text.z_log_dropped
                0x0000000000027d48       0x30 zephyr/libzephyr.a(log_core.c.obj)
                0x0000000000027d48                z_log_dropped
 .text.z_log_msg_commit
                0x0000000000027d78       0x38 zephyr/libzephyr.a(log_core.c.obj)
                0x0000000000027d78                z_log_msg_commit
 .text.log_source_name_get
                0x0000000000027db0       0x1c zephyr/libzephyr.a(log_mgmt.c.obj)
                0x0000000000027db0                log_source_name_get
 .text.log_backend_enable
                0x0000000000027dcc       0x28 zephyr/libzephyr.a(log_mgmt.c.obj)
                0x0000000000027dcc                log_backend_enable
 .text.z_log_msg_runtime_vcreate
                0x0000000000027df4       0x8c zephyr/libzephyr.a(log_msg.c.obj)
                0x0000000000027df4                z_log_msg_runtime_vcreate
 .text.log_msg_get_source_id
                0x0000000000027e80       0x18 zephyr/libzephyr.a(log_msg.c.obj)
                0x0000000000027e80                log_msg_get_source_id
 .text.print_formatted
                0x0000000000027e98       0x24 zephyr/libzephyr.a(log_output.c.obj)
 .text.newline_print
                0x0000000000027ebc       0x1c zephyr/libzephyr.a(log_output.c.obj)
 .text.log_output_process
                0x0000000000027ed8      0x2d4 zephyr/libzephyr.a(log_output.c.obj)
                0x0000000000027ed8                log_output_process
 .text.log_output_timestamp_freq_set
                0x00000000000281ac       0x2c zephyr/libzephyr.a(log_output.c.obj)
                0x00000000000281ac                log_output_timestamp_freq_set
 .text.char_out
                0x00000000000281d8       0x24 zephyr/libzephyr.a(log_backend_uart.c.obj)
 .text.mem_attr_get_regions
                0x00000000000281fc        0xc zephyr/libzephyr.a(mem_attr.c.obj)
                0x00000000000281fc                mem_attr_get_regions
 .text.usb_reset_alt_setting
                0x0000000000028208       0x10 zephyr/libzephyr.a(usb_device.c.obj)
 .text.is_ep_valid.part.0
                0x0000000000028218       0x38 zephyr/libzephyr.a(usb_device.c.obj)
 .text.usb_handle_request.constprop.0
                0x0000000000028250       0xb4 zephyr/libzephyr.a(usb_device.c.obj)
 .text.custom_handler
                0x0000000000028304       0x94 zephyr/libzephyr.a(usb_device.c.obj)
 .text.get_ep_bm_from_addr
                0x0000000000028398       0x40 zephyr/libzephyr.a(usb_device.c.obj)
 .text.disable_endpoint
                0x00000000000283d8       0x70 zephyr/libzephyr.a(usb_device.c.obj)
 .text.class_handler
                0x0000000000028448       0x80 zephyr/libzephyr.a(usb_device.c.obj)
 .text.vendor_handler
                0x00000000000284c8       0x6c zephyr/libzephyr.a(usb_device.c.obj)
 .text.forward_status_cb
                0x0000000000028534       0xb0 zephyr/libzephyr.a(usb_device.c.obj)
 .text.usb_halt_endpoint_req.isra.0
                0x00000000000285e4       0x90 zephyr/libzephyr.a(usb_device.c.obj)
 .text.reset_endpoint.isra.0
                0x0000000000028674       0x4c zephyr/libzephyr.a(usb_device.c.obj)
 .text.set_endpoint
                0x00000000000286c0      0x114 zephyr/libzephyr.a(usb_device.c.obj)
 .text.usb_handle_standard_request
                0x00000000000287d4      0x4f8 zephyr/libzephyr.a(usb_device.c.obj)
 .text.usb_write
                0x0000000000028ccc       0x58 zephyr/libzephyr.a(usb_device.c.obj)
                0x0000000000028ccc                usb_write
 .text.usb_data_to_host
                0x0000000000028d24       0x88 zephyr/libzephyr.a(usb_device.c.obj)
 .text.usb_handle_control_transfer
                0x0000000000028dac      0x1a8 zephyr/libzephyr.a(usb_device.c.obj)
 .text.usb_set_config
                0x0000000000028f54       0x2c zephyr/libzephyr.a(usb_device.c.obj)
                0x0000000000028f54                usb_set_config
 .text.usb_enable
                0x0000000000028f80      0x1f0 zephyr/libzephyr.a(usb_device.c.obj)
                0x0000000000028f80                usb_enable
 .text.usb_update_sn_string_descriptor
                0x0000000000029170       0xbc zephyr/libzephyr.a(usb_descriptor.c.obj)
                0x0000000000029170                usb_update_sn_string_descriptor
 .text.usb_get_device_descriptor
                0x000000000002922c      0x4a8 zephyr/libzephyr.a(usb_descriptor.c.obj)
                0x000000000002922c                usb_get_device_descriptor
 .text.usb_get_dev_data_by_cfg
                0x00000000000296d4       0x4c zephyr/libzephyr.a(usb_descriptor.c.obj)
                0x00000000000296d4                usb_get_dev_data_by_cfg
 .text.usb_get_dev_data_by_iface
                0x0000000000029720       0x50 zephyr/libzephyr.a(usb_descriptor.c.obj)
                0x0000000000029720                usb_get_dev_data_by_iface
 .text.usb_get_dev_data_by_ep
                0x0000000000029770       0x60 zephyr/libzephyr.a(usb_descriptor.c.obj)
                0x0000000000029770                usb_get_dev_data_by_ep
 .text.usb_ep_get_transfer
                0x00000000000297d0       0x2c zephyr/libzephyr.a(usb_transfer.c.obj)
 .text.usb_transfer_work
                0x00000000000297fc      0x1a8 zephyr/libzephyr.a(usb_transfer.c.obj)
 .text.usb_transfer_ep_callback
                0x00000000000299a4       0x78 zephyr/libzephyr.a(usb_transfer.c.obj)
                0x00000000000299a4                usb_transfer_ep_callback
 .text.usb_transfer
                0x0000000000029a1c      0x150 zephyr/libzephyr.a(usb_transfer.c.obj)
                0x0000000000029a1c                usb_transfer
 .text.usb_cancel_transfer
                0x0000000000029b6c       0x3c zephyr/libzephyr.a(usb_transfer.c.obj)
                0x0000000000029b6c                usb_cancel_transfer
 .text.usb_cancel_transfers
                0x0000000000029ba8       0x78 zephyr/libzephyr.a(usb_transfer.c.obj)
                0x0000000000029ba8                usb_cancel_transfers
 .text.usb_transfer_init
                0x0000000000029c20       0x34 zephyr/libzephyr.a(usb_transfer.c.obj)
                0x0000000000029c20                usb_transfer_init
 .text.cdc_acm_class_handle_req
                0x0000000000029c54       0x64 zephyr/libzephyr.a(cdc_acm.c.obj)
                0x0000000000029c54                cdc_acm_class_handle_req
 .text.cdc_acm_int_in
                0x0000000000029cb8       0x18 zephyr/libzephyr.a(cdc_acm.c.obj)
 .text.cdc_acm_irq_rx_enable
                0x0000000000029cd0       0x20 zephyr/libzephyr.a(cdc_acm.c.obj)
 .text.cdc_acm_irq_tx_enable
                0x0000000000029cf0       0x20 zephyr/libzephyr.a(cdc_acm.c.obj)
 .text.cdc_acm_write_cb
                0x0000000000029d10       0x54 zephyr/libzephyr.a(cdc_acm.c.obj)
 .text.cdc_acm_fifo_fill
                0x0000000000029d64       0x38 zephyr/libzephyr.a(cdc_acm.c.obj)
 .text.cdc_acm_reset_port
                0x0000000000029d9c       0x3c zephyr/libzephyr.a(cdc_acm.c.obj)
 .text.tx_work_handler
                0x0000000000029dd8       0x64 zephyr/libzephyr.a(cdc_acm.c.obj)
 .text.cdc_acm_init
                0x0000000000029e3c       0x48 zephyr/libzephyr.a(cdc_acm.c.obj)
 .text.cdc_acm_poll_out
                0x0000000000029e84       0x4c zephyr/libzephyr.a(cdc_acm.c.obj)
 .text.cdc_acm_read_cb
                0x0000000000029ed0       0x74 zephyr/libzephyr.a(cdc_acm.c.obj)
 .text.cdc_acm_dev_status_cb
                0x0000000000029f44       0x84 zephyr/libzephyr.a(cdc_acm.c.obj)
 .text.z_usb_work_q_init
                0x0000000000029fc8       0x34 zephyr/libzephyr.a(usb_work_q.c.obj)
 .text.boot_banner
                0x0000000000029ffc       0x1c zephyr/libzephyr.a(banner.c.obj)
                0x0000000000029ffc                boot_banner
 .text.nrf_cc3xx_platform_abort_init
                0x000000000002a018        0xc zephyr/libzephyr.a(nrf_cc3xx_platform_abort_zephyr.c.obj)
                0x000000000002a018                nrf_cc3xx_platform_abort_init
 .text.mutex_free_platform
                0x000000000002a024       0x54 zephyr/libzephyr.a(nrf_cc3xx_platform_mutex_zephyr.c.obj)
 .text.mutex_lock_platform
                0x000000000002a078       0x60 zephyr/libzephyr.a(nrf_cc3xx_platform_mutex_zephyr.c.obj)
 .text.mutex_unlock_platform
                0x000000000002a0d8       0x58 zephyr/libzephyr.a(nrf_cc3xx_platform_mutex_zephyr.c.obj)
 .text.mutex_init_platform
                0x000000000002a130       0x94 zephyr/libzephyr.a(nrf_cc3xx_platform_mutex_zephyr.c.obj)
 .text.nrf_cc3xx_platform_mutex_init
                0x000000000002a1c4       0x2c zephyr/libzephyr.a(nrf_cc3xx_platform_mutex_zephyr.c.obj)
                0x000000000002a1c4                nrf_cc3xx_platform_mutex_init
 .text.z_arm_fatal_error
                0x000000000002a1f0       0xc4 zephyr/arch/arch/arm/core/libarch__arm__core.a(fatal.c.obj)
                0x000000000002a1f0                z_arm_fatal_error
 .text.z_SysNmiOnReset
                0x000000000002a2b4        0x8 zephyr/arch/arch/arm/core/libarch__arm__core.a(nmi_on_reset.S.obj)
                0x000000000002a2b4                z_SysNmiOnReset
 .text.arch_tls_stack_setup
                0x000000000002a2bc       0x40 zephyr/arch/arch/arm/core/libarch__arm__core.a(tls.c.obj)
                0x000000000002a2bc                arch_tls_stack_setup
 .text._HandlerModeExit
                0x000000000002a2fc       0x28 zephyr/arch/arch/arm/core/cortex_m/libarch__arm__core__cortex_m.a(exc_exit.c.obj)
                0x000000000002a2fc                z_arm_int_exit
                0x000000000002a2fc                z_arm_exc_exit
 .text.bus_fault.constprop.0
                0x000000000002a324      0x13c zephyr/arch/arch/arm/core/cortex_m/libarch__arm__core__cortex_m.a(fault.c.obj)
 .text.usage_fault.constprop.0
                0x000000000002a460      0x108 zephyr/arch/arch/arm/core/cortex_m/libarch__arm__core__cortex_m.a(fault.c.obj)
 .text.mem_manage_fault
                0x000000000002a568      0x164 zephyr/arch/arch/arm/core/cortex_m/libarch__arm__core__cortex_m.a(fault.c.obj)
 .text.z_arm_fault
                0x000000000002a6cc      0x20c zephyr/arch/arch/arm/core/cortex_m/libarch__arm__core__cortex_m.a(fault.c.obj)
                0x000000000002a6cc                z_arm_fault
 .text.z_arm_fault_init
                0x000000000002a8d8       0x10 zephyr/arch/arch/arm/core/cortex_m/libarch__arm__core__cortex_m.a(fault.c.obj)
                0x000000000002a8d8                z_arm_fault_init
 .text.__fault  0x000000000002a8e8       0x14 zephyr/arch/arch/arm/core/cortex_m/libarch__arm__core__cortex_m.a(fault_s.S.obj)
                0x000000000002a8e8                z_arm_usage_fault
                0x000000000002a8e8                z_arm_mpu_fault
                0x000000000002a8e8                z_arm_exc_spurious
                0x000000000002a8e8                z_arm_debug_monitor
                0x000000000002a8e8                z_arm_hard_fault
                0x000000000002a8e8                z_arm_bus_fault
 .text._reset_section
                0x000000000002a8fc       0x54 zephyr/arch/arch/arm/core/cortex_m/libarch__arm__core__cortex_m.a(reset.S.obj)
                0x000000000002a8fc                __start
                0x000000000002a8fc                z_arm_reset
 .text.z_arm_clear_arm_mpu_config
                0x000000000002a950       0x24 zephyr/arch/arch/arm/core/cortex_m/libarch__arm__core__cortex_m.a(scb.c.obj)
                0x000000000002a950                z_arm_clear_arm_mpu_config
 .text.z_arm_init_arch_hw_at_boot
                0x000000000002a974       0x64 zephyr/arch/arch/arm/core/cortex_m/libarch__arm__core__cortex_m.a(scb.c.obj)
                0x000000000002a974                z_arm_init_arch_hw_at_boot
 .text.z_impl_k_thread_abort
                0x000000000002a9d8       0x2c zephyr/arch/arch/arm/core/cortex_m/libarch__arm__core__cortex_m.a(thread_abort.c.obj)
                0x000000000002a9d8                z_impl_k_thread_abort
 .text.arch_swap
                0x000000000002aa04       0x30 zephyr/arch/arch/arm/core/cortex_m/libarch__arm__core__cortex_m.a(swap.c.obj)
                0x000000000002aa04                arch_swap
 .text.z_arm_pendsv_c
                0x000000000002aa34       0x48 zephyr/arch/arch/arm/core/cortex_m/libarch__arm__core__cortex_m.a(swap.c.obj)
                0x000000000002aa34                z_arm_pendsv_c
 .text.z_arm_pendsv
                0x000000000002aa7c       0x34 zephyr/arch/arch/arm/core/cortex_m/libarch__arm__core__cortex_m.a(swap_helper.S.obj)
                0x000000000002aa7c                z_arm_pendsv
 .text.z_arm_svc
                0x000000000002aab0       0x20 zephyr/arch/arch/arm/core/cortex_m/libarch__arm__core__cortex_m.a(swap_helper.S.obj)
                0x000000000002aab0                z_arm_svc
 .text.arch_irq_enable
                0x000000000002aad0       0x1c zephyr/arch/arch/arm/core/cortex_m/libarch__arm__core__cortex_m.a(irq_manage.c.obj)
                0x000000000002aad0                arch_irq_enable
 .text.arch_irq_disable
                0x000000000002aaec       0x28 zephyr/arch/arch/arm/core/cortex_m/libarch__arm__core__cortex_m.a(irq_manage.c.obj)
                0x000000000002aaec                arch_irq_disable
 .text.arch_irq_is_enabled
                0x000000000002ab14       0x1c zephyr/arch/arch/arm/core/cortex_m/libarch__arm__core__cortex_m.a(irq_manage.c.obj)
                0x000000000002ab14                arch_irq_is_enabled
 .text.z_arm_irq_priority_set
                0x000000000002ab30       0x30 zephyr/arch/arch/arm/core/cortex_m/libarch__arm__core__cortex_m.a(irq_manage.c.obj)
                0x000000000002ab30                z_arm_irq_priority_set
 .text.z_prep_c
                0x000000000002ab60       0x38 zephyr/arch/arch/arm/core/cortex_m/libarch__arm__core__cortex_m.a(prep_c.c.obj)
                0x000000000002ab60                z_prep_c
 .text.arch_new_thread
                0x000000000002ab98       0x38 zephyr/arch/arch/arm/core/cortex_m/libarch__arm__core__cortex_m.a(thread.c.obj)
                0x000000000002ab98                arch_new_thread
 .text.z_check_thread_stack_fail
                0x000000000002abd0       0x2c zephyr/arch/arch/arm/core/cortex_m/libarch__arm__core__cortex_m.a(thread.c.obj)
                0x000000000002abd0                z_check_thread_stack_fail
 .text.arch_switch_to_main_thread
                0x000000000002abfc       0x44 zephyr/arch/arch/arm/core/cortex_m/libarch__arm__core__cortex_m.a(thread.c.obj)
                0x000000000002abfc                arch_switch_to_main_thread
 .text.z_arm_cpu_idle_init
                0x000000000002ac40        0xc zephyr/arch/arch/arm/core/cortex_m/libarch__arm__core__cortex_m.a(cpu_idle.c.obj)
                0x000000000002ac40                z_arm_cpu_idle_init
 .text.z_arm_interrupt_init
                0x000000000002ac4c       0x18 zephyr/arch/arch/arm/core/cortex_m/libarch__arm__core__cortex_m.a(irq_init.c.obj)
                0x000000000002ac4c                z_arm_interrupt_init
 .text._isr_wrapper
                0x000000000002ac64       0x24 zephyr/arch/arch/arm/core/cortex_m/libarch__arm__core__cortex_m.a(isr_wrapper.c.obj)
                0x000000000002ac64                _isr_wrapper
 .text.z_arm_configure_static_mpu_regions
                0x000000000002ac88       0x18 zephyr/arch/arch/arm/core/mpu/libarch__arm__core__mpu.a(arm_core_mpu.c.obj)
                0x000000000002ac88                z_arm_configure_static_mpu_regions
 .text.z_arm_configure_dynamic_mpu_regions
                0x000000000002aca0       0x20 zephyr/arch/arch/arm/core/mpu/libarch__arm__core__mpu.a(arm_core_mpu.c.obj)
                0x000000000002aca0                z_arm_configure_dynamic_mpu_regions
 .text.region_init
                0x000000000002acc0       0x60 zephyr/arch/arch/arm/core/mpu/libarch__arm__core__mpu.a(arm_mpu.c.obj)
 .text.region_allocate_and_init
                0x000000000002ad20       0x74 zephyr/arch/arch/arm/core/mpu/libarch__arm__core__mpu.a(arm_mpu.c.obj)
 .text.mpu_configure_regions
                0x000000000002ad94       0xac zephyr/arch/arch/arm/core/mpu/libarch__arm__core__mpu.a(arm_mpu.c.obj)
 .text.arm_core_mpu_enable
                0x000000000002ae40       0x18 zephyr/arch/arch/arm/core/mpu/libarch__arm__core__mpu.a(arm_mpu.c.obj)
                0x000000000002ae40                arm_core_mpu_enable
 .text.arm_core_mpu_disable
                0x000000000002ae58       0x14 zephyr/arch/arch/arm/core/mpu/libarch__arm__core__mpu.a(arm_mpu.c.obj)
                0x000000000002ae58                arm_core_mpu_disable
 .text.arm_core_mpu_configure_static_mpu_regions
                0x000000000002ae6c       0x14 zephyr/arch/arch/arm/core/mpu/libarch__arm__core__mpu.a(arm_mpu.c.obj)
                0x000000000002ae6c                arm_core_mpu_configure_static_mpu_regions
 .text.arm_core_mpu_configure_dynamic_mpu_regions
                0x000000000002ae80       0x38 zephyr/arch/arch/arm/core/mpu/libarch__arm__core__mpu.a(arm_mpu.c.obj)
                0x000000000002ae80                arm_core_mpu_configure_dynamic_mpu_regions
 .text.z_arm_mpu_init
                0x000000000002aeb8      0x190 zephyr/arch/arch/arm/core/mpu/libarch__arm__core__mpu.a(arm_mpu.c.obj)
                0x000000000002aeb8                z_arm_mpu_init
 .text.z_impl_zephyr_fputc
                0x000000000002b048       0x10 zephyr/lib/libc/picolibc/liblib__libc__picolibc.a(libc-hooks.c.obj)
                0x000000000002b048                z_impl_zephyr_fputc
 .text.__stdout_hook_install
                0x000000000002b058       0x18 zephyr/lib/libc/picolibc/liblib__libc__picolibc.a(libc-hooks.c.obj)
                0x000000000002b058                __stdout_hook_install
 .text.cbvprintf
                0x000000000002b070       0x38 zephyr/lib/libc/picolibc/liblib__libc__picolibc.a(libc-hooks.c.obj)
                0x000000000002b070                cbvprintf
 .text.malloc_prepare
                0x000000000002b0a8       0x24 zephyr/lib/libc/common/liblib__libc__common.a(malloc.c.obj)
 .text.malloc_lock
                0x000000000002b0cc       0x14 zephyr/lib/libc/common/liblib__libc__common.a(malloc.c.obj)
 .text.malloc_unlock
                0x000000000002b0e0        0xc zephyr/lib/libc/common/liblib__libc__common.a(malloc.c.obj)
 .text.malloc   0x000000000002b0ec       0x34 zephyr/lib/libc/common/liblib__libc__common.a(malloc.c.obj)
                0x000000000002b0ec                malloc
 .text.free     0x000000000002b120       0x1c zephyr/lib/libc/common/liblib__libc__common.a(malloc.c.obj)
                0x000000000002b120                free
 .text.nordicsemi_nrf52_init
                0x000000000002b13c       0x44 zephyr/soc/soc/nrf52840/libsoc__nordic.a(soc.c.obj)
 .text.arch_busy_wait
                0x000000000002b180       0x14 zephyr/soc/soc/nrf52840/libsoc__nordic.a(soc.c.obj)
                0x000000000002b180                arch_busy_wait
 .text.modem_chat_send_script_request_part
                0x000000000002b194       0x94 zephyr/subsys/modem/libsubsys__modem.a(modem_chat.c.obj)
 .text.modem_chat_script_stop
                0x000000000002b228       0xe0 zephyr/subsys/modem/libsubsys__modem.a(modem_chat.c.obj)
 .text.modem_chat_script_next
                0x000000000002b308       0xcc zephyr/subsys/modem/libsubsys__modem.a(modem_chat.c.obj)
 .text.modem_chat_on_command_received
                0x000000000002b3d4      0x124 zephyr/subsys/modem/libsubsys__modem.a(modem_chat.c.obj)
 .text.modem_chat_process_handler
                0x000000000002b4f8      0x31c zephyr/subsys/modem/libsubsys__modem.a(modem_chat.c.obj)
 .text.modem_chat_script_run_handler
                0x000000000002b814       0x8c zephyr/subsys/modem/libsubsys__modem.a(modem_chat.c.obj)
 .text.modem_chat_init
                0x000000000002b8a0       0xc0 zephyr/subsys/modem/libsubsys__modem.a(modem_chat.c.obj)
                0x000000000002b8a0                modem_chat_init
 .text.modem_chat_attach
                0x000000000002b960       0x24 zephyr/subsys/modem/libsubsys__modem.a(modem_chat.c.obj)
                0x000000000002b960                modem_chat_attach
 .text.modem_ubx_send_handler
                0x000000000002b984       0x3c zephyr/subsys/modem/libsubsys__modem.a(modem_ubx.c.obj)
 .text.modem_ubx_process_handler
                0x000000000002b9c0       0xec zephyr/subsys/modem/libsubsys__modem.a(modem_ubx.c.obj)
 .text.modem_ubx_run_script
                0x000000000002baac       0xd8 zephyr/subsys/modem/libsubsys__modem.a(modem_ubx.c.obj)
                0x000000000002baac                modem_ubx_run_script
 .text.modem_ubx_attach
                0x000000000002bb84       0x40 zephyr/subsys/modem/libsubsys__modem.a(modem_ubx.c.obj)
                0x000000000002bb84                modem_ubx_attach
 .text.modem_ubx_init
                0x000000000002bbc4       0x5c zephyr/subsys/modem/libsubsys__modem.a(modem_ubx.c.obj)
                0x000000000002bbc4                modem_ubx_init
 .text.modem_backend_uart_init
                0x000000000002bc20       0x4c zephyr/subsys/modem/backends/libsubsys__modem__backends.a(modem_backend_uart.c.obj)
                0x000000000002bc20                modem_backend_uart_init
 .text.z_log_msg_runtime_create.constprop.0
                0x000000000002bc6c       0x24 zephyr/subsys/modem/backends/libsubsys__modem__backends.a(modem_backend_uart_isr.c.obj)
 .text.modem_backend_uart_isr_irq_handler
                0x000000000002bc90      0x164 zephyr/subsys/modem/backends/libsubsys__modem__backends.a(modem_backend_uart_isr.c.obj)
 .text.modem_backend_uart_isr_init
                0x000000000002bdf4       0xac zephyr/subsys/modem/backends/libsubsys__modem__backends.a(modem_backend_uart_isr.c.obj)
                0x000000000002bdf4                modem_backend_uart_isr_init
 .text.modem_backend_uart_async_transmit
                0x000000000002bea0       0x8c zephyr/subsys/modem/backends/libsubsys__modem__backends.a(modem_backend_uart_async.c.obj)
 .text.modem_backend_uart_async_event_handler
                0x000000000002bf2c      0x1ec zephyr/subsys/modem/backends/libsubsys__modem__backends.a(modem_backend_uart_async.c.obj)
 .text.modem_backend_uart_async_is_supported
                0x000000000002c118       0x24 zephyr/subsys/modem/backends/libsubsys__modem__backends.a(modem_backend_uart_async.c.obj)
                0x000000000002c118                modem_backend_uart_async_is_supported
 .text.modem_backend_uart_async_init
                0x000000000002c13c       0x64 zephyr/subsys/modem/backends/libsubsys__modem__backends.a(modem_backend_uart_async.c.obj)
                0x000000000002c13c                modem_backend_uart_async_init
 .text.endpoint_ctx
                0x000000000002c1a0       0x60 zephyr/drivers/usb/device/libdrivers__usb__device.a(usb_dc_nrfx.c.obj)
 .text.usbd_work_schedule
                0x000000000002c200       0x10 zephyr/drivers/usb/device/libdrivers__usb__device.a(usb_dc_nrfx.c.obj)
 .text.usbd_evt_put
                0x000000000002c210        0xc zephyr/drivers/usb/device/libdrivers__usb__device.a(usb_dc_nrfx.c.obj)
 .text.usbd_evt_get
                0x000000000002c21c       0x10 zephyr/drivers/usb/device/libdrivers__usb__device.a(usb_dc_nrfx.c.obj)
 .text.usb_init
                0x000000000002c22c       0x98 zephyr/drivers/usb/device/libdrivers__usb__device.a(usb_dc_nrfx.c.obj)
 .text.hfxo_stop.constprop.0.isra.0
                0x000000000002c2c4       0x40 zephyr/drivers/usb/device/libdrivers__usb__device.a(usb_dc_nrfx.c.obj)
 .text.eps_ctx_init
                0x000000000002c304       0x68 zephyr/drivers/usb/device/libdrivers__usb__device.a(usb_dc_nrfx.c.obj)
 .text.usbd_evt_flush
                0x000000000002c36c       0x1c zephyr/drivers/usb/device/libdrivers__usb__device.a(usb_dc_nrfx.c.obj)
 .text.usbd_evt_alloc
                0x000000000002c388       0x7c zephyr/drivers/usb/device/libdrivers__usb__device.a(usb_dc_nrfx.c.obj)
 .text.usb_dc_power_event_handler
                0x000000000002c404       0x58 zephyr/drivers/usb/device/libdrivers__usb__device.a(usb_dc_nrfx.c.obj)
 .text.usbd_event_transfer_data
                0x000000000002c45c      0x15c zephyr/drivers/usb/device/libdrivers__usb__device.a(usb_dc_nrfx.c.obj)
 .text.usbd_event_handler
                0x000000000002c5b8      0x258 zephyr/drivers/usb/device/libdrivers__usb__device.a(usb_dc_nrfx.c.obj)
 .text.usbd_work_handler
                0x000000000002c810      0x4d4 zephyr/drivers/usb/device/libdrivers__usb__device.a(usb_dc_nrfx.c.obj)
 .text.usb_dc_attach
                0x000000000002cce4       0x64 zephyr/drivers/usb/device/libdrivers__usb__device.a(usb_dc_nrfx.c.obj)
                0x000000000002cce4                usb_dc_attach
 .text.usb_dc_set_address
                0x000000000002cd48       0x4c zephyr/drivers/usb/device/libdrivers__usb__device.a(usb_dc_nrfx.c.obj)
                0x000000000002cd48                usb_dc_set_address
 .text.usb_dc_ep_check_cap
                0x000000000002cd94       0xb0 zephyr/drivers/usb/device/libdrivers__usb__device.a(usb_dc_nrfx.c.obj)
                0x000000000002cd94                usb_dc_ep_check_cap
 .text.usb_dc_ep_configure
                0x000000000002ce44       0x68 zephyr/drivers/usb/device/libdrivers__usb__device.a(usb_dc_nrfx.c.obj)
                0x000000000002ce44                usb_dc_ep_configure
 .text.usb_dc_ep_set_stall
                0x000000000002ceac       0x9c zephyr/drivers/usb/device/libdrivers__usb__device.a(usb_dc_nrfx.c.obj)
                0x000000000002ceac                usb_dc_ep_set_stall
 .text.usb_dc_ep_clear_stall
                0x000000000002cf48       0x6c zephyr/drivers/usb/device/libdrivers__usb__device.a(usb_dc_nrfx.c.obj)
                0x000000000002cf48                usb_dc_ep_clear_stall
 .text.usb_dc_ep_is_stalled
                0x000000000002cfb4       0x38 zephyr/drivers/usb/device/libdrivers__usb__device.a(usb_dc_nrfx.c.obj)
                0x000000000002cfb4                usb_dc_ep_is_stalled
 .text.usb_dc_ep_enable
                0x000000000002cfec       0x80 zephyr/drivers/usb/device/libdrivers__usb__device.a(usb_dc_nrfx.c.obj)
                0x000000000002cfec                usb_dc_ep_enable
 .text.usb_dc_ep_disable
                0x000000000002d06c       0x60 zephyr/drivers/usb/device/libdrivers__usb__device.a(usb_dc_nrfx.c.obj)
                0x000000000002d06c                usb_dc_ep_disable
 .text.usb_dc_ep_write
                0x000000000002d0cc      0x150 zephyr/drivers/usb/device/libdrivers__usb__device.a(usb_dc_nrfx.c.obj)
                0x000000000002d0cc                usb_dc_ep_write
 .text.usb_dc_ep_read_wait
                0x000000000002d21c       0xbc zephyr/drivers/usb/device/libdrivers__usb__device.a(usb_dc_nrfx.c.obj)
                0x000000000002d21c                usb_dc_ep_read_wait
 .text.usb_dc_ep_read_continue
                0x000000000002d2d8       0xa4 zephyr/drivers/usb/device/libdrivers__usb__device.a(usb_dc_nrfx.c.obj)
                0x000000000002d2d8                usb_dc_ep_read_continue
 .text.usb_dc_ep_read
                0x000000000002d37c       0x58 zephyr/drivers/usb/device/libdrivers__usb__device.a(usb_dc_nrfx.c.obj)
                0x000000000002d37c                usb_dc_ep_read
 .text.usb_dc_ep_set_callback
                0x000000000002d3d4       0x28 zephyr/drivers/usb/device/libdrivers__usb__device.a(usb_dc_nrfx.c.obj)
                0x000000000002d3d4                usb_dc_ep_set_callback
 .text.usb_dc_set_status_callback
                0x000000000002d3fc        0xc zephyr/drivers/usb/device/libdrivers__usb__device.a(usb_dc_nrfx.c.obj)
                0x000000000002d3fc                usb_dc_set_status_callback
 .text.usb_dc_ep_mps
                0x000000000002d408       0x24 zephyr/drivers/usb/device/libdrivers__usb__device.a(usb_dc_nrfx.c.obj)
                0x000000000002d408                usb_dc_ep_mps
 .text.nrf52_errata_187
                0x000000000002d42c       0x28 zephyr/drivers/usb/common/nrf_usbd_common/libdrivers__usb__common__nrf_usbd_common.a(nrf_usbd_common.c.obj)
 .text.ep_state_access
                0x000000000002d454       0x20 zephyr/drivers/usb/common/nrf_usbd_common/libdrivers__usb__common__nrf_usbd_common.a(nrf_usbd_common.c.obj)
 .text.usbd_errata_187_211_begin
                0x000000000002d474       0x3c zephyr/drivers/usb/common/nrf_usbd_common/libdrivers__usb__common__nrf_usbd_common.a(nrf_usbd_common.c.obj)
 .text.usbd_errata_187_211_end
                0x000000000002d4b0       0x3c zephyr/drivers/usb/common/nrf_usbd_common/libdrivers__usb__common__nrf_usbd_common.a(nrf_usbd_common.c.obj)
 .text.usbd_dma_pending_clear
                0x000000000002d4ec       0x1c zephyr/drivers/usb/common/nrf_usbd_common/libdrivers__usb__common__nrf_usbd_common.a(nrf_usbd_common.c.obj)
 .text.nrf_usbd_common_uninit
                0x000000000002d508       0x14 zephyr/drivers/usb/common/nrf_usbd_common/libdrivers__usb__common__nrf_usbd_common.a(nrf_usbd_common.c.obj)
                0x000000000002d508                nrf_usbd_common_uninit
 .text.nrf_usbd_common_enable
                0x000000000002d51c      0x148 zephyr/drivers/usb/common/nrf_usbd_common/libdrivers__usb__common__nrf_usbd_common.a(nrf_usbd_common.c.obj)
                0x000000000002d51c                nrf_usbd_common_enable
 .text.nrf_usbd_common_start
                0x000000000002d664       0x38 zephyr/drivers/usb/common/nrf_usbd_common/libdrivers__usb__common__nrf_usbd_common.a(nrf_usbd_common.c.obj)
                0x000000000002d664                nrf_usbd_common_start
 .text.nrf_usbd_common_is_enabled
                0x000000000002d69c       0x14 zephyr/drivers/usb/common/nrf_usbd_common/libdrivers__usb__common__nrf_usbd_common.a(nrf_usbd_common.c.obj)
                0x000000000002d69c                nrf_usbd_common_is_enabled
 .text.nrf_usbd_common_suspend
                0x000000000002d6b0       0x50 zephyr/drivers/usb/common/nrf_usbd_common/libdrivers__usb__common__nrf_usbd_common.a(nrf_usbd_common.c.obj)
                0x000000000002d6b0                nrf_usbd_common_suspend
 .text.nrf_usbd_common_init
                0x000000000002d700       0x84 zephyr/drivers/usb/common/nrf_usbd_common/libdrivers__usb__common__nrf_usbd_common.a(nrf_usbd_common.c.obj)
                0x000000000002d700                nrf_usbd_common_init
 .text.nrf_usbd_common_ep_enable_check
                0x000000000002d784       0x28 zephyr/drivers/usb/common/nrf_usbd_common/libdrivers__usb__common__nrf_usbd_common.a(nrf_usbd_common.c.obj)
                0x000000000002d784                nrf_usbd_common_ep_enable_check
 .text.nrf_usbd_common_ep_transfer
                0x000000000002d7ac       0xe0 zephyr/drivers/usb/common/nrf_usbd_common/libdrivers__usb__common__nrf_usbd_common.a(nrf_usbd_common.c.obj)
                0x000000000002d7ac                nrf_usbd_common_ep_transfer
 .text.nrf_usbd_common_epout_size_get
                0x000000000002d88c       0x28 zephyr/drivers/usb/common/nrf_usbd_common/libdrivers__usb__common__nrf_usbd_common.a(nrf_usbd_common.c.obj)
                0x000000000002d88c                nrf_usbd_common_epout_size_get
 .text.nrf_usbd_common_irq_handler
                0x000000000002d8b4      0x6e4 zephyr/drivers/usb/common/nrf_usbd_common/libdrivers__usb__common__nrf_usbd_common.a(nrf_usbd_common.c.obj)
                0x000000000002d8b4                nrf_usbd_common_irq_handler
 .text.nrf_usbd_common_ep_stall
                0x000000000002df98       0x40 zephyr/drivers/usb/common/nrf_usbd_common/libdrivers__usb__common__nrf_usbd_common.a(nrf_usbd_common.c.obj)
                0x000000000002df98                nrf_usbd_common_ep_stall
 .text.nrf_usbd_common_ep_stall_check
                0x000000000002dfd8       0x34 zephyr/drivers/usb/common/nrf_usbd_common/libdrivers__usb__common__nrf_usbd_common.a(nrf_usbd_common.c.obj)
                0x000000000002dfd8                nrf_usbd_common_ep_stall_check
 .text.nrf_usbd_common_ep_dtoggle_clear
                0x000000000002e00c       0x14 zephyr/drivers/usb/common/nrf_usbd_common/libdrivers__usb__common__nrf_usbd_common.a(nrf_usbd_common.c.obj)
                0x000000000002e00c                nrf_usbd_common_ep_dtoggle_clear
 .text.nrf_usbd_common_setup_get
                0x000000000002e020       0x44 zephyr/drivers/usb/common/nrf_usbd_common/libdrivers__usb__common__nrf_usbd_common.a(nrf_usbd_common.c.obj)
                0x000000000002e020                nrf_usbd_common_setup_get
 .text.nrf_usbd_common_setup_data_clear
                0x000000000002e064        0xc zephyr/drivers/usb/common/nrf_usbd_common/libdrivers__usb__common__nrf_usbd_common.a(nrf_usbd_common.c.obj)
                0x000000000002e064                nrf_usbd_common_setup_data_clear
 .text.nrf_usbd_common_setup_clear
                0x000000000002e070       0x38 zephyr/drivers/usb/common/nrf_usbd_common/libdrivers__usb__common__nrf_usbd_common.a(nrf_usbd_common.c.obj)
                0x000000000002e070                nrf_usbd_common_setup_clear
 .text.nrf_usbd_common_setup_stall
                0x000000000002e0a8       0x38 zephyr/drivers/usb/common/nrf_usbd_common/libdrivers__usb__common__nrf_usbd_common.a(nrf_usbd_common.c.obj)
                0x000000000002e0a8                nrf_usbd_common_setup_stall
 .text.nrf_usbd_common_last_setup_dir_get
                0x000000000002e0e0        0xc zephyr/drivers/usb/common/nrf_usbd_common/libdrivers__usb__common__nrf_usbd_common.a(nrf_usbd_common.c.obj)
                0x000000000002e0e0                nrf_usbd_common_last_setup_dir_get
 .text.nrf_usbd_common_transfer_out_drop
                0x000000000002e0ec       0x4c zephyr/drivers/usb/common/nrf_usbd_common/libdrivers__usb__common__nrf_usbd_common.a(nrf_usbd_common.c.obj)
                0x000000000002e0ec                nrf_usbd_common_transfer_out_drop
 .text.usbd_ep_abort
                0x000000000002e138       0xf0 zephyr/drivers/usb/common/nrf_usbd_common/libdrivers__usb__common__nrf_usbd_common.a(nrf_usbd_common.c.obj)
 .text.nrf_usbd_common_ep_abort
                0x000000000002e228       0x34 zephyr/drivers/usb/common/nrf_usbd_common/libdrivers__usb__common__nrf_usbd_common.a(nrf_usbd_common.c.obj)
                0x000000000002e228                nrf_usbd_common_ep_abort
 .text.nrf_usbd_common_disable
                0x000000000002e25c       0xd4 zephyr/drivers/usb/common/nrf_usbd_common/libdrivers__usb__common__nrf_usbd_common.a(nrf_usbd_common.c.obj)
                0x000000000002e25c                nrf_usbd_common_disable
 .text.nrf_usbd_common_ep_disable
                0x000000000002e330       0x60 zephyr/drivers/usb/common/nrf_usbd_common/libdrivers__usb__common__nrf_usbd_common.a(nrf_usbd_common.c.obj)
                0x000000000002e330                nrf_usbd_common_ep_disable
 .text.nrf_usbd_common_ep_enable
                0x000000000002e390       0x70 zephyr/drivers/usb/common/nrf_usbd_common/libdrivers__usb__common__nrf_usbd_common.a(nrf_usbd_common.c.obj)
                0x000000000002e390                nrf_usbd_common_ep_enable
 .text.nrf_usbd_common_ep_stall_clear
                0x000000000002e400       0x20 zephyr/drivers/usb/common/nrf_usbd_common/libdrivers__usb__common__nrf_usbd_common.a(nrf_usbd_common.c.obj)
                0x000000000002e400                nrf_usbd_common_ep_stall_clear
 .text.onoff_stop
                0x000000000002e420       0x30 zephyr/drivers/clock_control/libdrivers__clock_control.a(clock_control_nrf.c.obj)
 .text.onoff_start
                0x000000000002e450       0x44 zephyr/drivers/clock_control/libdrivers__clock_control.a(clock_control_nrf.c.obj)
 .text.generic_hfclk_stop
                0x000000000002e494       0x34 zephyr/drivers/clock_control/libdrivers__clock_control.a(clock_control_nrf.c.obj)
 .text.clk_init
                0x000000000002e4c8       0x58 zephyr/drivers/clock_control/libdrivers__clock_control.a(clock_control_nrf.c.obj)
 .text.z_log_msg_runtime_create.constprop.0
                0x000000000002e520       0x28 zephyr/drivers/clock_control/libdrivers__clock_control.a(clock_control_nrf.c.obj)
 .text.api_blocking_start
                0x000000000002e548       0x34 zephyr/drivers/clock_control/libdrivers__clock_control.a(clock_control_nrf.c.obj)
 .text.clkstarted_handle.constprop.0
                0x000000000002e57c       0x88 zephyr/drivers/clock_control/libdrivers__clock_control.a(clock_control_nrf.c.obj)
 .text.clock_event_handler
                0x000000000002e604       0x1c zephyr/drivers/clock_control/libdrivers__clock_control.a(clock_control_nrf.c.obj)
 .text.generic_hfclk_start
                0x000000000002e620       0x78 zephyr/drivers/clock_control/libdrivers__clock_control.a(clock_control_nrf.c.obj)
 .text.z_nrf_clock_control_get_onoff
                0x000000000002e698       0x10 zephyr/drivers/clock_control/libdrivers__clock_control.a(clock_control_nrf.c.obj)
                0x000000000002e698                z_nrf_clock_control_get_onoff
 .text.z_nrf_clock_control_lf_on
                0x000000000002e6a8       0xfc zephyr/drivers/clock_control/libdrivers__clock_control.a(clock_control_nrf.c.obj)
                0x000000000002e6a8                z_nrf_clock_control_lf_on
 .text.uart_console_init
                0x000000000002e7a4       0x28 zephyr/drivers/console/libdrivers__console.a(uart_console.c.obj)
 .text.console_out
                0x000000000002e7cc       0x28 zephyr/drivers/console/libdrivers__console.a(uart_console.c.obj)
 .text.gnss_publish_data
                0x000000000002e7f4       0x48 zephyr/drivers/gnss/libdrivers__gnss.a(gnss_publish.c.obj)
                0x000000000002e7f4                gnss_publish_data
 .text.gnss_publish_satellites
                0x000000000002e83c       0x50 zephyr/drivers/gnss/libdrivers__gnss.a(gnss_publish.c.obj)
                0x000000000002e83c                gnss_publish_satellites
 .text.z_log_msg_runtime_create.constprop.0
                0x000000000002e88c       0x28 zephyr/drivers/gnss/libdrivers__gnss.a(gnss_dump.c.obj)
 .text.gnss_dump_info
                0x000000000002e8b4       0x60 zephyr/drivers/gnss/libdrivers__gnss.a(gnss_dump.c.obj)
                0x000000000002e8b4                gnss_dump_info
 .text.gnss_dump_time
                0x000000000002e914       0x34 zephyr/drivers/gnss/libdrivers__gnss.a(gnss_dump.c.obj)
                0x000000000002e914                gnss_dump_time
 .text.gnss_dump_data_to_log
                0x000000000002e948       0x98 zephyr/drivers/gnss/libdrivers__gnss.a(gnss_dump.c.obj)
 .text.gnss_dump_satellite
                0x000000000002e9e0       0xb4 zephyr/drivers/gnss/libdrivers__gnss.a(gnss_dump.c.obj)
                0x000000000002e9e0                gnss_dump_satellite
 .text.gnss_dump_satellites_to_log
                0x000000000002ea94       0x54 zephyr/drivers/gnss/libdrivers__gnss.a(gnss_dump.c.obj)
 .text.gnss_parse_dec_to_nano
                0x000000000002eae8       0xe8 zephyr/drivers/gnss/libdrivers__gnss.a(gnss_parse.c.obj)
                0x000000000002eae8                gnss_parse_dec_to_nano
 .text.gnss_parse_dec_to_milli
                0x000000000002ebd0       0x24 zephyr/drivers/gnss/libdrivers__gnss.a(gnss_parse.c.obj)
                0x000000000002ebd0                gnss_parse_dec_to_milli
 .text.gnss_nmea0183_ddmm_mmmm_to_ndeg
                0x000000000002ebf4       0xf8 zephyr/drivers/gnss/libdrivers__gnss.a(gnss_nmea0183.c.obj)
                0x000000000002ebf4                gnss_nmea0183_ddmm_mmmm_to_ndeg
 .text.gnss_nmea0183_knots_to_mms
                0x000000000002ecec       0x24 zephyr/drivers/gnss/libdrivers__gnss.a(gnss_nmea0183.c.obj)
                0x000000000002ecec                gnss_nmea0183_knots_to_mms
 .text.gnss_nmea0183_parse_hhmmss
                0x000000000002ed10       0x84 zephyr/drivers/gnss/libdrivers__gnss.a(gnss_nmea0183.c.obj)
                0x000000000002ed10                gnss_nmea0183_parse_hhmmss
 .text.gnss_nmea0183_parse_ddmmyy
                0x000000000002ed94       0x84 zephyr/drivers/gnss/libdrivers__gnss.a(gnss_nmea0183.c.obj)
                0x000000000002ed94                gnss_nmea0183_parse_ddmmyy
 .text.gnss_nmea0183_parse_rmc
                0x000000000002ee18       0xd4 zephyr/drivers/gnss/libdrivers__gnss.a(gnss_nmea0183.c.obj)
                0x000000000002ee18                gnss_nmea0183_parse_rmc
 .text.ubx_m10_get_enabled_systems
                0x000000000002eeec       0x78 zephyr/drivers/gnss/libdrivers__gnss.a(gnss_u_blox_m10.c.obj)
 .text.ubx_m10_get_navigation_mode
                0x000000000002ef64       0x5c zephyr/drivers/gnss/libdrivers__gnss.a(gnss_u_blox_m10.c.obj)
 .text.ubx_m10_set_enabled_systems
                0x000000000002efc0      0x164 zephyr/drivers/gnss/libdrivers__gnss.a(gnss_u_blox_m10.c.obj)
 .text.ubx_m10_set_navigation_mode
                0x000000000002f124       0x70 zephyr/drivers/gnss/libdrivers__gnss.a(gnss_u_blox_m10.c.obj)
 .text.ubx_m10_init
                0x000000000002f194      0x24c zephyr/drivers/gnss/libdrivers__gnss.a(gnss_u_blox_m10.c.obj)
 .text.ubx_create_and_validate_frame
                0x000000000002f3e0       0x8c zephyr/drivers/gnss/libdrivers__gnss.a(gnss_u_blox_protocol.c.obj)
                0x000000000002f3e0                ubx_create_and_validate_frame
 .text.ubx_cfg_prt_set_payload_default
                0x000000000002f46c       0x20 zephyr/drivers/gnss/libdrivers__gnss.a(gnss_u_blox_protocol.c.obj)
                0x000000000002f46c                ubx_cfg_prt_set_payload_default
 .text.ubx_cfg_nav5_payload_default
                0x000000000002f48c       0x30 zephyr/drivers/gnss/libdrivers__gnss.a(gnss_u_blox_protocol.c.obj)
                0x000000000002f48c                ubx_cfg_nav5_payload_default
 .text.ubx_cfg_gnss_payload_default
                0x000000000002f4bc       0x30 zephyr/drivers/gnss/libdrivers__gnss.a(gnss_u_blox_protocol.c.obj)
                0x000000000002f4bc                ubx_cfg_gnss_payload_default
 .text.gpio_nrfx_pin_interrupt_configure
                0x000000000002f4ec      0x100 zephyr/drivers/gpio/libdrivers__gpio.a(gpio_nrfx.c.obj)
 .text.gpio_nrfx_init
                0x000000000002f5ec       0x48 zephyr/drivers/gpio/libdrivers__gpio.a(gpio_nrfx.c.obj)
 .text.nrfx_gpio_handler
                0x000000000002f634       0x4c zephyr/drivers/gpio/libdrivers__gpio.a(gpio_nrfx.c.obj)
 .text.gpio_nrfx_pin_configure
                0x000000000002f680      0x18c zephyr/drivers/gpio/libdrivers__gpio.a(gpio_nrfx.c.obj)
 .text.nrf_gpio_pin_port_decode
                0x000000000002f80c       0x20 zephyr/drivers/pinctrl/libdrivers__pinctrl.a(pinctrl_nrf.c.obj)
 .text.pinctrl_configure_pins
                0x000000000002f82c      0x1a4 zephyr/drivers/pinctrl/libdrivers__pinctrl.a(pinctrl_nrf.c.obj)
                0x000000000002f82c                pinctrl_configure_pins
 .text.z_log_msg_runtime_create.constprop.0
                0x000000000002f9d0       0x24 zephyr/drivers/serial/libdrivers__serial.a(uart_nrfx_uarte.c.obj)
 .text.uarte_nrfx_configure
                0x000000000002f9f4      0x168 zephyr/drivers/serial/libdrivers__serial.a(uart_nrfx_uarte.c.obj)
 .text.uarte_0_init
                0x000000000002fb5c      0x104 zephyr/drivers/serial/libdrivers__serial.a(uart_nrfx_uarte.c.obj)
 .text.uarte_nrfx_poll_out
                0x000000000002fc60       0x98 zephyr/drivers/serial/libdrivers__serial.a(uart_nrfx_uarte.c.obj)
 .text.compare_int_lock
                0x000000000002fcf8       0x48 zephyr/drivers/timer/libdrivers__timer.a(nrf_rtc_timer.c.obj)
 .text.sys_clock_timeout_handler
                0x000000000002fd40       0x48 zephyr/drivers/timer/libdrivers__timer.a(nrf_rtc_timer.c.obj)
 .text.compare_int_unlock
                0x000000000002fd88       0x5c zephyr/drivers/timer/libdrivers__timer.a(nrf_rtc_timer.c.obj)
 .text.z_nrf_rtc_timer_read
                0x000000000002fde4       0x44 zephyr/drivers/timer/libdrivers__timer.a(nrf_rtc_timer.c.obj)
                0x000000000002fde4                z_nrf_rtc_timer_read
 .text.compare_set
                0x000000000002fe28      0x130 zephyr/drivers/timer/libdrivers__timer.a(nrf_rtc_timer.c.obj)
 .text.sys_clock_driver_init
                0x000000000002ff58       0x90 zephyr/drivers/timer/libdrivers__timer.a(nrf_rtc_timer.c.obj)
 .text.rtc_nrf_isr
                0x000000000002ffe8       0xd4 zephyr/drivers/timer/libdrivers__timer.a(nrf_rtc_timer.c.obj)
                0x000000000002ffe8                rtc_nrf_isr
 .text.sys_clock_set_timeout
                0x00000000000300bc       0x5c zephyr/drivers/timer/libdrivers__timer.a(nrf_rtc_timer.c.obj)
                0x00000000000300bc                sys_clock_set_timeout
 .text.sys_clock_elapsed
                0x0000000000030118       0x14 zephyr/drivers/timer/libdrivers__timer.a(nrf_rtc_timer.c.obj)
                0x0000000000030118                sys_clock_elapsed
 .text.nrf52_errata_98
                0x000000000003012c       0x24 modules/hal_nordic/nrfx/libmodules__hal_nordic__nrfx.a(system_nrf52840.c.obj)
 .text.nvmc_wait
                0x0000000000030150       0x10 modules/hal_nordic/nrfx/libmodules__hal_nordic__nrfx.a(system_nrf52840.c.obj)
                0x0000000000030150                nvmc_wait
 .text.SystemInit
                0x0000000000030160      0x1bc modules/hal_nordic/nrfx/libmodules__hal_nordic__nrfx.a(system_nrf52840.c.obj)
                0x0000000000030160                SystemInit
 .text.nrfx_flag32_alloc
                0x000000000003031c       0x48 modules/hal_nordic/nrfx/libmodules__hal_nordic__nrfx.a(nrfx_flag32_allocator.c.obj)
                0x000000000003031c                nrfx_flag32_alloc
 .text.nrfx_flag32_free
                0x0000000000030364       0x40 modules/hal_nordic/nrfx/libmodules__hal_nordic__nrfx.a(nrfx_flag32_allocator.c.obj)
                0x0000000000030364                nrfx_flag32_free
 .text.nrfx_gppi_channels_enable
                0x00000000000303a4        0xc modules/hal_nordic/nrfx/libmodules__hal_nordic__nrfx.a(nrfx_gppi_ppi.c.obj)
                0x00000000000303a4                nrfx_gppi_channels_enable
 .text.clock_stop
                0x00000000000303b0       0xc4 modules/hal_nordic/nrfx/libmodules__hal_nordic__nrfx.a(nrfx_clock.c.obj)
 .text.nrfx_clock_init
                0x0000000000030474       0x20 modules/hal_nordic/nrfx/libmodules__hal_nordic__nrfx.a(nrfx_clock.c.obj)
                0x0000000000030474                nrfx_clock_init
 .text.nrfx_clock_enable
                0x0000000000030494       0x30 modules/hal_nordic/nrfx/libmodules__hal_nordic__nrfx.a(nrfx_clock.c.obj)
                0x0000000000030494                nrfx_clock_enable
 .text.nrfx_clock_start
                0x00000000000304c4       0xa8 modules/hal_nordic/nrfx/libmodules__hal_nordic__nrfx.a(nrfx_clock.c.obj)
                0x00000000000304c4                nrfx_clock_start
 .text.nrfx_clock_irq_handler
                0x000000000003056c       0x68 modules/hal_nordic/nrfx/libmodules__hal_nordic__nrfx.a(nrfx_clock.c.obj)
                0x000000000003056c                nrfx_clock_irq_handler
 .text.nrf_gpio_pin_port_decode
                0x00000000000305d4       0x20 modules/hal_nordic/nrfx/libmodules__hal_nordic__nrfx.a(nrfx_gpiote.c.obj)
 .text.get_pin_idx
                0x00000000000305f4       0x14 modules/hal_nordic/nrfx/libmodules__hal_nordic__nrfx.a(nrfx_gpiote.c.obj)
 .text.call_handler.constprop.0
                0x0000000000030608       0x40 modules/hal_nordic/nrfx/libmodules__hal_nordic__nrfx.a(nrfx_gpiote.c.obj)
 .text.pin_te_get.constprop.0
                0x0000000000030648       0x18 modules/hal_nordic/nrfx/libmodules__hal_nordic__nrfx.a(nrfx_gpiote.c.obj)
 .text.pin_is_output.constprop.0
                0x0000000000030660       0x18 modules/hal_nordic/nrfx/libmodules__hal_nordic__nrfx.a(nrfx_gpiote.c.obj)
 .text.pin_in_use_by_te.constprop.0
                0x0000000000030678       0x18 modules/hal_nordic/nrfx/libmodules__hal_nordic__nrfx.a(nrfx_gpiote.c.obj)
 .text.latch_pending_read_and_check
                0x0000000000030690       0x40 modules/hal_nordic/nrfx/libmodules__hal_nordic__nrfx.a(nrfx_gpiote.c.obj)
 .text.release_handler.isra.0
                0x00000000000306d0       0x58 modules/hal_nordic/nrfx/libmodules__hal_nordic__nrfx.a(nrfx_gpiote.c.obj)
 .text.__nrfy_internal_gpiote_events_process.constprop.0
                0x0000000000030728       0x5c modules/hal_nordic/nrfx/libmodules__hal_nordic__nrfx.a(nrfx_gpiote.c.obj)
 .text.pin_uninit
                0x0000000000030784       0x80 modules/hal_nordic/nrfx/libmodules__hal_nordic__nrfx.a(nrfx_gpiote.c.obj)
 .text.nrfx_gpiote_input_configure
                0x0000000000030804      0x174 modules/hal_nordic/nrfx/libmodules__hal_nordic__nrfx.a(nrfx_gpiote.c.obj)
                0x0000000000030804                nrfx_gpiote_input_configure
 .text.nrfx_gpiote_output_configure
                0x0000000000030978       0xfc modules/hal_nordic/nrfx/libmodules__hal_nordic__nrfx.a(nrfx_gpiote.c.obj)
                0x0000000000030978                nrfx_gpiote_output_configure
 .text.nrfx_gpiote_global_callback_set
                0x0000000000030a74        0xc modules/hal_nordic/nrfx/libmodules__hal_nordic__nrfx.a(nrfx_gpiote.c.obj)
                0x0000000000030a74                nrfx_gpiote_global_callback_set
 .text.nrfx_gpiote_channel_get
                0x0000000000030a80       0x34 modules/hal_nordic/nrfx/libmodules__hal_nordic__nrfx.a(nrfx_gpiote.c.obj)
                0x0000000000030a80                nrfx_gpiote_channel_get
 .text.nrfx_gpiote_init
                0x0000000000030ab4       0x68 modules/hal_nordic/nrfx/libmodules__hal_nordic__nrfx.a(nrfx_gpiote.c.obj)
                0x0000000000030ab4                nrfx_gpiote_init
 .text.nrfx_gpiote_init_check
                0x0000000000030b1c       0x14 modules/hal_nordic/nrfx/libmodules__hal_nordic__nrfx.a(nrfx_gpiote.c.obj)
                0x0000000000030b1c                nrfx_gpiote_init_check
 .text.nrfx_gpiote_channel_free
                0x0000000000030b30        0xc modules/hal_nordic/nrfx/libmodules__hal_nordic__nrfx.a(nrfx_gpiote.c.obj)
                0x0000000000030b30                nrfx_gpiote_channel_free
 .text.nrfx_gpiote_channel_alloc
                0x0000000000030b3c        0xc modules/hal_nordic/nrfx/libmodules__hal_nordic__nrfx.a(nrfx_gpiote.c.obj)
                0x0000000000030b3c                nrfx_gpiote_channel_alloc
 .text.nrfx_gpiote_trigger_enable
                0x0000000000030b48       0xb0 modules/hal_nordic/nrfx/libmodules__hal_nordic__nrfx.a(nrfx_gpiote.c.obj)
                0x0000000000030b48                nrfx_gpiote_trigger_enable
 .text.nrfx_gpiote_0_irq_handler
                0x0000000000030bf8      0x1bc modules/hal_nordic/nrfx/libmodules__hal_nordic__nrfx.a(nrfx_gpiote.c.obj)
                0x0000000000030bf8                nrfx_gpiote_0_irq_handler
 .text.nrfx_power_init
                0x0000000000030db4       0x74 modules/hal_nordic/nrfx/libmodules__hal_nordic__nrfx.a(nrfx_power.c.obj)
                0x0000000000030db4                nrfx_power_init
 .text.nrfx_power_usbevt_uninit
                0x0000000000030e28       0x18 modules/hal_nordic/nrfx/libmodules__hal_nordic__nrfx.a(nrfx_power.c.obj)
                0x0000000000030e28                nrfx_power_usbevt_uninit
 .text.nrfx_power_usbevt_init
                0x0000000000030e40       0x14 modules/hal_nordic/nrfx/libmodules__hal_nordic__nrfx.a(nrfx_power.c.obj)
                0x0000000000030e40                nrfx_power_usbevt_init
 .text.nrfx_power_irq_handler
                0x0000000000030e54       0xa0 modules/hal_nordic/nrfx/libmodules__hal_nordic__nrfx.a(nrfx_power.c.obj)
                0x0000000000030e54                nrfx_power_irq_handler
 .text.nrfx_ppi_channel_alloc
                0x0000000000030ef4        0xc modules/hal_nordic/nrfx/libmodules__hal_nordic__nrfx.a(nrfx_ppi.c.obj)
                0x0000000000030ef4                nrfx_ppi_channel_alloc
 .text.k_sys_fatal_error_handler
                0x0000000000030f00       0x2c zephyr/kernel/libkernel.a(fatal.c.obj)
                0x0000000000030f00                k_sys_fatal_error_handler
 .text.z_fatal_error
                0x0000000000030f2c       0xcc zephyr/kernel/libkernel.a(fatal.c.obj)
                0x0000000000030f2c                z_fatal_error
 .text.z_sys_init_run_level
                0x0000000000030ff8       0x2c zephyr/kernel/libkernel.a(init.c.obj)
 .text.bg_thread_main
                0x0000000000031024       0xc0 zephyr/kernel/libkernel.a(init.c.obj)
 .text.z_bss_zero
                0x00000000000310e4       0x18 zephyr/kernel/libkernel.a(init.c.obj)
                0x00000000000310e4                z_bss_zero
 .text.z_init_cpu
                0x00000000000310fc       0x70 zephyr/kernel/libkernel.a(init.c.obj)
                0x00000000000310fc                z_init_cpu
 .text.z_cstart
                0x000000000003116c       0xe0 zephyr/kernel/libkernel.a(init.c.obj)
                0x000000000003116c                z_cstart
 .text.init_mem_slab_obj_core_list
                0x000000000003124c       0x24 zephyr/kernel/libkernel.a(mem_slab.c.obj)
 .text.k_mem_slab_alloc
                0x0000000000031270       0x5c zephyr/kernel/libkernel.a(mem_slab.c.obj)
                0x0000000000031270                k_mem_slab_alloc
 .text.adjust_owner_prio
                0x00000000000312cc       0x68 zephyr/kernel/libkernel.a(mutex.c.obj)
 .text.z_impl_k_mutex_lock
                0x0000000000031334      0x1e4 zephyr/kernel/libkernel.a(mutex.c.obj)
                0x0000000000031334                z_impl_k_mutex_lock
 .text.z_impl_k_mutex_unlock
                0x0000000000031518       0xdc zephyr/kernel/libkernel.a(mutex.c.obj)
                0x0000000000031518                z_impl_k_mutex_unlock
 .text.z_impl_k_queue_get
                0x00000000000315f4       0x64 zephyr/kernel/libkernel.a(queue.c.obj)
                0x00000000000315f4                z_impl_k_queue_get
 .text.z_impl_k_sem_give
                0x0000000000031658       0x48 zephyr/kernel/libkernel.a(sem.c.obj)
                0x0000000000031658                z_impl_k_sem_give
 .text.z_impl_k_sem_take
                0x00000000000316a0       0x4c zephyr/kernel/libkernel.a(sem.c.obj)
                0x00000000000316a0                z_impl_k_sem_take
 .text.z_impl_k_sem_reset
                0x00000000000316ec       0x38 zephyr/kernel/libkernel.a(sem.c.obj)
                0x00000000000316ec                z_impl_k_sem_reset
 .text.work_queue_main
                0x0000000000031724      0x144 zephyr/kernel/libkernel.a(work.c.obj)
 .text.cancel_sync_locked
                0x0000000000031868       0x3c zephyr/kernel/libkernel.a(work.c.obj)
 .text.submit_to_queue_locked
                0x00000000000318a4       0xb4 zephyr/kernel/libkernel.a(work.c.obj)
 .text.k_work_submit
                0x0000000000031958        0xc zephyr/kernel/libkernel.a(work.c.obj)
                0x0000000000031958                k_work_submit
 .text.k_work_queue_start
                0x0000000000031964       0x7c zephyr/kernel/libkernel.a(work.c.obj)
                0x0000000000031964                k_work_queue_start
 .text.k_work_schedule_for_queue
                0x00000000000319e0       0x54 zephyr/kernel/libkernel.a(work.c.obj)
                0x00000000000319e0                k_work_schedule_for_queue
 .text.k_work_schedule
                0x0000000000031a34        0xc zephyr/kernel/libkernel.a(work.c.obj)
                0x0000000000031a34                k_work_schedule
 .text.k_work_reschedule_for_queue
                0x0000000000031a40       0x5c zephyr/kernel/libkernel.a(work.c.obj)
                0x0000000000031a40                k_work_reschedule_for_queue
 .text.k_work_reschedule
                0x0000000000031a9c        0xc zephyr/kernel/libkernel.a(work.c.obj)
                0x0000000000031a9c                k_work_reschedule
 .text.z_impl_k_condvar_signal
                0x0000000000031aa8       0x38 zephyr/kernel/libkernel.a(condvar.c.obj)
                0x0000000000031aa8                z_impl_k_condvar_signal
 .text.z_impl_k_condvar_wait
                0x0000000000031ae0       0x4c zephyr/kernel/libkernel.a(condvar.c.obj)
                0x0000000000031ae0                z_impl_k_condvar_wait
 .text.z_log_msg_runtime_create.constprop.0
                0x0000000000031b2c       0x28 zephyr/kernel/libkernel.a(thread.c.obj)
 .text.z_setup_new_thread
                0x0000000000031b54       0xd4 zephyr/kernel/libkernel.a(thread.c.obj)
                0x0000000000031b54                z_setup_new_thread
 .text.z_impl_k_thread_create
                0x0000000000031c28       0x58 zephyr/kernel/libkernel.a(thread.c.obj)
                0x0000000000031c28                z_impl_k_thread_create
 .text.update_cache
                0x0000000000031c80       0x3c zephyr/kernel/libkernel.a(sched.c.obj)
 .text.unready_thread
                0x0000000000031cbc       0x30 zephyr/kernel/libkernel.a(sched.c.obj)
 .text.ready_thread
                0x0000000000031cec       0x68 zephyr/kernel/libkernel.a(sched.c.obj)
 .text.z_thread_halt
                0x0000000000031d54       0xd8 zephyr/kernel/libkernel.a(sched.c.obj)
 .text.move_thread_to_end_of_prio_q
                0x0000000000031e2c       0x74 zephyr/kernel/libkernel.a(sched.c.obj)
                0x0000000000031e2c                move_thread_to_end_of_prio_q
 .text.z_pend_curr
                0x0000000000031ea0       0x58 zephyr/kernel/libkernel.a(sched.c.obj)
                0x0000000000031ea0                z_pend_curr
 .text.z_thread_prio_set
                0x0000000000031ef8       0x88 zephyr/kernel/libkernel.a(sched.c.obj)
                0x0000000000031ef8                z_thread_prio_set
 .text.z_reschedule
                0x0000000000031f80       0x24 zephyr/kernel/libkernel.a(sched.c.obj)
                0x0000000000031f80                z_reschedule
 .text.z_sched_start
                0x0000000000031fa4       0x3c zephyr/kernel/libkernel.a(sched.c.obj)
                0x0000000000031fa4                z_sched_start
 .text.z_reschedule_irqlock
                0x0000000000031fe0       0x28 zephyr/kernel/libkernel.a(sched.c.obj)
                0x0000000000031fe0                z_reschedule_irqlock
 .text.k_sched_lock
                0x0000000000032008       0x28 zephyr/kernel/libkernel.a(sched.c.obj)
                0x0000000000032008                k_sched_lock
 .text.k_sched_unlock
                0x0000000000032030       0x74 zephyr/kernel/libkernel.a(sched.c.obj)
                0x0000000000032030                k_sched_unlock
 .text.z_sched_init
                0x00000000000320a4       0x10 zephyr/kernel/libkernel.a(sched.c.obj)
                0x00000000000320a4                z_sched_init
 .text.z_impl_k_yield
                0x00000000000320b4       0x7c zephyr/kernel/libkernel.a(sched.c.obj)
                0x00000000000320b4                z_impl_k_yield
 .text.z_tick_sleep
                0x0000000000032130       0xb8 zephyr/kernel/libkernel.a(sched.c.obj)
 .text.z_impl_k_sleep
                0x00000000000321e8       0x3c zephyr/kernel/libkernel.a(sched.c.obj)
                0x00000000000321e8                z_impl_k_sleep
 .text.z_impl_k_usleep
                0x0000000000032224       0x3c zephyr/kernel/libkernel.a(sched.c.obj)
                0x0000000000032224                z_impl_k_usleep
 .text.z_impl_k_sched_current_thread_query
                0x0000000000032260        0xc zephyr/kernel/libkernel.a(sched.c.obj)
                0x0000000000032260                z_impl_k_sched_current_thread_query
 .text.z_sched_wait
                0x000000000003226c       0x24 zephyr/kernel/libkernel.a(sched.c.obj)
                0x000000000003226c                z_sched_wait
 .text.slice_timeout
                0x0000000000032290       0x20 zephyr/kernel/libkernel.a(timeslicing.c.obj)
 .text.thread_is_sliceable
                0x00000000000322b0       0x3c zephyr/kernel/libkernel.a(timeslicing.c.obj)
                0x00000000000322b0                thread_is_sliceable
 .text.z_reset_time_slice
                0x00000000000322ec       0x50 zephyr/kernel/libkernel.a(timeslicing.c.obj)
                0x00000000000322ec                z_reset_time_slice
 .text.z_time_slice
                0x000000000003233c       0x60 zephyr/kernel/libkernel.a(timeslicing.c.obj)
                0x000000000003233c                z_time_slice
 .text.z_data_copy
                0x000000000003239c       0x34 zephyr/kernel/libkernel.a(xip.c.obj)
                0x000000000003239c                z_data_copy
 .text.elapsed  0x00000000000323d0       0x14 zephyr/kernel/libkernel.a(timeout.c.obj)
 .text.remove_timeout
                0x00000000000323e4       0x38 zephyr/kernel/libkernel.a(timeout.c.obj)
 .text.next_timeout
                0x000000000003241c       0x40 zephyr/kernel/libkernel.a(timeout.c.obj)
 .text.z_add_timeout
                0x000000000003245c       0xf4 zephyr/kernel/libkernel.a(timeout.c.obj)
                0x000000000003245c                z_add_timeout
 .text.sys_clock_announce
                0x0000000000032550       0xd0 zephyr/kernel/libkernel.a(timeout.c.obj)
                0x0000000000032550                sys_clock_announce
 .text.sys_clock_tick_get
                0x0000000000032620       0x30 zephyr/kernel/libkernel.a(timeout.c.obj)
                0x0000000000032620                sys_clock_tick_get
 .text.z_thread_aligned_alloc
                0x0000000000032650       0x40 zephyr/kernel/libkernel.a(mempool.c.obj)
                0x0000000000032650                z_thread_aligned_alloc
 .text.statics_init
                0x0000000000032690       0x24 zephyr/kernel/libkernel.a(kheap.c.obj)
 .text.k_sys_work_q_init
                0x00000000000326b4       0x34 zephyr/kernel/libkernel.a(system_work_q.c.obj)
 .text.nrf_cc3xx_platform_init_no_rng
                0x00000000000326e8       0x38 C:/ncs/v2.7.0/nrfxlib/crypto/nrf_cc310_platform/lib/cortex-m4/soft-float/no-interrupts/libnrf_cc310_platform_0.9.19.a(nrf_cc3xx_platform.c.obj)
                0x00000000000326e8                nrf_cc3xx_platform_init_no_rng
 .text.nrf_cc3xx_platform_abort
                0x0000000000032720       0x24 C:/ncs/v2.7.0/nrfxlib/crypto/nrf_cc310_platform/lib/cortex-m4/soft-float/no-interrupts/libnrf_cc310_platform_0.9.19.a(nrf_cc3xx_platform_abort.c.obj)
 .text.CC_PalAbort
                0x0000000000032744       0x34 C:/ncs/v2.7.0/nrfxlib/crypto/nrf_cc310_platform/lib/cortex-m4/soft-float/no-interrupts/libnrf_cc310_platform_0.9.19.a(nrf_cc3xx_platform_abort.c.obj)
                0x0000000000032744                CC_PalAbort
 .text.nrf_cc3xx_platform_set_abort
                0x0000000000032778       0x10 C:/ncs/v2.7.0/nrfxlib/crypto/nrf_cc310_platform/lib/cortex-m4/soft-float/no-interrupts/libnrf_cc310_platform_0.9.19.a(nrf_cc3xx_platform_abort.c.obj)
                0x0000000000032778                nrf_cc3xx_platform_set_abort
 .text.mutex_free
                0x0000000000032788       0x34 C:/ncs/v2.7.0/nrfxlib/crypto/nrf_cc310_platform/lib/cortex-m4/soft-float/no-interrupts/libnrf_cc310_platform_0.9.19.a(nrf_cc3xx_platform_mutex.c.obj)
 .text.mutex_lock
                0x00000000000327bc       0x48 C:/ncs/v2.7.0/nrfxlib/crypto/nrf_cc310_platform/lib/cortex-m4/soft-float/no-interrupts/libnrf_cc310_platform_0.9.19.a(nrf_cc3xx_platform_mutex.c.obj)
 .text.mutex_unlock
                0x0000000000032804       0x38 C:/ncs/v2.7.0/nrfxlib/crypto/nrf_cc310_platform/lib/cortex-m4/soft-float/no-interrupts/libnrf_cc310_platform_0.9.19.a(nrf_cc3xx_platform_mutex.c.obj)
 .text.mutex_init
                0x000000000003283c       0x20 C:/ncs/v2.7.0/nrfxlib/crypto/nrf_cc310_platform/lib/cortex-m4/soft-float/no-interrupts/libnrf_cc310_platform_0.9.19.a(nrf_cc3xx_platform_mutex.c.obj)
 .text.nrf_cc3xx_platform_set_mutexes
                0x000000000003285c       0x74 C:/ncs/v2.7.0/nrfxlib/crypto/nrf_cc310_platform/lib/cortex-m4/soft-float/no-interrupts/libnrf_cc310_platform_0.9.19.a(nrf_cc3xx_platform_mutex.c.obj)
                0x000000000003285c                nrf_cc3xx_platform_set_mutexes
 .text.CC_LibInitNoRng
                0x00000000000328d0       0x64 C:/ncs/v2.7.0/nrfxlib/crypto/nrf_cc310_platform/lib/cortex-m4/soft-float/no-interrupts/libnrf_cc310_platform_0.9.19.a(cc_lib.c.obj)
                0x00000000000328d0                CC_LibInitNoRng
 .text.CC_HalInit
                0x0000000000032934        0x4 C:/ncs/v2.7.0/nrfxlib/crypto/nrf_cc310_platform/lib/cortex-m4/soft-float/no-interrupts/libnrf_cc310_platform_0.9.19.a(cc_hal.c.obj)
                0x0000000000032934                CC_HalInit
 .text.CC_HalTerminate
                0x0000000000032938        0x4 C:/ncs/v2.7.0/nrfxlib/crypto/nrf_cc310_platform/lib/cortex-m4/soft-float/no-interrupts/libnrf_cc310_platform_0.9.19.a(cc_hal.c.obj)
                0x0000000000032938                CC_HalTerminate
 .text.CC_HalMaskInterrupt
                0x000000000003293c        0xc C:/ncs/v2.7.0/nrfxlib/crypto/nrf_cc310_platform/lib/cortex-m4/soft-float/no-interrupts/libnrf_cc310_platform_0.9.19.a(cc_hal.c.obj)
                0x000000000003293c                CC_HalMaskInterrupt
 .text.CC_PalInit
                0x0000000000032948       0x5c C:/ncs/v2.7.0/nrfxlib/crypto/nrf_cc310_platform/lib/cortex-m4/soft-float/no-interrupts/libnrf_cc310_platform_0.9.19.a(cc_pal.c.obj)
                0x0000000000032948                CC_PalInit
 .text.CC_PalTerminate
                0x00000000000329a4       0x34 C:/ncs/v2.7.0/nrfxlib/crypto/nrf_cc310_platform/lib/cortex-m4/soft-float/no-interrupts/libnrf_cc310_platform_0.9.19.a(cc_pal.c.obj)
                0x00000000000329a4                CC_PalTerminate
 .text.CC_PalDmaInit
                0x00000000000329d8        0x4 C:/ncs/v2.7.0/nrfxlib/crypto/nrf_cc310_platform/lib/cortex-m4/soft-float/no-interrupts/libnrf_cc310_platform_0.9.19.a(cc_pal_dma.c.obj)
                0x00000000000329d8                CC_PalDmaInit
 .text.CC_PalDmaTerminate
                0x00000000000329dc        0x4 C:/ncs/v2.7.0/nrfxlib/crypto/nrf_cc310_platform/lib/cortex-m4/soft-float/no-interrupts/libnrf_cc310_platform_0.9.19.a(cc_pal_dma.c.obj)
                0x00000000000329dc                CC_PalDmaTerminate
 .text.CC_PalMutexCreate
                0x00000000000329e0       0x14 C:/ncs/v2.7.0/nrfxlib/crypto/nrf_cc310_platform/lib/cortex-m4/soft-float/no-interrupts/libnrf_cc310_platform_0.9.19.a(cc_pal_mutex.c.obj)
                0x00000000000329e0                CC_PalMutexCreate
 .text.CC_PalMutexDestroy
                0x00000000000329f4       0x14 C:/ncs/v2.7.0/nrfxlib/crypto/nrf_cc310_platform/lib/cortex-m4/soft-float/no-interrupts/libnrf_cc310_platform_0.9.19.a(cc_pal_mutex.c.obj)
                0x00000000000329f4                CC_PalMutexDestroy
 .text.CC_PalPowerSaveModeInit
                0x0000000000032a08       0x3c C:/ncs/v2.7.0/nrfxlib/crypto/nrf_cc310_platform/lib/cortex-m4/soft-float/no-interrupts/libnrf_cc310_platform_0.9.19.a(cc_pal_pm.c.obj)
                0x0000000000032a08                CC_PalPowerSaveModeInit
 .text.CC_PalPowerSaveModeSelect
                0x0000000000032a44       0x84 C:/ncs/v2.7.0/nrfxlib/crypto/nrf_cc310_platform/lib/cortex-m4/soft-float/no-interrupts/libnrf_cc310_platform_0.9.19.a(cc_pal_pm.c.obj)
                0x0000000000032a44                CC_PalPowerSaveModeSelect
 .text.snprintf
                0x0000000000032ac8       0x58 c:\ncs\toolchains\ce3b5ff664\opt\zephyr-sdk\arm-zephyr-eabi\bin\../lib/gcc/../../picolibc/arm-zephyr-eabi/lib/thumb/v7e-m/nofp\libc.a(libc_tinystdio_snprintf.c.o)
                0x0000000000032ac8                snprintf
 .text.strtol   0x0000000000032b20       0xec c:\ncs\toolchains\ce3b5ff664\opt\zephyr-sdk\arm-zephyr-eabi\bin\../lib/gcc/../../picolibc/arm-zephyr-eabi/lib/thumb/v7e-m/nofp\libc.a(libc_tinystdio_strtol.c.o)
                0x0000000000032b20                strtol
 .text.__l_vfprintf
                0x0000000000032c0c      0x4b8 c:\ncs\toolchains\ce3b5ff664\opt\zephyr-sdk\arm-zephyr-eabi\bin\../lib/gcc/../../picolibc/arm-zephyr-eabi/lib/thumb/v7e-m/nofp\libc.a(libc_tinystdio_vflprintf.c.o)
                0x0000000000032c0c                __l_vfprintf
 .text._OffsetAbsSyms
                0x00000000000330c4        0x2 zephyr/CMakeFiles/offsets.dir/./arch/arm/core/offsets/offsets.c.obj
                0x00000000000330c4                _OffsetAbsSyms
 .text.z_log_msg_runtime_create.constprop.0
                0x00000000000330c6       0x20 app/libapp.a(main.c.obj)
 .text.chunk_size
                0x00000000000330e6        0xa zephyr/libzephyr.a(heap.c.obj)
 .text.free_list_add
                0x00000000000330f0       0x4e zephyr/libzephyr.a(heap.c.obj)
 .text.free_list_remove_bidx
                0x000000000003313e       0x3a zephyr/libzephyr.a(heap.c.obj)
 .text.free_list_remove
                0x0000000000033178       0x1a zephyr/libzephyr.a(heap.c.obj)
 .text.alloc_chunk
                0x0000000000033192       0x6e zephyr/libzephyr.a(heap.c.obj)
 .text.merge_chunks
                0x0000000000033200       0x2c zephyr/libzephyr.a(heap.c.obj)
 .text.split_chunks
                0x000000000003322c       0x34 zephyr/libzephyr.a(heap.c.obj)
 .text.free_chunk
                0x0000000000033260       0x62 zephyr/libzephyr.a(heap.c.obj)
 .text.sys_heap_free
                0x00000000000332c2       0x1e zephyr/libzephyr.a(heap.c.obj)
                0x00000000000332c2                sys_heap_free
 .text.sys_heap_alloc
                0x00000000000332e0       0x52 zephyr/libzephyr.a(heap.c.obj)
                0x00000000000332e0                sys_heap_alloc
 .text.sys_heap_aligned_alloc
                0x0000000000033332       0xd0 zephyr/libzephyr.a(heap.c.obj)
                0x0000000000033332                sys_heap_aligned_alloc
 .text.sys_heap_init
                0x0000000000033402       0x7a zephyr/libzephyr.a(heap.c.obj)
                0x0000000000033402                sys_heap_init
 .text.cbpprintf_external
                0x000000000003347c       0x62 zephyr/libzephyr.a(cbprintf_packaged.c.obj)
                0x000000000003347c                cbpprintf_external
 .text.arch_printk_char_out
                0x00000000000334de        0x4 zephyr/libzephyr.a(printk.c.obj)
                0x00000000000334de                arch_printk_char_out
 .text.printk   0x00000000000334e2       0x1a zephyr/libzephyr.a(printk.c.obj)
                0x00000000000334e2                printk
 .text.sys_slist_find_and_remove
                0x00000000000334fc       0x36 zephyr/libzephyr.a(onoff.c.obj)
 .text.process_recheck
                0x0000000000033532       0x38 zephyr/libzephyr.a(onoff.c.obj)
 .text.validate_args
                0x000000000003356a       0x20 zephyr/libzephyr.a(onoff.c.obj)
 .text.notify_one
                0x000000000003358a       0x2c zephyr/libzephyr.a(onoff.c.obj)
 .text.transition_complete
                0x00000000000335b6       0x1a zephyr/libzephyr.a(onoff.c.obj)
 .text.onoff_manager_init
                0x00000000000335d0       0x26 zephyr/libzephyr.a(onoff.c.obj)
                0x00000000000335d0                onoff_manager_init
 .text.onoff_request
                0x00000000000335f6       0xae zephyr/libzephyr.a(onoff.c.obj)
                0x00000000000335f6                onoff_request
 .text.onoff_release
                0x00000000000336a4       0x48 zephyr/libzephyr.a(onoff.c.obj)
                0x00000000000336a4                onoff_release
 .text.onoff_cancel
                0x00000000000336ec       0x36 zephyr/libzephyr.a(onoff.c.obj)
                0x00000000000336ec                onoff_cancel
 .text.sys_notify_validate
                0x0000000000033722       0x22 zephyr/libzephyr.a(notify.c.obj)
                0x0000000000033722                sys_notify_validate
 .text.sys_notify_finalize
                0x0000000000033744       0x1a zephyr/libzephyr.a(notify.c.obj)
                0x0000000000033744                sys_notify_finalize
 .text.ring_buf_put_claim
                0x000000000003375e       0x3e zephyr/libzephyr.a(ring_buffer.c.obj)
                0x000000000003375e                ring_buf_put_claim
 .text.ring_buf_put_finish
                0x000000000003379c       0x2a zephyr/libzephyr.a(ring_buffer.c.obj)
                0x000000000003379c                ring_buf_put_finish
 .text.ring_buf_put
                0x00000000000337c6       0x3e zephyr/libzephyr.a(ring_buffer.c.obj)
                0x00000000000337c6                ring_buf_put
 .text.ring_buf_get_claim
                0x0000000000033804       0x40 zephyr/libzephyr.a(ring_buffer.c.obj)
                0x0000000000033804                ring_buf_get_claim
 .text.ring_buf_get_finish
                0x0000000000033844       0x2a zephyr/libzephyr.a(ring_buffer.c.obj)
                0x0000000000033844                ring_buf_get_finish
 .text.ring_buf_get
                0x000000000003386e       0x40 zephyr/libzephyr.a(ring_buffer.c.obj)
                0x000000000003386e                ring_buf_get
 .text._ConfigAbsSyms
                0x00000000000338ae        0x2 zephyr/libzephyr.a(configs.c.obj)
                0x00000000000338ae                _ConfigAbsSyms
 .text.dummy_timestamp
                0x00000000000338b0        0x4 zephyr/libzephyr.a(log_core.c.obj)
 .text.default_get_timestamp
                0x00000000000338b4        0x4 zephyr/libzephyr.a(log_core.c.obj)
 .text.atomic_inc
                0x00000000000338b8       0x1a zephyr/libzephyr.a(log_core.c.obj)
 .text.enable_logger
                0x00000000000338d2        0xe zephyr/libzephyr.a(log_core.c.obj)
 .text.z_log_vprintk
                0x00000000000338e0       0x1c zephyr/libzephyr.a(log_core.c.obj)
                0x00000000000338e0                z_log_vprintk
 .text.z_log_notify_backend_enabled
                0x00000000000338fc        0x2 zephyr/libzephyr.a(log_core.c.obj)
                0x00000000000338fc                z_log_notify_backend_enabled
 .text.z_log_get_tag
                0x00000000000338fe        0x4 zephyr/libzephyr.a(log_core.c.obj)
                0x00000000000338fe                z_log_get_tag
 .text.z_log_msg_finalize
                0x0000000000033902       0x32 zephyr/libzephyr.a(log_msg.c.obj)
                0x0000000000033902                z_log_msg_finalize
 .text.out_func
                0x0000000000033934       0x1c zephyr/libzephyr.a(log_output.c.obj)
 .text.cr_out_func
                0x0000000000033950       0x1c zephyr/libzephyr.a(log_output.c.obj)
 .text.buffer_write
                0x000000000003396c       0x1c zephyr/libzephyr.a(log_output.c.obj)
 .text.log_output_flush
                0x0000000000033988       0x1a zephyr/libzephyr.a(log_output.c.obj)
                0x0000000000033988                log_output_flush
 .text.log_output_msg_process
                0x00000000000339a2       0x6a zephyr/libzephyr.a(log_output.c.obj)
                0x00000000000339a2                log_output_msg_process
 .text.format_set
                0x0000000000033a0c        0xc zephyr/libzephyr.a(log_backend_uart.c.obj)
 .text.log_backend_uart_init
                0x0000000000033a18        0xc zephyr/libzephyr.a(log_backend_uart.c.obj)
 .text.panic    0x0000000000033a24       0x10 zephyr/libzephyr.a(log_backend_uart.c.obj)
 .text.process  0x0000000000033a34       0x1e zephyr/libzephyr.a(log_backend_uart.c.obj)
 .text.z_log_msg_runtime_create.constprop.0
                0x0000000000033a52       0x20 zephyr/libzephyr.a(usb_device.c.obj)
 .text.usb_device_init
                0x0000000000033a72        0x6 zephyr/libzephyr.a(usb_device.c.obj)
 .text.z_log_msg_runtime_create.constprop.0
                0x0000000000033a78       0x20 zephyr/libzephyr.a(usb_descriptor.c.obj)
 .text.z_log_msg_runtime_create.constprop.0
                0x0000000000033a98       0x20 zephyr/libzephyr.a(usb_transfer.c.obj)
 .text.usb_transfer_is_busy
                0x0000000000033ab8       0x16 zephyr/libzephyr.a(usb_transfer.c.obj)
                0x0000000000033ab8                usb_transfer_is_busy
 .text.cdc_interface_config
                0x0000000000033ace       0x14 zephyr/libzephyr.a(cdc_acm.c.obj)
 .text.cdc_acm_irq_callback_work_handler
                0x0000000000033ae2        0xa zephyr/libzephyr.a(cdc_acm.c.obj)
 .text.cdc_acm_irq_tx_disable
                0x0000000000033aec        0xa zephyr/libzephyr.a(cdc_acm.c.obj)
 .text.cdc_acm_irq_tx_ready
                0x0000000000033af6        0xe zephyr/libzephyr.a(cdc_acm.c.obj)
 .text.cdc_acm_irq_rx_disable
                0x0000000000033b04        0xa zephyr/libzephyr.a(cdc_acm.c.obj)
 .text.cdc_acm_irq_rx_ready
                0x0000000000033b0e        0x8 zephyr/libzephyr.a(cdc_acm.c.obj)
 .text.cdc_acm_irq_is_pending
                0x0000000000033b16       0x1e zephyr/libzephyr.a(cdc_acm.c.obj)
 .text.cdc_acm_irq_update
                0x0000000000033b34        0x4 zephyr/libzephyr.a(cdc_acm.c.obj)
 .text.cdc_acm_irq_callback_set
                0x0000000000033b38        0x8 zephyr/libzephyr.a(cdc_acm.c.obj)
 .text.cdc_acm_configure
                0x0000000000033b40       0x18 zephyr/libzephyr.a(cdc_acm.c.obj)
 .text.cdc_acm_config_get
                0x0000000000033b58       0x5c zephyr/libzephyr.a(cdc_acm.c.obj)
 .text.cdc_acm_fifo_read
                0x0000000000033bb4       0x54 zephyr/libzephyr.a(cdc_acm.c.obj)
 .text.cdc_acm_poll_in
                0x0000000000033c08       0x12 zephyr/libzephyr.a(cdc_acm.c.obj)
 .text.abort_function
                0x0000000000033c1a        0x2 zephyr/libzephyr.a(nrf_cc3xx_platform_abort_zephyr.c.obj)
 .text.z_log_msg_runtime_create.constprop.0
                0x0000000000033c1c       0x20 zephyr/arch/arch/arm/core/libarch__arm__core.a(fatal.c.obj)
 .text.z_do_kernel_oops
                0x0000000000033c3c        0x8 zephyr/arch/arch/arm/core/libarch__arm__core.a(fatal.c.obj)
                0x0000000000033c3c                z_do_kernel_oops
 .text.z_arm_nmi
                0x0000000000033c44        0xe zephyr/arch/arch/arm/core/libarch__arm__core.a(nmi.c.obj)
                0x0000000000033c44                z_arm_nmi
 .text.z_log_msg_runtime_create.constprop.0
                0x0000000000033c52       0x20 zephyr/arch/arch/arm/core/cortex_m/libarch__arm__core__cortex_m.a(fault.c.obj)
 .text.z_irq_spurious
                0x0000000000033c72        0x8 zephyr/arch/arch/arm/core/cortex_m/libarch__arm__core__cortex_m.a(irq_manage.c.obj)
                0x0000000000033c72                z_irq_spurious
 .text.arch_irq_unlock_outlined
                0x0000000000033c7a        0xe zephyr/arch/arch/arm/core/cortex_m/libarch__arm__core__cortex_m.a(thread.c.obj)
                0x0000000000033c7a                arch_irq_unlock_outlined
 .text.arch_cpu_idle
                0x0000000000033c88       0x1a zephyr/arch/arch/arm/core/cortex_m/libarch__arm__core__cortex_m.a(cpu_idle.c.obj)
                0x0000000000033c88                arch_cpu_idle
 .text.arch_cpu_atomic_idle
                0x0000000000033ca2       0x1e zephyr/arch/arch/arm/core/cortex_m/libarch__arm__core__cortex_m.a(cpu_idle.c.obj)
                0x0000000000033ca2                arch_cpu_atomic_idle
 .text.size_to_mpu_rasr_size
                0x0000000000033cc0       0x20 zephyr/arch/arch/arm/core/mpu/libarch__arm__core__mpu.a(arm_mpu.c.obj)
 .text.z_log_msg_runtime_create.constprop.0
                0x0000000000033ce0       0x20 zephyr/arch/arch/arm/core/mpu/libarch__arm__core__mpu.a(arm_mpu.c.obj)
 .text.cbputc   0x0000000000033d00        0xc zephyr/lib/libc/picolibc/liblib__libc__picolibc.a(libc-hooks.c.obj)
 .text.picolibc_put
                0x0000000000033d0c        0xa zephyr/lib/libc/picolibc/liblib__libc__picolibc.a(libc-hooks.c.obj)
 .text.modem_chat_pipe_callback
                0x0000000000033d16       0x18 zephyr/subsys/modem/libsubsys__modem.a(modem_chat.c.obj)
 .text.modem_chat_script_chat_schedule_send_timeout
                0x0000000000033d2e       0x36 zephyr/subsys/modem/libsubsys__modem.a(modem_chat.c.obj)
 .text.z_log_msg_runtime_create.constprop.0
                0x0000000000033d64       0x20 zephyr/subsys/modem/libsubsys__modem.a(modem_chat.c.obj)
 .text.modem_chat_script_abort_handler
                0x0000000000033d84       0x10 zephyr/subsys/modem/libsubsys__modem.a(modem_chat.c.obj)
 .text.modem_chat_script_timeout_handler
                0x0000000000033d94        0x8 zephyr/subsys/modem/libsubsys__modem.a(modem_chat.c.obj)
 .text.modem_chat_script_send_timeout_handler
                0x0000000000033d9c       0x10 zephyr/subsys/modem/libsubsys__modem.a(modem_chat.c.obj)
 .text.modem_chat_script_send_handler
                0x0000000000033dac       0x7e zephyr/subsys/modem/libsubsys__modem.a(modem_chat.c.obj)
 .text.modem_chat_release
                0x0000000000033e2a       0x84 zephyr/subsys/modem/libsubsys__modem.a(modem_chat.c.obj)
                0x0000000000033e2a                modem_chat_release
 .text.k_mutex_lock.constprop.0.isra.0
                0x0000000000033eae        0x4 zephyr/subsys/modem/libsubsys__modem.a(modem_pipe.c.obj)
 .text.k_mutex_unlock.isra.0
                0x0000000000033eb2        0x4 zephyr/subsys/modem/libsubsys__modem.a(modem_pipe.c.obj)
 .text.modem_pipe_init
                0x0000000000033eb6       0x32 zephyr/subsys/modem/libsubsys__modem.a(modem_pipe.c.obj)
                0x0000000000033eb6                modem_pipe_init
 .text.modem_pipe_open
                0x0000000000033ee8       0x60 zephyr/subsys/modem/libsubsys__modem.a(modem_pipe.c.obj)
                0x0000000000033ee8                modem_pipe_open
 .text.modem_pipe_attach
                0x0000000000033f48       0x4e zephyr/subsys/modem/libsubsys__modem.a(modem_pipe.c.obj)
                0x0000000000033f48                modem_pipe_attach
 .text.modem_pipe_transmit
                0x0000000000033f96       0x4e zephyr/subsys/modem/libsubsys__modem.a(modem_pipe.c.obj)
                0x0000000000033f96                modem_pipe_transmit
 .text.modem_pipe_receive
                0x0000000000033fe4       0x4e zephyr/subsys/modem/libsubsys__modem.a(modem_pipe.c.obj)
                0x0000000000033fe4                modem_pipe_receive
 .text.modem_pipe_release
                0x0000000000034032       0x26 zephyr/subsys/modem/libsubsys__modem.a(modem_pipe.c.obj)
                0x0000000000034032                modem_pipe_release
 .text.modem_pipe_close
                0x0000000000034058       0x5e zephyr/subsys/modem/libsubsys__modem.a(modem_pipe.c.obj)
                0x0000000000034058                modem_pipe_close
 .text.modem_pipe_notify_opened
                0x00000000000340b6       0x42 zephyr/subsys/modem/libsubsys__modem.a(modem_pipe.c.obj)
                0x00000000000340b6                modem_pipe_notify_opened
 .text.modem_pipe_notify_closed
                0x00000000000340f8       0x48 zephyr/subsys/modem/libsubsys__modem.a(modem_pipe.c.obj)
                0x00000000000340f8                modem_pipe_notify_closed
 .text.modem_pipe_notify_receive_ready
                0x0000000000034140       0x38 zephyr/subsys/modem/libsubsys__modem.a(modem_pipe.c.obj)
                0x0000000000034140                modem_pipe_notify_receive_ready
 .text.modem_pipe_notify_transmit_idle
                0x0000000000034178       0x38 zephyr/subsys/modem/libsubsys__modem.a(modem_pipe.c.obj)
                0x0000000000034178                modem_pipe_notify_transmit_idle
 .text.modem_ubx_pipe_callback
                0x00000000000341b0        0xe zephyr/subsys/modem/libsubsys__modem.a(modem_ubx.c.obj)
 .text.z_log_msg_runtime_create.constprop.0
                0x00000000000341be       0x1e zephyr/subsys/modem/libsubsys__modem.a(modem_ubx.c.obj)
 .text.modem_ubx_create_frame
                0x00000000000341dc       0x62 zephyr/subsys/modem/libsubsys__modem.a(modem_ubx.c.obj)
                0x00000000000341dc                modem_ubx_create_frame
 .text.modem_ubx_release
                0x000000000003423e       0x5a zephyr/subsys/modem/libsubsys__modem.a(modem_ubx.c.obj)
                0x000000000003423e                modem_ubx_release
 .text.modem_backend_uart_transmit_idle_handler
                0x0000000000034298        0x6 zephyr/subsys/modem/backends/libsubsys__modem__backends.a(modem_backend_uart.c.obj)
 .text.modem_backend_uart_receive_ready_handler
                0x000000000003429e        0x6 zephyr/subsys/modem/backends/libsubsys__modem__backends.a(modem_backend_uart.c.obj)
 .text.z_impl_uart_irq_tx_enable
                0x00000000000342a4        0xa zephyr/subsys/modem/backends/libsubsys__modem__backends.a(modem_backend_uart_isr.c.obj)
 .text.z_impl_uart_irq_rx_enable
                0x00000000000342ae        0xa zephyr/subsys/modem/backends/libsubsys__modem__backends.a(modem_backend_uart_isr.c.obj)
 .text.uart_irq_tx_disable
                0x00000000000342b8        0xa zephyr/subsys/modem/backends/libsubsys__modem__backends.a(modem_backend_uart_isr.c.obj)
 .text.uart_irq_rx_disable
                0x00000000000342c2        0xa zephyr/subsys/modem/backends/libsubsys__modem__backends.a(modem_backend_uart_isr.c.obj)
 .text.modem_backend_uart_isr_close
                0x00000000000342cc       0x1c zephyr/subsys/modem/backends/libsubsys__modem__backends.a(modem_backend_uart_isr.c.obj)
 .text.modem_backend_uart_isr_receive
                0x00000000000342e8       0x66 zephyr/subsys/modem/backends/libsubsys__modem__backends.a(modem_backend_uart_isr.c.obj)
 .text.modem_backend_uart_isr_transmit
                0x000000000003434e       0x5e zephyr/subsys/modem/backends/libsubsys__modem__backends.a(modem_backend_uart_isr.c.obj)
 .text.modem_backend_uart_isr_open
                0x00000000000343ac       0x7a zephyr/subsys/modem/backends/libsubsys__modem__backends.a(modem_backend_uart_isr.c.obj)
 .text.modem_backend_uart_async_receive
                0x0000000000034426       0x3e zephyr/subsys/modem/backends/libsubsys__modem__backends.a(modem_backend_uart_async.c.obj)
 .text.modem_backend_uart_async_notify_closed
                0x0000000000034464        0x6 zephyr/subsys/modem/backends/libsubsys__modem__backends.a(modem_backend_uart_async.c.obj)
 .text.z_log_msg_runtime_create.constprop.0
                0x000000000003446a       0x1e zephyr/subsys/modem/backends/libsubsys__modem__backends.a(modem_backend_uart_async.c.obj)
 .text.atomic_clear_bit